warning[LOCALE002]: /Users/ianzepp/work/faberlang/worktrees/pgc-a4/gradus/src/block_verify.fab:15
  | ⁨import from "gradus:dtype" dtype⁩
warning[LOCALE002]: /Users/ianzepp/work/faberlang/worktrees/pgc-a4/gradus/src/block_verify.fab:101
  | ⁨        const kv.KVCache layer ← self.checkpoint.layers().get(0) coalesce kv.default()⁩
warning[LOCALE002]: /Users/ianzepp/work/faberlang/worktrees/pgc-a4/gradus/src/block_verify.fab:119
  | ⁨    const kv.KVCache first ← checkpoint.layers().get(0) coalesce kv.default()⁩
warning[LOCALE002]: /Users/ianzepp/work/faberlang/worktrees/pgc-a4/gradus/src/block_verify.fab:190
  | ⁨    if dtype.name(a.dtype()) ≠ dtype.name(b.dtype()) then return false⁩
warning[LOCALE002]: /Users/ianzepp/work/faberlang/worktrees/pgc-a4/gradus/src/block_verify.fab:190
  | ⁨    if dtype.name(a.dtype()) ≠ dtype.name(b.dtype()) then return false⁩
warning[LOCALE002]: /Users/ianzepp/work/faberlang/worktrees/pgc-a4/gradus/src/block_verify.fab:190
  | ⁨    if dtype.name(a.dtype()) ≠ dtype.name(b.dtype()) then return false⁩
warning[LOCALE002]: /Users/ianzepp/work/faberlang/worktrees/pgc-a4/gradus/src/block_verify.fab:190
  | ⁨    if dtype.name(a.dtype()) ≠ dtype.name(b.dtype()) then return false⁩
warning[LOCALE002]: /Users/ianzepp/work/faberlang/worktrees/pgc-a4/gradus/src/block_verify.fab:203
  | ⁨        const tensor.NumericBlock left_key ← a.candidate_keys().get(i) coalesce tensor.default()⁩
warning[LOCALE002]: /Users/ianzepp/work/faberlang/worktrees/pgc-a4/gradus/src/block_verify.fab:204
  | ⁨        const tensor.NumericBlock right_key ← b.candidate_keys().get(i) coalesce tensor.default()⁩
warning[LOCALE002]: /Users/ianzepp/work/faberlang/worktrees/pgc-a4/gradus/src/block_verify.fab:205
  | ⁨        const tensor.NumericBlock left_payload ← a.candidate_payloads().get(i) coalesce tensor.default()⁩
warning[LOCALE002]: /Users/ianzepp/work/faberlang/worktrees/pgc-a4/gradus/src/block_verify.fab:206
  | ⁨        const tensor.NumericBlock right_payload ← b.candidate_payloads().get(i) coalesce tensor.default()⁩
warning[LOCALE002]: /Users/ianzepp/work/faberlang/worktrees/pgc-a4/gradus/src/block_verify.fab:213
  | ⁨fn _expected_positions(int prefix, int rows) → list<int> {⁩
warning[LOCALE002]: /Users/ianzepp/work/faberlang/worktrees/pgc-a4/gradus/src/block_verify.fab:215
  | ⁨    for range prefix‥(prefix + rows) const position {⁩
warning[LOCALE002]: /Users/ianzepp/work/faberlang/worktrees/pgc-a4/gradus/src/block_verify.fab:215
  | ⁨    for range prefix‥(prefix + rows) const position {⁩
warning[LOCALE002]: /Users/ianzepp/work/faberlang/worktrees/pgc-a4/gradus/src/block_verify.fab:216
  | ⁨        positions.append(position)⁩
warning[LOCALE002]: /Users/ianzepp/work/faberlang/worktrees/pgc-a4/gradus/src/block_verify.fab:223
  | ⁨    require dtype.name(value.dtype()) ≡ "f32" throw variant ResultBounds {message = "result tensor dtype must be f32"}⁩
warning[LOCALE002]: /Users/ianzepp/work/faberlang/worktrees/pgc-a4/gradus/src/block_verify.fab:223
  | ⁨    require dtype.name(value.dtype()) ≡ "f32" throw variant ResultBounds {message = "result tensor dtype must be f32"}⁩
warning[LOCALE002]: /Users/ianzepp/work/faberlang/worktrees/pgc-a4/gradus/src/block_verify.fab:233
  | ⁨    const int rows ← target_positions.length()⁩
warning[LOCALE002]: /Users/ianzepp/work/faberlang/worktrees/pgc-a4/gradus/src/block_verify.fab:234
  | ⁨    require rows ≥ 1 and rows ≤ request.candidate_count() throw variant ResultBounds {message = "result row count is outside candidate block"}⁩
warning[LOCALE002]: /Users/ianzepp/work/faberlang/worktrees/pgc-a4/gradus/src/block_verify.fab:234
  | ⁨    require rows ≥ 1 and rows ≤ request.candidate_count() throw variant ResultBounds {message = "result row count is outside candidate block"}⁩
warning[LOCALE002]: /Users/ianzepp/work/faberlang/worktrees/pgc-a4/gradus/src/block_verify.fab:235
  | ⁨    require target_positions ≡ _expected_positions(request.prefix_length(), rows) throw variant ResultBounds {message = "result positions do not start at the checkpoint prefix"}⁩
warning[LOCALE002]: /Users/ianzepp/work/faberlang/worktrees/pgc-a4/gradus/src/block_verify.fab:236
  | ⁨    require logits.rank() ≡ 2 throw variant ResultBounds {message = "result logits must be rank two"}⁩
warning[LOCALE002]: /Users/ianzepp/work/faberlang/worktrees/pgc-a4/gradus/src/block_verify.fab:238
  | ⁨    const int vocab ← logits_shape.get(1) coalesce 0⁩
warning[LOCALE002]: /Users/ianzepp/work/faberlang/worktrees/pgc-a4/gradus/src/block_verify.fab:240
  | ⁨    _valid_f32_rows(logits, [rows, vocab])⁩
warning[LOCALE002]: /Users/ianzepp/work/faberlang/worktrees/pgc-a4/gradus/src/block_verify.fab:247
  | ⁨        const kv.KVCache layer ← request.checkpoint().layers().get(i) coalesce kv.default()⁩
warning[LOCALE002]: /Users/ianzepp/work/faberlang/worktrees/pgc-a4/gradus/src/block_verify.fab:248
  | ⁨        const tensor.NumericBlock key ← candidate_keys.get(i) coalesce tensor.default()⁩
warning[LOCALE002]: /Users/ianzepp/work/faberlang/worktrees/pgc-a4/gradus/src/block_verify.fab:249
  | ⁨        const tensor.NumericBlock payload ← candidate_payloads.get(i) coalesce tensor.default()⁩
warning[LOCALE002]: /Users/ianzepp/work/faberlang/worktrees/pgc-a4/gradus/src/block_verify.fab:250
  | ⁨        _valid_f32_rows(key, [rows, layer.dimension()])⁩
warning[LOCALE002]: /Users/ianzepp/work/faberlang/worktrees/pgc-a4/gradus/src/block_verify.fab:251
  | ⁨        _valid_f32_rows(payload, [rows, layer.dimension()])⁩
warning[LOCALE002]: /Users/ianzepp/work/faberlang/worktrees/pgc-a4/gradus/src/block_verify.fab:268
  | ⁨        if not dtype.finite(item) {⁩
warning[LOCALE002]: /Users/ianzepp/work/faberlang/worktrees/pgc-a4/gradus/src/block_verify.fab:285
  | ⁨        require layer.dtype() ≡ "f32" throw variant ModelMismatch {message = "cache dtype must be f32"}⁩
warning[LOCALE002]: /Users/ianzepp/work/faberlang/worktrees/pgc-a4/gradus/src/block_verify.fab:295
  | ⁨fn _candidate_rows(tensor.NumericBlock full, int prefix, int rows, int dimension) → tensor.NumericBlock ⇥ VerifyError {⁩
warning[LOCALE002]: /Users/ianzepp/work/faberlang/worktrees/pgc-a4/gradus/src/block_verify.fab:295
  | ⁨fn _candidate_rows(tensor.NumericBlock full, int prefix, int rows, int dimension) → tensor.NumericBlock ⇥ VerifyError {⁩
warning[LOCALE002]: /Users/ianzepp/work/faberlang/worktrees/pgc-a4/gradus/src/block_verify.fab:296
  | ⁨    require full.valid() throw variant ForwardFailure {message = "dense forward returned an invalid cache tensor"}⁩
warning[LOCALE002]: /Users/ianzepp/work/faberlang/worktrees/pgc-a4/gradus/src/block_verify.fab:297
  | ⁨    require dtype.name(full.dtype()) ≡ "f32" throw variant ModelMismatch {message = "dense forward cache dtype must be f32"}⁩
warning[LOCALE002]: /Users/ianzepp/work/faberlang/worktrees/pgc-a4/gradus/src/block_verify.fab:297
  | ⁨    require dtype.name(full.dtype()) ≡ "f32" throw variant ModelMismatch {message = "dense forward cache dtype must be f32"}⁩
warning[LOCALE002]: /Users/ianzepp/work/faberlang/worktrees/pgc-a4/gradus/src/block_verify.fab:297
  | ⁨    require dtype.name(full.dtype()) ≡ "f32" throw variant ModelMismatch {message = "dense forward cache dtype must be f32"}⁩
warning[LOCALE002]: /Users/ianzepp/work/faberlang/worktrees/pgc-a4/gradus/src/block_verify.fab:298
  | ⁨    require full.shape() ≡ ([prefix + rows, dimension] ↦ list<int>) throw variant ForwardFailure {message = "dense forward cache shape does not match the candidate block"}⁩
warning[LOCALE002]: /Users/ianzepp/work/faberlang/worktrees/pgc-a4/gradus/src/block_verify.fab:298
  | ⁨    require full.shape() ≡ ([prefix + rows, dimension] ↦ list<int>) throw variant ForwardFailure {message = "dense forward cache shape does not match the candidate block"}⁩
warning[LOCALE002]: /Users/ianzepp/work/faberlang/worktrees/pgc-a4/gradus/src/block_verify.fab:300
  | ⁨    for range prefix‥(prefix + rows) const row {⁩
warning[LOCALE002]: /Users/ianzepp/work/faberlang/worktrees/pgc-a4/gradus/src/block_verify.fab:300
  | ⁨    for range prefix‥(prefix + rows) const row {⁩
warning[LOCALE002]: /Users/ianzepp/work/faberlang/worktrees/pgc-a4/gradus/src/block_verify.fab:302
  | ⁨            data.append(full.data.get(row * dimension + column) coalesce 0.0 ∷ f32)⁩
warning[LOCALE002]: /Users/ianzepp/work/faberlang/worktrees/pgc-a4/gradus/src/block_verify.fab:302
  | ⁨            data.append(full.data.get(row * dimension + column) coalesce 0.0 ∷ f32)⁩
warning[LOCALE002]: /Users/ianzepp/work/faberlang/worktrees/pgc-a4/gradus/src/block_verify.fab:302
  | ⁨            data.append(full.data.get(row * dimension + column) coalesce 0.0 ∷ f32)⁩
warning[LOCALE002]: /Users/ianzepp/work/faberlang/worktrees/pgc-a4/gradus/src/block_verify.fab:305
  | ⁨    var tensor.NumericBlock out ← tensor.default()⁩
warning[LOCALE002]: /Users/ianzepp/work/faberlang/worktrees/pgc-a4/gradus/src/block_verify.fab:307
  | ⁨        out ← tensor.construct(data, [rows, dimension])⁩
warning[LOCALE002]: /Users/ianzepp/work/faberlang/worktrees/pgc-a4/gradus/src/block_verify.fab:307
  | ⁨        out ← tensor.construct(data, [rows, dimension])⁩
warning[LOCALE002]: /Users/ianzepp/work/faberlang/worktrees/pgc-a4/gradus/src/block_verify.fab:312
  | ⁨    require _finite_value(out) throw variant ModelMismatch {message = "dense forward produced non-finite candidate K/V values"}⁩
warning[LOCALE002]: /Users/ianzepp/work/faberlang/worktrees/pgc-a4/gradus/src/block_verify.fab:313
  | ⁨    return out⁩
warning[LOCALE002]: /Users/ianzepp/work/faberlang/worktrees/pgc-a4/gradus/src/block_verify.fab:322
  | ⁨    const int rows ← request.candidate_count()⁩
warning[LOCALE002]: /Users/ianzepp/work/faberlang/worktrees/pgc-a4/gradus/src/block_verify.fab:334
  | ⁨        const kv.KVCache state ← step.layers().get(i) coalesce kv.default()⁩
warning[LOCALE002]: /Users/ianzepp/work/faberlang/worktrees/pgc-a4/gradus/src/block_verify.fab:334
  | ⁨        const kv.KVCache state ← step.layers().get(i) coalesce kv.default()⁩
warning[LOCALE002]: /Users/ianzepp/work/faberlang/worktrees/pgc-a4/gradus/src/block_verify.fab:335
  | ⁨        keys.append(_candidate_rows(state.key(), prefix, rows, dimension))⁩
warning[LOCALE002]: /Users/ianzepp/work/faberlang/worktrees/pgc-a4/gradus/src/block_verify.fab:335
  | ⁨        keys.append(_candidate_rows(state.key(), prefix, rows, dimension))⁩
warning[LOCALE002]: /Users/ianzepp/work/faberlang/worktrees/pgc-a4/gradus/src/block_verify.fab:336
  | ⁨        payloads.append(_candidate_rows(state.payload(), prefix, rows, dimension))⁩
warning[LOCALE002]: /Users/ianzepp/work/faberlang/worktrees/pgc-a4/gradus/src/block_verify.fab:336
  | ⁨        payloads.append(_candidate_rows(state.payload(), prefix, rows, dimension))⁩
warning[LOCALE002]: /Users/ianzepp/work/faberlang/worktrees/pgc-a4/gradus/src/block_verify.fab:339
  | ⁨    for range prefix‥(prefix + rows) const position {⁩
warning[LOCALE002]: /Users/ianzepp/work/faberlang/worktrees/pgc-a4/gradus/src/block_verify.fab:339
  | ⁨    for range prefix‥(prefix + rows) const position {⁩
warning[LOCALE002]: /Users/ianzepp/work/faberlang/worktrees/pgc-a4/gradus/src/block_verify.fab:340
  | ⁨        positions.append(position)⁩
warning[LOCALE002]: /Users/ianzepp/work/faberlang/worktrees/pgc-a4/gradus/src/block_verify.fab:353
  | ⁨fn _candidate_block(BlockRows rows) → cache_branch.CandidateBlock ⇥ VerifyError {⁩
warning[LOCALE002]: /Users/ianzepp/work/faberlang/worktrees/pgc-a4/gradus/src/block_verify.fab:354
  | ⁨    const BlockRequest request ← rows.request()⁩
warning[LOCALE002]: /Users/ianzepp/work/faberlang/worktrees/pgc-a4/gradus/src/block_verify.fab:355
  | ⁨    require rows.row_count() ≡ request.candidate_count() throw variant ResultBounds {message = "staged rows do not cover the candidate block"}⁩
warning[LOCALE002]: /Users/ianzepp/work/faberlang/worktrees/pgc-a4/gradus/src/block_verify.fab:356
  | ⁨    require rows.candidate_keys().length() ≡ request.checkpoint().layers().length() throw variant ResultBounds {message = "staged K layers do not match the checkpoint"}⁩
warning[LOCALE002]: /Users/ianzepp/work/faberlang/worktrees/pgc-a4/gradus/src/block_verify.fab:357
  | ⁨    require rows.candidate_payloads().length() ≡ request.checkpoint().layers().length() throw variant ResultBounds {message = "staged V layers do not match the checkpoint"}⁩
warning[LOCALE002]: /Users/ianzepp/work/faberlang/worktrees/pgc-a4/gradus/src/block_verify.fab:358
  | ⁨    return cache_branch.construct_block(request.candidate_ids(), rows.candidate_keys(), rows.candidate_payloads())⁩
warning[LOCALE002]: /Users/ianzepp/work/faberlang/worktrees/pgc-a4/gradus/src/block_verify.fab:358
  | ⁨    return cache_branch.construct_block(request.candidate_ids(), rows.candidate_keys(), rows.candidate_payloads())⁩
warning[LOCALE002]: /Users/ianzepp/work/faberlang/worktrees/pgc-a4/gradus/src/block_verify.fab:362
  | ⁨fn stage(BlockRows rows) → cache_branch.BranchHandle ⇥ VerifyError {⁩
warning[LOCALE002]: /Users/ianzepp/work/faberlang/worktrees/pgc-a4/gradus/src/block_verify.fab:363
  | ⁨    const cache_branch.CandidateBlock block ← _candidate_block(rows)⁩
warning[LOCALE002]: /Users/ianzepp/work/faberlang/worktrees/pgc-a4/gradus/src/block_verify.fab:364
  | ⁨    return cache_branch.begin(rows.request().checkpoint(), block)⁩
warning[LOCALE002]: /Users/ianzepp/work/faberlang/worktrees/pgc-a4/gradus/src/block_verify.fab:374
  | ⁨    return cache_branch.abort(handle)⁩
warning[LOCALE002]: /Users/ianzepp/work/faberlang/worktrees/pgc-a4/gradus/src/block_verify.fab:389
  | ⁨    BlockRows rows⁩
warning[LOCALE002]: /Users/ianzepp/work/faberlang/worktrees/pgc-a4/gradus/src/block_verify.fab:392
  | ⁨    fn rows() → BlockRows {⁩
warning[LOCALE002]: /Users/ianzepp/work/faberlang/worktrees/pgc-a4/gradus/src/block_verify.fab:393
  | ⁨        return self.rows⁩
warning[LOCALE002]: /Users/ianzepp/work/faberlang/worktrees/pgc-a4/gradus/src/block_verify.fab:403
  | ⁨    return OracleTrace {rows = default_rows(), final_layers = empty}⁩
warning[LOCALE002]: /Users/ianzepp/work/faberlang/worktrees/pgc-a4/gradus/src/block_verify.fab:406
  | ⁨fn _oracle_empty_layers(cache_branch.KVCheckpoint base) → list<kv.KVCache> ⇥ VerifyError {⁩
warning[LOCALE002]: /Users/ianzepp/work/faberlang/worktrees/pgc-a4/gradus/src/block_verify.fab:407
  | ⁨    const kv.KVCache first ← base.layers().get(0) coalesce kv.default()⁩
warning[LOCALE002]: /Users/ianzepp/work/faberlang/worktrees/pgc-a4/gradus/src/block_verify.fab:407
  | ⁨    const kv.KVCache first ← base.layers().get(0) coalesce kv.default()⁩
warning[LOCALE002]: /Users/ianzepp/work/faberlang/worktrees/pgc-a4/gradus/src/block_verify.fab:409
  | ⁨    for range 0‥base.layers().length() const i {⁩
warning[LOCALE002]: /Users/ianzepp/work/faberlang/worktrees/pgc-a4/gradus/src/block_verify.fab:431
  | ⁨    const int rows ← request.candidate_count()⁩
warning[LOCALE002]: /Users/ianzepp/work/faberlang/worktrees/pgc-a4/gradus/src/block_verify.fab:439
  | ⁨    for range 0‥rows const i {⁩
warning[LOCALE002]: /Users/ianzepp/work/faberlang/worktrees/pgc-a4/gradus/src/block_verify.fab:440
  | ⁨        const int token_id ← request.candidate_ids().get(i) coalesce 0⁩
warning[LOCALE002]: /Users/ianzepp/work/faberlang/worktrees/pgc-a4/gradus/src/block_verify.fab:442
  | ⁨        const tensor.NumericBlock row ← step.logits()⁩
warning[LOCALE002]: /Users/ianzepp/work/faberlang/worktrees/pgc-a4/gradus/src/block_verify.fab:443
  | ⁨        require row.valid() and row.rank() ≡ 2 throw variant ForwardFailure {message = "oracle replay returned an invalid logit row"}⁩
warning[LOCALE002]: /Users/ianzepp/work/faberlang/worktrees/pgc-a4/gradus/src/block_verify.fab:443
  | ⁨        require row.valid() and row.rank() ≡ 2 throw variant ForwardFailure {message = "oracle replay returned an invalid logit row"}⁩
warning[LOCALE002]: /Users/ianzepp/work/faberlang/worktrees/pgc-a4/gradus/src/block_verify.fab:443
  | ⁨        require row.valid() and row.rank() ≡ 2 throw variant ForwardFailure {message = "oracle replay returned an invalid logit row"}⁩
warning[LOCALE002]: /Users/ianzepp/work/faberlang/worktrees/pgc-a4/gradus/src/block_verify.fab:444
  | ⁨        require _finite_value(row) throw variant ModelMismatch {message = "oracle replay produced non-finite logits"}⁩
warning[LOCALE002]: /Users/ianzepp/work/faberlang/worktrees/pgc-a4/gradus/src/block_verify.fab:445
  | ⁨        for from row.data const value {⁩
warning[LOCALE002]: /Users/ianzepp/work/faberlang/worktrees/pgc-a4/gradus/src/block_verify.fab:453
  | ⁨        logits ← tensor.construct(logits_data, [rows, cfg.vocab])⁩
warning[LOCALE002]: /Users/ianzepp/work/faberlang/worktrees/pgc-a4/gradus/src/block_verify.fab:461
  | ⁨    for range 0‥cfg.layers const li {⁩
warning[LOCALE002]: /Users/ianzepp/work/faberlang/worktrees/pgc-a4/gradus/src/block_verify.fab:462
  | ⁨        const kv.KVCache state ← layers.get(li) coalesce kv.default()⁩
warning[LOCALE002]: /Users/ianzepp/work/faberlang/worktrees/pgc-a4/gradus/src/block_verify.fab:462
  | ⁨        const kv.KVCache state ← layers.get(li) coalesce kv.default()⁩
warning[LOCALE002]: /Users/ianzepp/work/faberlang/worktrees/pgc-a4/gradus/src/block_verify.fab:462
  | ⁨        const kv.KVCache state ← layers.get(li) coalesce kv.default()⁩
warning[LOCALE002]: /Users/ianzepp/work/faberlang/worktrees/pgc-a4/gradus/src/block_verify.fab:463
  | ⁨        require state.length() ≡ prefix + rows throw variant ForwardFailure {message = "oracle replay cache length does not cover the block"}⁩
warning[LOCALE002]: /Users/ianzepp/work/faberlang/worktrees/pgc-a4/gradus/src/block_verify.fab:463
  | ⁨        require state.length() ≡ prefix + rows throw variant ForwardFailure {message = "oracle replay cache length does not cover the block"}⁩
warning[LOCALE002]: /Users/ianzepp/work/faberlang/worktrees/pgc-a4/gradus/src/block_verify.fab:464
  | ⁨        keys.append(_candidate_rows(state.key(), prefix, rows, dimension))⁩
warning[LOCALE002]: /Users/ianzepp/work/faberlang/worktrees/pgc-a4/gradus/src/block_verify.fab:464
  | ⁨        keys.append(_candidate_rows(state.key(), prefix, rows, dimension))⁩
warning[LOCALE002]: /Users/ianzepp/work/faberlang/worktrees/pgc-a4/gradus/src/block_verify.fab:465
  | ⁨        payloads.append(_candidate_rows(state.payload(), prefix, rows, dimension))⁩
warning[LOCALE002]: /Users/ianzepp/work/faberlang/worktrees/pgc-a4/gradus/src/block_verify.fab:465
  | ⁨        payloads.append(_candidate_rows(state.payload(), prefix, rows, dimension))⁩
warning[LOCALE002]: /Users/ianzepp/work/faberlang/worktrees/pgc-a4/gradus/src/block_verify.fab:468
  | ⁨    for range prefix‥(prefix + rows) const position {⁩
warning[LOCALE002]: /Users/ianzepp/work/faberlang/worktrees/pgc-a4/gradus/src/block_verify.fab:468
  | ⁨    for range prefix‥(prefix + rows) const position {⁩
warning[LOCALE002]: /Users/ianzepp/work/faberlang/worktrees/pgc-a4/gradus/src/block_verify.fab:469
  | ⁨        positions.append(position)⁩
warning[LOCALE002]: /Users/ianzepp/work/faberlang/worktrees/pgc-a4/gradus/src/block_verify.fab:471
  | ⁨    return OracleTrace {rows = construct_rows(request, positions, logits, keys, payloads), final_layers = layers}⁩
warning[LOCALE002]: /Users/ianzepp/work/faberlang/worktrees/pgc-a4/gradus/src/block_verify.fab:523
  | ⁨    const int width ← shape.get(shape.length() - 1) coalesce 1⁩
warning[LOCALE002]: /Users/ianzepp/work/faberlang/worktrees/pgc-a4/gradus/src/block_verify.fab:523
  | ⁨    const int width ← shape.get(shape.length() - 1) coalesce 1⁩
warning[LOCALE002]: /Users/ianzepp/work/faberlang/worktrees/pgc-a4/gradus/src/block_verify.fab:525
  | ⁨        const f32 left ← a.data.get(i) coalesce 0.0 ∷ f32⁩
warning[LOCALE002]: /Users/ianzepp/work/faberlang/worktrees/pgc-a4/gradus/src/block_verify.fab:525
  | ⁨        const f32 left ← a.data.get(i) coalesce 0.0 ∷ f32⁩
warning[LOCALE002]: /Users/ianzepp/work/faberlang/worktrees/pgc-a4/gradus/src/block_verify.fab:526
  | ⁨        const f32 right ← b.data.get(i) coalesce 0.0 ∷ f32⁩
warning[LOCALE002]: /Users/ianzepp/work/faberlang/worktrees/pgc-a4/gradus/src/block_verify.fab:527
  | ⁨        if (left - right).abs() ≻ epsilon then return i / width⁩
warning[LOCALE002]: /Users/ianzepp/work/faberlang/worktrees/pgc-a4/gradus/src/block_verify.fab:527
  | ⁨        if (left - right).abs() ≻ epsilon then return i / width⁩
warning[LOCALE002]: /Users/ianzepp/work/faberlang/worktrees/pgc-a4/gradus/src/block_verify.fab:527
  | ⁨        if (left - right).abs() ≻ epsilon then return i / width⁩
warning[LOCALE002]: /Users/ianzepp/work/faberlang/worktrees/pgc-a4/gradus/src/block_verify.fab:538
  | ⁨        const int left ← a.get(i) coalesce 0⁩
warning[LOCALE002]: /Users/ianzepp/work/faberlang/worktrees/pgc-a4/gradus/src/block_verify.fab:538
  | ⁨        const int left ← a.get(i) coalesce 0⁩
warning[LOCALE002]: /Users/ianzepp/work/faberlang/worktrees/pgc-a4/gradus/src/block_verify.fab:539
  | ⁨        const int right ← b.get(i) coalesce 0⁩
warning[LOCALE002]: /Users/ianzepp/work/faberlang/worktrees/pgc-a4/gradus/src/block_verify.fab:540
  | ⁨        if left ≠ right then return i⁩
warning[LOCALE002]: /Users/ianzepp/work/faberlang/worktrees/pgc-a4/gradus/src/block_verify.fab:553
  | ⁨    require dtype.finite(epsilon) and epsilon ≻ 0.0 and not (epsilon ≻ 0.00001 ∷ f32) throw variant ResultBounds {message = "oracle epsilon cannot exceed the pinned 1e-5 reference bound"}⁩
warning[LOCALE002]: /Users/ianzepp/work/faberlang/worktrees/pgc-a4/gradus/src/block_verify.fab:554
  | ⁨    const BlockRows oracle_rows ← trace.rows()⁩
warning[LOCALE002]: /Users/ianzepp/work/faberlang/worktrees/pgc-a4/gradus/src/block_verify.fab:557
  | ⁨    const int rows ← block_rows.row_count()⁩
warning[LOCALE002]: /Users/ianzepp/work/faberlang/worktrees/pgc-a4/gradus/src/block_verify.fab:561
  | ⁨        if index ≺ 0 or index ≥ rows then index ← 0⁩
warning[LOCALE002]: /Users/ianzepp/work/faberlang/worktrees/pgc-a4/gradus/src/block_verify.fab:572
  | ⁨    const cache_branch.KVCheckpoint base ← block_rows.request().checkpoint()⁩
warning[LOCALE002]: /Users/ianzepp/work/faberlang/worktrees/pgc-a4/gradus/src/block_verify.fab:573
  | ⁨    const int prefix ← base.prefix_length()⁩
warning[LOCALE002]: /Users/ianzepp/work/faberlang/worktrees/pgc-a4/gradus/src/block_verify.fab:574
  | ⁨    require trace.final_layers().length() ≡ base.layers().length() throw variant ForwardFailure {message = "oracle replay layer count does not match the checkpoint"}⁩
warning[LOCALE002]: /Users/ianzepp/work/faberlang/worktrees/pgc-a4/gradus/src/block_verify.fab:575
  | ⁨    for range 0‥base.layers().length() const li {⁩
warning[LOCALE002]: /Users/ianzepp/work/faberlang/worktrees/pgc-a4/gradus/src/block_verify.fab:575
  | ⁨    for range 0‥base.layers().length() const li {⁩
warning[LOCALE002]: /Users/ianzepp/work/faberlang/worktrees/pgc-a4/gradus/src/block_verify.fab:576
  | ⁨        const kv.KVCache replay ← trace.final_layers().get(li) coalesce kv.default()⁩
warning[LOCALE002]: /Users/ianzepp/work/faberlang/worktrees/pgc-a4/gradus/src/block_verify.fab:576
  | ⁨        const kv.KVCache replay ← trace.final_layers().get(li) coalesce kv.default()⁩
warning[LOCALE002]: /Users/ianzepp/work/faberlang/worktrees/pgc-a4/gradus/src/block_verify.fab:576
  | ⁨        const kv.KVCache replay ← trace.final_layers().get(li) coalesce kv.default()⁩
warning[LOCALE002]: /Users/ianzepp/work/faberlang/worktrees/pgc-a4/gradus/src/block_verify.fab:577
  | ⁨        const kv.KVCache origin ← base.layers().get(li) coalesce kv.default()⁩
warning[LOCALE002]: /Users/ianzepp/work/faberlang/worktrees/pgc-a4/gradus/src/block_verify.fab:577
  | ⁨        const kv.KVCache origin ← base.layers().get(li) coalesce kv.default()⁩
warning[LOCALE002]: /Users/ianzepp/work/faberlang/worktrees/pgc-a4/gradus/src/block_verify.fab:577
  | ⁨        const kv.KVCache origin ← base.layers().get(li) coalesce kv.default()⁩
warning[LOCALE002]: /Users/ianzepp/work/faberlang/worktrees/pgc-a4/gradus/src/block_verify.fab:578
  | ⁨        const tensor.NumericBlock staged_key ← block_rows.candidate_keys().get(li) coalesce tensor.default()⁩
warning[LOCALE002]: /Users/ianzepp/work/faberlang/worktrees/pgc-a4/gradus/src/block_verify.fab:578
  | ⁨        const tensor.NumericBlock staged_key ← block_rows.candidate_keys().get(li) coalesce tensor.default()⁩
warning[LOCALE002]: /Users/ianzepp/work/faberlang/worktrees/pgc-a4/gradus/src/block_verify.fab:579
  | ⁨        const tensor.NumericBlock staged_payload ← block_rows.candidate_payloads().get(li) coalesce tensor.default()⁩
warning[LOCALE002]: /Users/ianzepp/work/faberlang/worktrees/pgc-a4/gradus/src/block_verify.fab:579
  | ⁨        const tensor.NumericBlock staged_payload ← block_rows.candidate_payloads().get(li) coalesce tensor.default()⁩
warning[LOCALE002]: /Users/ianzepp/work/faberlang/worktrees/pgc-a4/gradus/src/block_verify.fab:583
  | ⁨        for from origin.history() const prior {⁩
warning[LOCALE002]: /Users/ianzepp/work/faberlang/worktrees/pgc-a4/gradus/src/block_verify.fab:584
  | ⁨            expected_history.append(prior)⁩
warning[LOCALE002]: /Users/ianzepp/work/faberlang/worktrees/pgc-a4/gradus/src/block_verify.fab:589
  | ⁨        const int history_delta ← _first_list_delta(replay.history(), expected_history)⁩
warning[LOCALE002]: /Users/ianzepp/work/faberlang/worktrees/pgc-a4/gradus/src/block_verify.fab:592
  | ⁨            if history_index ≺ 0 or history_index ≥ rows then history_index ← 0⁩
warning[LOCALE002]: /Users/ianzepp/work/faberlang/worktrees/pgc-a4/gradus/src/block_verify.fab:596
  | ⁨        require replay.key().shape() ≡ ([prefix + rows, dimension] ↦ list<int>) throw variant ForwardFailure {message = "oracle replay staged key shape does not cover the block"}⁩
warning[LOCALE002]: /Users/ianzepp/work/faberlang/worktrees/pgc-a4/gradus/src/block_verify.fab:596
  | ⁨        require replay.key().shape() ≡ ([prefix + rows, dimension] ↦ list<int>) throw variant ForwardFailure {message = "oracle replay staged key shape does not cover the block"}⁩
warning[LOCALE002]: /Users/ianzepp/work/faberlang/worktrees/pgc-a4/gradus/src/block_verify.fab:597
  | ⁨        require replay.payload().shape() ≡ ([prefix + rows, dimension] ↦ list<int>) throw variant ForwardFailure {message = "oracle replay staged payload shape does not cover the block"}⁩
warning[LOCALE002]: /Users/ianzepp/work/faberlang/worktrees/pgc-a4/gradus/src/block_verify.fab:597
  | ⁨        require replay.payload().shape() ≡ ([prefix + rows, dimension] ↦ list<int>) throw variant ForwardFailure {message = "oracle replay staged payload shape does not cover the block"}⁩
warning[LOCALE002]: /Users/ianzepp/work/faberlang/worktrees/pgc-a4/gradus/src/block_verify.fab:598
  | ⁨        for range 0‥((prefix + rows) * dimension) const flat {⁩
warning[LOCALE002]: /Users/ianzepp/work/faberlang/worktrees/pgc-a4/gradus/src/block_verify.fab:598
  | ⁨        for range 0‥((prefix + rows) * dimension) const flat {⁩
warning[LOCALE002]: /Users/ianzepp/work/faberlang/worktrees/pgc-a4/gradus/src/block_verify.fab:599
  | ⁨            const f32 replay_key ← replay.key().data.get(flat) coalesce 0.0 ∷ f32⁩
warning[LOCALE002]: /Users/ianzepp/work/faberlang/worktrees/pgc-a4/gradus/src/block_verify.fab:599
  | ⁨            const f32 replay_key ← replay.key().data.get(flat) coalesce 0.0 ∷ f32⁩
warning[LOCALE002]: /Users/ianzepp/work/faberlang/worktrees/pgc-a4/gradus/src/block_verify.fab:599
  | ⁨            const f32 replay_key ← replay.key().data.get(flat) coalesce 0.0 ∷ f32⁩
warning[LOCALE002]: /Users/ianzepp/work/faberlang/worktrees/pgc-a4/gradus/src/block_verify.fab:600
  | ⁨            const f32 replay_payload ← replay.payload().data.get(flat) coalesce 0.0 ∷ f32⁩
warning[LOCALE002]: /Users/ianzepp/work/faberlang/worktrees/pgc-a4/gradus/src/block_verify.fab:600
  | ⁨            const f32 replay_payload ← replay.payload().data.get(flat) coalesce 0.0 ∷ f32⁩
warning[LOCALE002]: /Users/ianzepp/work/faberlang/worktrees/pgc-a4/gradus/src/block_verify.fab:600
  | ⁨            const f32 replay_payload ← replay.payload().data.get(flat) coalesce 0.0 ∷ f32⁩
warning[LOCALE002]: /Users/ianzepp/work/faberlang/worktrees/pgc-a4/gradus/src/block_verify.fab:601
  | ⁨            if flat ≺ prefix * dimension {⁩
warning[LOCALE002]: /Users/ianzepp/work/faberlang/worktrees/pgc-a4/gradus/src/block_verify.fab:602
  | ⁨                const f32 origin_key ← origin.key().data.get(flat) coalesce 0.0 ∷ f32⁩
warning[LOCALE002]: /Users/ianzepp/work/faberlang/worktrees/pgc-a4/gradus/src/block_verify.fab:602
  | ⁨                const f32 origin_key ← origin.key().data.get(flat) coalesce 0.0 ∷ f32⁩
warning[LOCALE002]: /Users/ianzepp/work/faberlang/worktrees/pgc-a4/gradus/src/block_verify.fab:603
  | ⁨                const f32 origin_payload ← origin.payload().data.get(flat) coalesce 0.0 ∷ f32⁩
warning[LOCALE002]: /Users/ianzepp/work/faberlang/worktrees/pgc-a4/gradus/src/block_verify.fab:603
  | ⁨                const f32 origin_payload ← origin.payload().data.get(flat) coalesce 0.0 ∷ f32⁩
warning[LOCALE002]: /Users/ianzepp/work/faberlang/worktrees/pgc-a4/gradus/src/block_verify.fab:604
  | ⁨                if (replay_key - origin_key).abs() ≻ epsilon or (replay_payload - origin_payload).abs() ≻ epsilon {⁩
warning[LOCALE002]: /Users/ianzepp/work/faberlang/worktrees/pgc-a4/gradus/src/block_verify.fab:604
  | ⁨                if (replay_key - origin_key).abs() ≻ epsilon or (replay_payload - origin_payload).abs() ≻ epsilon {⁩
warning[LOCALE002]: /Users/ianzepp/work/faberlang/worktrees/pgc-a4/gradus/src/block_verify.fab:609
  | ⁨                const f32 staged_key_value ← staged_key.data.get(flat - prefix * dimension) coalesce 0.0 ∷ f32⁩
warning[LOCALE002]: /Users/ianzepp/work/faberlang/worktrees/pgc-a4/gradus/src/block_verify.fab:609
  | ⁨                const f32 staged_key_value ← staged_key.data.get(flat - prefix * dimension) coalesce 0.0 ∷ f32⁩
warning[LOCALE002]: /Users/ianzepp/work/faberlang/worktrees/pgc-a4/gradus/src/block_verify.fab:610
  | ⁨                const f32 staged_payload_value ← staged_payload.data.get(flat - prefix * dimension) coalesce 0.0 ∷ f32⁩
warning[LOCALE002]: /Users/ianzepp/work/faberlang/worktrees/pgc-a4/gradus/src/block_verify.fab:610
  | ⁨                const f32 staged_payload_value ← staged_payload.data.get(flat - prefix * dimension) coalesce 0.0 ∷ f32⁩
warning[LOCALE002]: /Users/ianzepp/work/faberlang/worktrees/pgc-a4/gradus/src/block_verify.fab:611
  | ⁨                if (replay_key - staged_key_value).abs() ≻ epsilon or (replay_payload - staged_payload_value).abs() ≻ epsilon {⁩
warning[LOCALE002]: /Users/ianzepp/work/faberlang/worktrees/pgc-a4/gradus/src/block_verify.fab:611
  | ⁨                if (replay_key - staged_key_value).abs() ≻ epsilon or (replay_payload - staged_payload_value).abs() ≻ epsilon {⁩
warning[LOCALE002]: /Users/ianzepp/work/faberlang/worktrees/pgc-a4/gradus/src/block_verify.fab:612
  | ⁨                    const int row ← flat / dimension - prefix⁩
warning[LOCALE002]: /Users/ianzepp/work/faberlang/worktrees/pgc-a4/gradus/src/block_verify.fab:612
  | ⁨                    const int row ← flat / dimension - prefix⁩
warning[LOCALE002]: /Users/ianzepp/work/faberlang/worktrees/pgc-a4/gradus/src/block_verify.fab:613
  | ⁨                    return _divergent_report(row, "staged tensors diverge at candidate row §"(row ↦ string))⁩
warning[LOCALE002]: /Users/ianzepp/work/faberlang/worktrees/pgc-a4/gradus/src/block_verify.fab:613
  | ⁨                    return _divergent_report(row, "staged tensors diverge at candidate row §"(row ↦ string))⁩
warning[LOCALE002]: /Users/ianzepp/work/faberlang/worktrees/pgc-a4/gradus/src/block_verify.fab:629
  | ⁨    BlockRows rows⁩
warning[LOCALE002]: /Users/ianzepp/work/faberlang/worktrees/pgc-a4/gradus/src/block_verify.fab:633
  | ⁨    fn rows() → BlockRows {⁩
warning[LOCALE002]: /Users/ianzepp/work/faberlang/worktrees/pgc-a4/gradus/src/block_verify.fab:634
  | ⁨        return self.rows⁩
warning[LOCALE002]: /Users/ianzepp/work/faberlang/worktrees/pgc-a4/gradus/src/block_verify.fab:648
  | ⁨    return BlockVerification {rows = default_rows(), acceptance = speculative.default_acceptance(), committed_checkpoint = cache_branch.default()}⁩
warning[LOCALE002]: /Users/ianzepp/work/faberlang/worktrees/pgc-a4/gradus/src/block_verify.fab:653
  | ⁨    if not rows_equal(a.rows(), b.rows()) then return false⁩
warning[LOCALE002]: /Users/ianzepp/work/faberlang/worktrees/pgc-a4/gradus/src/block_verify.fab:653
  | ⁨    if not rows_equal(a.rows(), b.rows()) then return false⁩
warning[LOCALE002]: /Users/ianzepp/work/faberlang/worktrees/pgc-a4/gradus/src/block_verify.fab:662
  | ⁨fn construct_verification(BlockRows rows, speculative.GreedyAcceptance acceptance, cache_branch.KVCheckpoint committed_checkpoint) → BlockVerification ⇥ VerifyError {⁩
warning[LOCALE002]: /Users/ianzepp/work/faberlang/worktrees/pgc-a4/gradus/src/block_verify.fab:663
  | ⁨    const int candidate_count ← rows.row_count()⁩
warning[LOCALE002]: /Users/ianzepp/work/faberlang/worktrees/pgc-a4/gradus/src/block_verify.fab:675
  | ⁨    const cache_branch.KVCheckpoint base ← rows.request().checkpoint()⁩
warning[LOCALE002]: /Users/ianzepp/work/faberlang/worktrees/pgc-a4/gradus/src/block_verify.fab:675
  | ⁨    const cache_branch.KVCheckpoint base ← rows.request().checkpoint()⁩
warning[LOCALE002]: /Users/ianzepp/work/faberlang/worktrees/pgc-a4/gradus/src/block_verify.fab:676
  | ⁨    require committed_checkpoint.layers().length() ≡ base.layers().length() throw variant ResultBounds {message = "committed checkpoint layer count does not match request"}⁩
warning[LOCALE002]: /Users/ianzepp/work/faberlang/worktrees/pgc-a4/gradus/src/block_verify.fab:678
  | ⁨        require cache_branch.checkpoint_equal(committed_checkpoint, base) throw variant ResultBounds {message = "zero-acceptance checkpoint is not the request checkpoint"}⁩
warning[LOCALE002]: /Users/ianzepp/work/faberlang/worktrees/pgc-a4/gradus/src/block_verify.fab:685
  | ⁨            accepted_ids.append(rows.request().candidate_ids().get(i) coalesce 0)⁩
warning[LOCALE002]: /Users/ianzepp/work/faberlang/worktrees/pgc-a4/gradus/src/block_verify.fab:685
  | ⁨            accepted_ids.append(rows.request().candidate_ids().get(i) coalesce 0)⁩
warning[LOCALE002]: /Users/ianzepp/work/faberlang/worktrees/pgc-a4/gradus/src/block_verify.fab:687
  | ⁨        require _committed_identity_matches(base.identity(), committed_checkpoint.identity(), accepted_ids, committed_checkpoint.prefix_length()) throw variant ResultBounds {message = "committed checkpoint identity does not extend the request identity"}⁩
warning[LOCALE002]: /Users/ianzepp/work/faberlang/worktrees/pgc-a4/gradus/src/block_verify.fab:688
  | ⁨        require committed_checkpoint.prefix_length() ≡ base.prefix_length() + accepted_count throw variant ResultBounds {message = "committed checkpoint prefix does not match acceptance"}⁩
warning[LOCALE002]: /Users/ianzepp/work/faberlang/worktrees/pgc-a4/gradus/src/block_verify.fab:689
  | ⁨        require committed_checkpoint.version() ≡ base.version() + 1 throw variant ResultBounds {message = "accepted checkpoint version is not advanced once"}⁩
warning[LOCALE002]: /Users/ianzepp/work/faberlang/worktrees/pgc-a4/gradus/src/block_verify.fab:691
  | ⁨    return BlockVerification {rows = rows, acceptance = acceptance, committed_checkpoint = committed_checkpoint}⁩
warning[LOCALE002]: /Users/ianzepp/work/faberlang/worktrees/pgc-a4/gradus/src/block_verify.fab:691
  | ⁨    return BlockVerification {rows = rows, acceptance = acceptance, committed_checkpoint = committed_checkpoint}⁩
warning[LOCALE002]: /Users/ianzepp/work/faberlang/worktrees/pgc-a4/gradus/src/block_verify.fab:697
  | ⁨fn _committed_identity_matches(kv.CacheIdentity base, kv.CacheIdentity committed, list<int> accepted_ids, int committed_length) → bool {⁩
warning[LOCALE002]: /Users/ianzepp/work/faberlang/worktrees/pgc-a4/gradus/src/block_verify.fab:698
  | ⁨    if base.model() ≠ committed.model() then return false⁩
warning[LOCALE002]: /Users/ianzepp/work/faberlang/worktrees/pgc-a4/gradus/src/block_verify.fab:699
  | ⁨    if base.model_version() ≠ committed.model_version() then return false⁩
warning[LOCALE002]: /Users/ianzepp/work/faberlang/worktrees/pgc-a4/gradus/src/block_verify.fab:700
  | ⁨    if base.config() ≠ committed.config() then return false⁩
warning[LOCALE002]: /Users/ianzepp/work/faberlang/worktrees/pgc-a4/gradus/src/block_verify.fab:701
  | ⁨    if base.tokenizer() ≠ committed.tokenizer() then return false⁩
warning[LOCALE002]: /Users/ianzepp/work/faberlang/worktrees/pgc-a4/gradus/src/block_verify.fab:702
  | ⁨    if base.layers() ≠ committed.layers() then return false⁩
warning[LOCALE002]: /Users/ianzepp/work/faberlang/worktrees/pgc-a4/gradus/src/block_verify.fab:703
  | ⁨    if base.dtype() ≠ committed.dtype() then return false⁩
warning[LOCALE002]: /Users/ianzepp/work/faberlang/worktrees/pgc-a4/gradus/src/block_verify.fab:703
  | ⁨    if base.dtype() ≠ committed.dtype() then return false⁩
warning[LOCALE002]: /Users/ianzepp/work/faberlang/worktrees/pgc-a4/gradus/src/block_verify.fab:703
  | ⁨    if base.dtype() ≠ committed.dtype() then return false⁩
warning[LOCALE002]: /Users/ianzepp/work/faberlang/worktrees/pgc-a4/gradus/src/block_verify.fab:704
  | ⁨    if base.layout() ≠ committed.layout() then return false⁩
warning[LOCALE002]: /Users/ianzepp/work/faberlang/worktrees/pgc-a4/gradus/src/block_verify.fab:705
  | ⁨    var string expected_history ← base.history()⁩
warning[LOCALE002]: /Users/ianzepp/work/faberlang/worktrees/pgc-a4/gradus/src/block_verify.fab:710
  | ⁨    return committed.position() ≡ "0..§"(committed_length ↦ string)⁩
warning[LOCALE002]: /Users/ianzepp/work/faberlang/worktrees/pgc-a4/gradus/src/block_verify.fab:722
  | ⁨fn _greedy_targets(BlockRows rows) → list<int> ⇥ VerifyError {⁩
warning[LOCALE002]: /Users/ianzepp/work/faberlang/worktrees/pgc-a4/gradus/src/block_verify.fab:723
  | ⁨    const tensor.NumericBlock logits ← rows.logits()⁩
warning[LOCALE002]: /Users/ianzepp/work/faberlang/worktrees/pgc-a4/gradus/src/block_verify.fab:724
  | ⁨    require logits.rank() ≡ 2 and rows.row_count() ≥ 1 throw variant ResultBounds {message = "verify requires a non-empty result matrix"}⁩
warning[LOCALE002]: /Users/ianzepp/work/faberlang/worktrees/pgc-a4/gradus/src/block_verify.fab:724
  | ⁨    require logits.rank() ≡ 2 and rows.row_count() ≥ 1 throw variant ResultBounds {message = "verify requires a non-empty result matrix"}⁩
warning[LOCALE002]: /Users/ianzepp/work/faberlang/worktrees/pgc-a4/gradus/src/block_verify.fab:726
  | ⁨    const int width ← shape.get(1) coalesce 0⁩
warning[LOCALE002]: /Users/ianzepp/work/faberlang/worktrees/pgc-a4/gradus/src/block_verify.fab:726
  | ⁨    const int width ← shape.get(1) coalesce 0⁩
warning[LOCALE002]: /Users/ianzepp/work/faberlang/worktrees/pgc-a4/gradus/src/block_verify.fab:727
  | ⁨    require width ≥ 1 throw variant ResultBounds {message = "verify requires a positive vocabulary width"}⁩
warning[LOCALE002]: /Users/ianzepp/work/faberlang/worktrees/pgc-a4/gradus/src/block_verify.fab:729
  | ⁨    for range 0‥rows.row_count() const r {⁩
warning[LOCALE002]: /Users/ianzepp/work/faberlang/worktrees/pgc-a4/gradus/src/block_verify.fab:731
  | ⁨        for range 0‥width const c {⁩
warning[LOCALE002]: /Users/ianzepp/work/faberlang/worktrees/pgc-a4/gradus/src/block_verify.fab:732
  | ⁨            row_values.append(logits.data.get(r * width + c) coalesce 0.0 ∷ f32)⁩
warning[LOCALE002]: /Users/ianzepp/work/faberlang/worktrees/pgc-a4/gradus/src/block_verify.fab:732
  | ⁨            row_values.append(logits.data.get(r * width + c) coalesce 0.0 ∷ f32)⁩
warning[LOCALE002]: /Users/ianzepp/work/faberlang/worktrees/pgc-a4/gradus/src/block_verify.fab:734
  | ⁨        const int best ← row_values.argmax() coalesce 0⁩
warning[LOCALE002]: /Users/ianzepp/work/faberlang/worktrees/pgc-a4/gradus/src/block_verify.fab:735
  | ⁨        targets.append(best)⁩
warning[LOCALE002]: /Users/ianzepp/work/faberlang/worktrees/pgc-a4/gradus/src/block_verify.fab:745
  | ⁨    const BlockRows rows ← forward(request, cfg, source, epsilon, scale, rope_dim, rope_cfg)⁩
warning[LOCALE002]: /Users/ianzepp/work/faberlang/worktrees/pgc-a4/gradus/src/block_verify.fab:746
  | ⁨    const list<int> targets ← _greedy_targets(rows)⁩
warning[LOCALE002]: /Users/ianzepp/work/faberlang/worktrees/pgc-a4/gradus/src/block_verify.fab:754
  | ⁨    const cache_branch.BranchHandle handle ← stage(rows)⁩
warning[LOCALE002]: /Users/ianzepp/work/faberlang/worktrees/pgc-a4/gradus/src/block_verify.fab:756
  | ⁨    return construct_verification(rows, acceptance, committed)⁩
warning[WARN014:file_interface_export_skipped]: /Users/ianzepp/work/faberlang/worktrees/pgc-a4/gradus/src/block_verify.fab:1
  | ⁨# Typed cached-block request/result contract — SD2-U1⁩
warning[WARN014:file_interface_export_skipped]: /Users/ianzepp/work/faberlang/worktrees/pgc-a4/gradus/src/block_verify.fab:1
  | ⁨# Typed cached-block request/result contract — SD2-U1⁩
warning[WARN014:file_interface_export_skipped]: /Users/ianzepp/work/faberlang/worktrees/pgc-a4/gradus/src/block_verify.fab:1
  | ⁨# Typed cached-block request/result contract — SD2-U1⁩
warning[WARN014:file_interface_export_skipped]: /Users/ianzepp/work/faberlang/worktrees/pgc-a4/gradus/src/block_verify.fab:1
  | ⁨# Typed cached-block request/result contract — SD2-U1⁩
warning[WARN014:file_interface_export_skipped]: /Users/ianzepp/work/faberlang/worktrees/pgc-a4/gradus/src/block_verify.fab:1
  | ⁨# Typed cached-block request/result contract — SD2-U1⁩
warning[WARN014:file_interface_export_skipped]: /Users/ianzepp/work/faberlang/worktrees/pgc-a4/gradus/src/block_verify.fab:1
  | ⁨# Typed cached-block request/result contract — SD2-U1⁩
warning[WARN014:file_interface_export_skipped]: /Users/ianzepp/work/faberlang/worktrees/pgc-a4/gradus/src/block_verify.fab:1
  | ⁨# Typed cached-block request/result contract — SD2-U1⁩
warning[WARN024:union_nominal_members]: /Users/ianzepp/work/faberlang/worktrees/pgc-a4/gradus/src/block_verify.fab:44
  | ⁨fn from_dense_error(dense.DenseError err) → VerifyError {⁩
warning[WARN025:union_no_common_members]: /Users/ianzepp/work/faberlang/worktrees/pgc-a4/gradus/src/block_verify.fab:44
  | ⁨fn from_dense_error(dense.DenseError err) → VerifyError {⁩
warning[WARN024:union_nominal_members]: /Users/ianzepp/work/faberlang/worktrees/pgc-a4/gradus/src/block_verify.fab:62
  | ⁨fn from_branch_error(cache_branch.BranchError err) → VerifyError {⁩
warning[WARN025:union_no_common_members]: /Users/ianzepp/work/faberlang/worktrees/pgc-a4/gradus/src/block_verify.fab:62
  | ⁨fn from_branch_error(cache_branch.BranchError err) → VerifyError {⁩
warning[WARN018:prefer_string_template]: /Users/ianzepp/work/faberlang/worktrees/pgc-a4/gradus/src/block_verify.fab:707
  | ⁨        expected_history ← expected_history + "," + (token_id ↦ string)⁩
warning[WARN003:unused_function]: /Users/ianzepp/work/faberlang/worktrees/pgc-a4/gradus/src/block_verify.fab:44
  | ⁨fn from_dense_error(dense.DenseError err) → VerifyError {⁩
warning[WARN003:unused_function]: /Users/ianzepp/work/faberlang/worktrees/pgc-a4/gradus/src/block_verify.fab:62
  | ⁨fn from_branch_error(cache_branch.BranchError err) → VerifyError {⁩
warning[WARN003:unused_function]: /Users/ianzepp/work/faberlang/worktrees/pgc-a4/gradus/src/block_verify.fab:134
  | ⁨fn construct_request(cache_branch.KVCheckpoint checkpoint, list<int> candidate_ids) → BlockRequest ⇥ VerifyError {⁩
warning[WARN003:unused_function]: /Users/ianzepp/work/faberlang/worktrees/pgc-a4/gradus/src/block_verify.fab:373
  | ⁨fn abort_staged(cache_branch.BranchHandle handle) → cache_branch.KVCheckpoint {⁩
warning[WARN003:unused_function]: /Users/ianzepp/work/faberlang/worktrees/pgc-a4/gradus/src/block_verify.fab:402
  | ⁨fn default_trace() → OracleTrace {⁩
warning[WARN003:unused_function]: /Users/ianzepp/work/faberlang/worktrees/pgc-a4/gradus/src/block_verify.fab:422
  | ⁨fn recompute(BlockRequest request, list<int> prefix_ids, dense.DenseConfig cfg, (string, int) → tensor.NumericBlock ⇥ dense.DenseError source, f32 epsilon, f32 scale, int rope_dim, attention.RopeConfig rope_cfg) → OracleTrace ⇥ VerifyError {⁩
warning[WARN003:unused_function]: /Users/ianzepp/work/faberlang/worktrees/pgc-a4/gradus/src/block_verify.fab:494
  | ⁨fn default_report() → OracleReport {⁩
warning[WARN003:unused_function]: /Users/ianzepp/work/faberlang/worktrees/pgc-a4/gradus/src/block_verify.fab:552
  | ⁨fn oracle_equal(BlockRows block_rows, OracleTrace trace, f32 epsilon) → OracleReport ⇥ VerifyError {⁩
warning[WARN003:unused_function]: /Users/ianzepp/work/faberlang/worktrees/pgc-a4/gradus/src/block_verify.fab:647
  | ⁨fn default_verification() → BlockVerification {⁩
warning[WARN003:unused_function]: /Users/ianzepp/work/faberlang/worktrees/pgc-a4/gradus/src/block_verify.fab:652
  | ⁨fn verification_equal(BlockVerification a, BlockVerification b) → bool {⁩
warning[WARN003:unused_function]: /Users/ianzepp/work/faberlang/worktrees/pgc-a4/gradus/src/block_verify.fab:744
  | ⁨fn verify(BlockRequest request, dense.DenseConfig cfg, (string, int) → tensor.NumericBlock ⇥ dense.DenseError source, f32 epsilon, f32 scale, int rope_dim, attention.RopeConfig rope_cfg) → BlockVerification ⇥ VerifyError {⁩
warning[WARN027:complexity_budget_exceeded]: /Users/ianzepp/work/faberlang/worktrees/pgc-a4/gradus/src/block_verify.fab:196
  | ⁨fn rows_equal(BlockRows a, BlockRows b) → bool {⁩
warning[WARN027:complexity_budget_exceeded]: /Users/ianzepp/work/faberlang/worktrees/pgc-a4/gradus/src/block_verify.fab:232
  | ⁨fn construct_rows(BlockRequest request, list<int> target_positions, tensor.NumericBlock logits, list<tensor.NumericBlock> candidate_keys, list<tensor.NumericBlock> candidate_payloads) → BlockRows ⇥ VerifyError {⁩
warning[WARN027:complexity_budget_exceeded]: /Users/ianzepp/work/faberlang/worktrees/pgc-a4/gradus/src/block_verify.fab:275
  | ⁨fn _admit_model(BlockRequest request, dense.DenseConfig cfg) → bool ⇥ VerifyError {⁩
warning[WARN027:complexity_budget_exceeded]: /Users/ianzepp/work/faberlang/worktrees/pgc-a4/gradus/src/block_verify.fab:422
  | ⁨fn recompute(BlockRequest request, list<int> prefix_ids, dense.DenseConfig cfg, (string, int) → tensor.NumericBlock ⇥ dense.DenseError source, f32 epsilon, f32 scale, int rope_dim, attention.RopeConfig rope_cfg) → OracleTrace ⇥ VerifyError {⁩
warning[WARN027:complexity_budget_exceeded]: /Users/ianzepp/work/faberlang/worktrees/pgc-a4/gradus/src/block_verify.fab:552
  | ⁨fn oracle_equal(BlockRows block_rows, OracleTrace trace, f32 epsilon) → OracleReport ⇥ VerifyError {⁩
warning[WARN027:complexity_budget_exceeded]: /Users/ianzepp/work/faberlang/worktrees/pgc-a4/gradus/src/block_verify.fab:662
  | ⁨fn construct_verification(BlockRows rows, speculative.GreedyAcceptance acceptance, cache_branch.KVCheckpoint committed_checkpoint) → BlockVerification ⇥ VerifyError {⁩
ok: /Users/ianzepp/work/faberlang/worktrees/pgc-a4/gradus/src/block_verify.fab
