     Locking 9 packages to latest compatible versions
    Updating radix-codegen-shared v0.83.0 (/private/var/folders/jb/3dn8vtk172l69k058t0gvctm0000gn/T/parity-work-t048th4q/radix/crates/radix-codegen-shared) -> v0.84.0
    Updating radix-diagnostics v0.83.0 (/private/var/folders/jb/3dn8vtk172l69k058t0gvctm0000gn/T/parity-work-t048th4q/radix/crates/radix-diagnostics) -> v0.84.0
    Updating radix-hir v0.83.0 (/private/var/folders/jb/3dn8vtk172l69k058t0gvctm0000gn/T/parity-work-t048th4q/radix/crates/radix-hir) -> v0.84.0
    Updating radix-host-abi v0.83.0 (/private/var/folders/jb/3dn8vtk172l69k058t0gvctm0000gn/T/parity-work-t048th4q/radix/crates/radix-host-abi) -> v0.84.0
    Updating radix-lexer v0.83.0 (/private/var/folders/jb/3dn8vtk172l69k058t0gvctm0000gn/T/parity-work-t048th4q/radix/crates/radix-lexer) -> v0.84.0
    Updating radix-mir v0.83.0 (/private/var/folders/jb/3dn8vtk172l69k058t0gvctm0000gn/T/parity-work-t048th4q/radix/crates/radix-mir) -> v0.84.0
    Updating radix-mir-fmir v0.83.0 (/private/var/folders/jb/3dn8vtk172l69k058t0gvctm0000gn/T/parity-work-t048th4q/radix/crates/radix-mir-fmir) -> v0.84.0
    Updating radix-syntax v0.83.0 (/private/var/folders/jb/3dn8vtk172l69k058t0gvctm0000gn/T/parity-work-t048th4q/radix/crates/radix-syntax) -> v0.84.0
    Updating radix-types v0.83.0 (/private/var/folders/jb/3dn8vtk172l69k058t0gvctm0000gn/T/parity-work-t048th4q/radix/crates/radix-types) -> v0.84.0
warning: unreachable pattern
    --> macos-arm64/tests/gea3_decode.rs:1621:30
     |
1608 |         | "prefill_embedding_gather" => matches!(plan, Gea3Plan::TiledMatMul(_)),
     |           -------------------------- matches all the relevant values
...
1621 |         "embedding_gather" | "prefill_embedding_gather" => matches!(plan, Gea3Plan::TiledMatMul(_)),
     |                              ^^^^^^^^^^^^^^^^^^^^^^^^^^ no value can reach this
     |
     = note: `#[warn(unreachable_patterns)]` (part of `#[warn(unused)]`) on by default

warning: unused variable: `kv_alloc_us`
    --> macos-arm64/tests/gea3_decode.rs:4224:9
     |
4224 |     let kv_alloc_us = kv_setup_us;
     |         ^^^^^^^^^^^ help: if this is intentional, prefix it with an underscore: `_kv_alloc_us`
     |
     = note: `#[warn(unused_variables)]` (part of `#[warn(unused)]`) on by default

warning: `faber-host-macos-arm64` (test "gea3_decode") generated 2 warnings (run `cargo fix --test "gea3_decode" -p faber-host-macos-arm64` to apply 1 suggestion)
    Finished `release` profile [optimized] target(s) in 0.14s
warning: the following packages contain code that will be rejected by a future version of Rust: block v0.1.6
note: to see what the problems were, use the option `--future-incompat-report`, or run `cargo report future-incompatibilities --id 1`
     Running tests/gea3_decode.rs (target/release/deps/gea3_decode-66883988121169d8)
GEA3 physical Metal receipt: /Users/ianzepp/work/faberlang/worktrees/pgc-c2/gradus/docs/factory/perf-gap-closure/evidence/PGC-C2/parity-raw/parity-metal-m5max/run-001/faber-gea3-metal-receipt.json
GEA3 parity timing companion: /Users/ianzepp/work/faberlang/worktrees/pgc-c2/gradus/docs/factory/perf-gap-closure/evidence/PGC-C2/parity-raw/parity-metal-m5max/run-001/gea3-parity-timing-companion.json
