warning[LOCALE002]: /Users/ianzepp/work/faberlang/worktrees/pgc-a6/gradus/src/sampling.fab:59
  | ⁨import from "gradus:dtype" dtype⁩
warning[LOCALE002]: /Users/ianzepp/work/faberlang/worktrees/pgc-a6/gradus/src/sampling.fab:126
  | ⁨    require dtype.finite(τ) throw variant InvalidConfig {message = "temperature must be non-negative"}⁩
warning[LOCALE002]: /Users/ianzepp/work/faberlang/worktrees/pgc-a6/gradus/src/sampling.fab:129
  | ⁨    require dtype.finite(top_p) throw variant InvalidConfig {message = "top-p must be within [0, 1]"}⁩
warning[LOCALE002]: /Users/ianzepp/work/faberlang/worktrees/pgc-a6/gradus/src/sampling.fab:132
  | ⁨    require dtype.finite(min_p) throw variant InvalidConfig {message = "min-p must be within [0, 1]"}⁩
warning[LOCALE002]: /Users/ianzepp/work/faberlang/worktrees/pgc-a6/gradus/src/sampling.fab:135
  | ⁨    require dtype.finite(repetition_penalty) throw variant InvalidConfig {message = "repetition penalty must be at least 1"}⁩
warning[LOCALE002]: /Users/ianzepp/work/faberlang/worktrees/pgc-a6/gradus/src/sampling.fab:266
  | ⁨fn _prefers(list<f32> xs, int a, int b) → bool {⁩
warning[LOCALE002]: /Users/ianzepp/work/faberlang/worktrees/pgc-a6/gradus/src/sampling.fab:267
  | ⁨    const f32 va ← xs.get(a) coalesce 0.0 ∷ f32⁩
warning[LOCALE002]: /Users/ianzepp/work/faberlang/worktrees/pgc-a6/gradus/src/sampling.fab:267
  | ⁨    const f32 va ← xs.get(a) coalesce 0.0 ∷ f32⁩
warning[LOCALE002]: /Users/ianzepp/work/faberlang/worktrees/pgc-a6/gradus/src/sampling.fab:267
  | ⁨    const f32 va ← xs.get(a) coalesce 0.0 ∷ f32⁩
warning[LOCALE002]: /Users/ianzepp/work/faberlang/worktrees/pgc-a6/gradus/src/sampling.fab:268
  | ⁨    const f32 vb ← xs.get(b) coalesce 0.0 ∷ f32⁩
warning[LOCALE002]: /Users/ianzepp/work/faberlang/worktrees/pgc-a6/gradus/src/sampling.fab:268
  | ⁨    const f32 vb ← xs.get(b) coalesce 0.0 ∷ f32⁩
warning[LOCALE002]: /Users/ianzepp/work/faberlang/worktrees/pgc-a6/gradus/src/sampling.fab:269
  | ⁨    if va ≻ vb then return true⁩
warning[LOCALE002]: /Users/ianzepp/work/faberlang/worktrees/pgc-a6/gradus/src/sampling.fab:270
  | ⁨    if vb ≻ va then return false⁩
warning[LOCALE002]: /Users/ianzepp/work/faberlang/worktrees/pgc-a6/gradus/src/sampling.fab:275
  | ⁨fn _sift_down(mut list<int> heap, list<f32> xs, int i, int size) → void {⁩
warning[LOCALE002]: /Users/ianzepp/work/faberlang/worktrees/pgc-a6/gradus/src/sampling.fab:278
  | ⁨        const int child ← 2 * cur + 1⁩
warning[LOCALE002]: /Users/ianzepp/work/faberlang/worktrees/pgc-a6/gradus/src/sampling.fab:279
  | ⁨        if child ≥ size {⁩
warning[LOCALE002]: /Users/ianzepp/work/faberlang/worktrees/pgc-a6/gradus/src/sampling.fab:282
  | ⁨        var int pick ← child⁩
warning[LOCALE002]: /Users/ianzepp/work/faberlang/worktrees/pgc-a6/gradus/src/sampling.fab:283
  | ⁨        const int other ← child + 1⁩
warning[LOCALE002]: /Users/ianzepp/work/faberlang/worktrees/pgc-a6/gradus/src/sampling.fab:285
  | ⁨            if _prefers(xs, heap.get(other) coalesce 0, heap.get(pick) coalesce 0) {⁩
warning[LOCALE002]: /Users/ianzepp/work/faberlang/worktrees/pgc-a6/gradus/src/sampling.fab:285
  | ⁨            if _prefers(xs, heap.get(other) coalesce 0, heap.get(pick) coalesce 0) {⁩
warning[LOCALE002]: /Users/ianzepp/work/faberlang/worktrees/pgc-a6/gradus/src/sampling.fab:285
  | ⁨            if _prefers(xs, heap.get(other) coalesce 0, heap.get(pick) coalesce 0) {⁩
warning[LOCALE002]: /Users/ianzepp/work/faberlang/worktrees/pgc-a6/gradus/src/sampling.fab:289
  | ⁨        if _prefers(xs, heap.get(pick) coalesce 0, heap.get(cur) coalesce 0) {⁩
warning[LOCALE002]: /Users/ianzepp/work/faberlang/worktrees/pgc-a6/gradus/src/sampling.fab:289
  | ⁨        if _prefers(xs, heap.get(pick) coalesce 0, heap.get(cur) coalesce 0) {⁩
warning[LOCALE002]: /Users/ianzepp/work/faberlang/worktrees/pgc-a6/gradus/src/sampling.fab:289
  | ⁨        if _prefers(xs, heap.get(pick) coalesce 0, heap.get(cur) coalesce 0) {⁩
warning[LOCALE002]: /Users/ianzepp/work/faberlang/worktrees/pgc-a6/gradus/src/sampling.fab:290
  | ⁨            const int tmp ← heap.get(cur) coalesce 0⁩
warning[LOCALE002]: /Users/ianzepp/work/faberlang/worktrees/pgc-a6/gradus/src/sampling.fab:291
  | ⁨            heap[cur] ← heap.get(pick) coalesce 0⁩
warning[LOCALE002]: /Users/ianzepp/work/faberlang/worktrees/pgc-a6/gradus/src/sampling.fab:302
  | ⁨fn _index_heap(list<f32> xs) → list<int> {⁩
warning[LOCALE002]: /Users/ianzepp/work/faberlang/worktrees/pgc-a6/gradus/src/sampling.fab:303
  | ⁨    const int n ← xs.length()⁩
warning[LOCALE002]: /Users/ianzepp/work/faberlang/worktrees/pgc-a6/gradus/src/sampling.fab:309
  | ⁨    var int start ← n / 2⁩
warning[LOCALE002]: /Users/ianzepp/work/faberlang/worktrees/pgc-a6/gradus/src/sampling.fab:310
  | ⁨    while start ≻ 0 {⁩
warning[LOCALE002]: /Users/ianzepp/work/faberlang/worktrees/pgc-a6/gradus/src/sampling.fab:311
  | ⁨        start ← start - 1⁩
warning[LOCALE002]: /Users/ianzepp/work/faberlang/worktrees/pgc-a6/gradus/src/sampling.fab:311
  | ⁨        start ← start - 1⁩
warning[LOCALE002]: /Users/ianzepp/work/faberlang/worktrees/pgc-a6/gradus/src/sampling.fab:312
  | ⁨        _sift_down(heap, xs, start, n)⁩
warning[LOCALE002]: /Users/ianzepp/work/faberlang/worktrees/pgc-a6/gradus/src/sampling.fab:312
  | ⁨        _sift_down(heap, xs, start, n)⁩
warning[LOCALE002]: /Users/ianzepp/work/faberlang/worktrees/pgc-a6/gradus/src/sampling.fab:319
  | ⁨fn _heap_pop(mut list<int> heap, list<f32> xs, int size) → int {⁩
warning[LOCALE002]: /Users/ianzepp/work/faberlang/worktrees/pgc-a6/gradus/src/sampling.fab:320
  | ⁨    const int best ← heap.get(0) coalesce 0⁩
warning[LOCALE002]: /Users/ianzepp/work/faberlang/worktrees/pgc-a6/gradus/src/sampling.fab:320
  | ⁨    const int best ← heap.get(0) coalesce 0⁩
warning[LOCALE002]: /Users/ianzepp/work/faberlang/worktrees/pgc-a6/gradus/src/sampling.fab:321
  | ⁨    const int last ← size - 1⁩
warning[LOCALE002]: /Users/ianzepp/work/faberlang/worktrees/pgc-a6/gradus/src/sampling.fab:322
  | ⁨    if last ≻ 0 {⁩
warning[LOCALE002]: /Users/ianzepp/work/faberlang/worktrees/pgc-a6/gradus/src/sampling.fab:323
  | ⁨        heap[0] ← heap.get(last) coalesce 0⁩
warning[LOCALE002]: /Users/ianzepp/work/faberlang/worktrees/pgc-a6/gradus/src/sampling.fab:323
  | ⁨        heap[0] ← heap.get(last) coalesce 0⁩
warning[LOCALE002]: /Users/ianzepp/work/faberlang/worktrees/pgc-a6/gradus/src/sampling.fab:324
  | ⁨        _sift_down(heap, xs, 0, last)⁩
warning[LOCALE002]: /Users/ianzepp/work/faberlang/worktrees/pgc-a6/gradus/src/sampling.fab:324
  | ⁨        _sift_down(heap, xs, 0, last)⁩
warning[LOCALE002]: /Users/ianzepp/work/faberlang/worktrees/pgc-a6/gradus/src/sampling.fab:326
  | ⁨    return best⁩
warning[LOCALE002]: /Users/ianzepp/work/faberlang/worktrees/pgc-a6/gradus/src/sampling.fab:330
  | ⁨fn _finite(list<f32> xs) → bool {⁩
warning[LOCALE002]: /Users/ianzepp/work/faberlang/worktrees/pgc-a6/gradus/src/sampling.fab:332
  | ⁨    for from xs const v {⁩
warning[LOCALE002]: /Users/ianzepp/work/faberlang/worktrees/pgc-a6/gradus/src/sampling.fab:333
  | ⁨        if not dtype.finite(v) then return false⁩
warning[LOCALE002]: /Users/ianzepp/work/faberlang/worktrees/pgc-a6/gradus/src/sampling.fab:359
  | ⁨fn _replace_at(list<f32> xs, int i, f32 v) → list<f32> {⁩
warning[LOCALE002]: /Users/ianzepp/work/faberlang/worktrees/pgc-a6/gradus/src/sampling.fab:361
  | ⁨    var list<f32> out ← empty⁩
warning[LOCALE002]: /Users/ianzepp/work/faberlang/worktrees/pgc-a6/gradus/src/sampling.fab:362
  | ⁨    for range 0‥xs.length() const j {⁩
warning[LOCALE002]: /Users/ianzepp/work/faberlang/worktrees/pgc-a6/gradus/src/sampling.fab:364
  | ⁨            out.append(v)⁩
warning[LOCALE002]: /Users/ianzepp/work/faberlang/worktrees/pgc-a6/gradus/src/sampling.fab:367
  | ⁨            out.append(xs.get(j) coalesce 0.0 ∷ f32)⁩
warning[LOCALE002]: /Users/ianzepp/work/faberlang/worktrees/pgc-a6/gradus/src/sampling.fab:367
  | ⁨            out.append(xs.get(j) coalesce 0.0 ∷ f32)⁩
warning[LOCALE002]: /Users/ianzepp/work/faberlang/worktrees/pgc-a6/gradus/src/sampling.fab:367
  | ⁨            out.append(xs.get(j) coalesce 0.0 ∷ f32)⁩
warning[LOCALE002]: /Users/ianzepp/work/faberlang/worktrees/pgc-a6/gradus/src/sampling.fab:370
  | ⁨    return out⁩
warning[LOCALE002]: /Users/ianzepp/work/faberlang/worktrees/pgc-a6/gradus/src/sampling.fab:380
  | ⁨    var list<f32> out ← empty⁩
warning[LOCALE002]: /Users/ianzepp/work/faberlang/worktrees/pgc-a6/gradus/src/sampling.fab:382
  | ⁨        out.append(v)⁩
warning[LOCALE002]: /Users/ianzepp/work/faberlang/worktrees/pgc-a6/gradus/src/sampling.fab:385
  | ⁨        const f32 w ← out.get(t) coalesce 0.0 ∷ f32⁩
warning[LOCALE002]: /Users/ianzepp/work/faberlang/worktrees/pgc-a6/gradus/src/sampling.fab:385
  | ⁨        const f32 w ← out.get(t) coalesce 0.0 ∷ f32⁩
warning[LOCALE002]: /Users/ianzepp/work/faberlang/worktrees/pgc-a6/gradus/src/sampling.fab:387
  | ⁨            out[t] ← w / penalty⁩
warning[LOCALE002]: /Users/ianzepp/work/faberlang/worktrees/pgc-a6/gradus/src/sampling.fab:390
  | ⁨            out[t] ← w * penalty⁩
warning[LOCALE002]: /Users/ianzepp/work/faberlang/worktrees/pgc-a6/gradus/src/sampling.fab:393
  | ⁨    return out⁩
warning[LOCALE002]: /Users/ianzepp/work/faberlang/worktrees/pgc-a6/gradus/src/sampling.fab:411
  | ⁨fn _top_k(list<f32> xs, int k) → TopKResult {⁩
warning[LOCALE002]: /Users/ianzepp/work/faberlang/worktrees/pgc-a6/gradus/src/sampling.fab:412
  | ⁨    const int n ← xs.length()⁩
warning[LOCALE002]: /Users/ianzepp/work/faberlang/worktrees/pgc-a6/gradus/src/sampling.fab:416
  | ⁨        for from xs const v {⁩
warning[LOCALE002]: /Users/ianzepp/work/faberlang/worktrees/pgc-a6/gradus/src/sampling.fab:422
  | ⁨    var list<int> heap ← _index_heap(xs)⁩
warning[LOCALE002]: /Users/ianzepp/work/faberlang/worktrees/pgc-a6/gradus/src/sampling.fab:424
  | ⁨    var int count ← 0⁩
warning[LOCALE002]: /Users/ianzepp/work/faberlang/worktrees/pgc-a6/gradus/src/sampling.fab:425
  | ⁨    while count ≺ k and size ≻ 0 {⁩
warning[LOCALE002]: /Users/ianzepp/work/faberlang/worktrees/pgc-a6/gradus/src/sampling.fab:426
  | ⁨        const int best ← _heap_pop(heap, xs, size)⁩
warning[LOCALE002]: /Users/ianzepp/work/faberlang/worktrees/pgc-a6/gradus/src/sampling.fab:426
  | ⁨        const int best ← _heap_pop(heap, xs, size)⁩
warning[LOCALE002]: /Users/ianzepp/work/faberlang/worktrees/pgc-a6/gradus/src/sampling.fab:428
  | ⁨        keep[best] ← true⁩
warning[LOCALE002]: /Users/ianzepp/work/faberlang/worktrees/pgc-a6/gradus/src/sampling.fab:429
  | ⁨        count ← count + 1⁩
warning[LOCALE002]: /Users/ianzepp/work/faberlang/worktrees/pgc-a6/gradus/src/sampling.fab:429
  | ⁨        count ← count + 1⁩
warning[LOCALE002]: /Users/ianzepp/work/faberlang/worktrees/pgc-a6/gradus/src/sampling.fab:433
  | ⁨    for from xs const v {⁩
warning[LOCALE002]: /Users/ianzepp/work/faberlang/worktrees/pgc-a6/gradus/src/sampling.fab:444
  | ⁨fn _softmax(list<f32> xs, list<bool> keep) → list<f32> {⁩
warning[LOCALE002]: /Users/ianzepp/work/faberlang/worktrees/pgc-a6/gradus/src/sampling.fab:445
  | ⁨    const int n ← xs.length()⁩
warning[LOCALE002]: /Users/ianzepp/work/faberlang/worktrees/pgc-a6/gradus/src/sampling.fab:446
  | ⁨    var int best ← 0⁩
warning[LOCALE002]: /Users/ianzepp/work/faberlang/worktrees/pgc-a6/gradus/src/sampling.fab:450
  | ⁨        if keep.get(i) coalesce false {⁩
warning[LOCALE002]: /Users/ianzepp/work/faberlang/worktrees/pgc-a6/gradus/src/sampling.fab:451
  | ⁨            const f32 v ← xs.get(i) coalesce 0.0 ∷ f32⁩
warning[LOCALE002]: /Users/ianzepp/work/faberlang/worktrees/pgc-a6/gradus/src/sampling.fab:451
  | ⁨            const f32 v ← xs.get(i) coalesce 0.0 ∷ f32⁩
warning[LOCALE002]: /Users/ianzepp/work/faberlang/worktrees/pgc-a6/gradus/src/sampling.fab:453
  | ⁨                best ← i⁩
warning[LOCALE002]: /Users/ianzepp/work/faberlang/worktrees/pgc-a6/gradus/src/sampling.fab:459
  | ⁨    const f32 m ← xs.get(best) coalesce 0.0 ∷ f32⁩
warning[LOCALE002]: /Users/ianzepp/work/faberlang/worktrees/pgc-a6/gradus/src/sampling.fab:459
  | ⁨    const f32 m ← xs.get(best) coalesce 0.0 ∷ f32⁩
warning[LOCALE002]: /Users/ianzepp/work/faberlang/worktrees/pgc-a6/gradus/src/sampling.fab:459
  | ⁨    const f32 m ← xs.get(best) coalesce 0.0 ∷ f32⁩
warning[LOCALE002]: /Users/ianzepp/work/faberlang/worktrees/pgc-a6/gradus/src/sampling.fab:464
  | ⁨    var list<f32> es ← empty⁩
warning[LOCALE002]: /Users/ianzepp/work/faberlang/worktrees/pgc-a6/gradus/src/sampling.fab:466
  | ⁨        if keep.get(i) coalesce false {⁩
warning[LOCALE002]: /Users/ianzepp/work/faberlang/worktrees/pgc-a6/gradus/src/sampling.fab:467
  | ⁨            const f32 e ← _exp(xs.get(i) coalesce 0.0 ∷ f32 - m)⁩
warning[LOCALE002]: /Users/ianzepp/work/faberlang/worktrees/pgc-a6/gradus/src/sampling.fab:467
  | ⁨            const f32 e ← _exp(xs.get(i) coalesce 0.0 ∷ f32 - m)⁩
warning[LOCALE002]: /Users/ianzepp/work/faberlang/worktrees/pgc-a6/gradus/src/sampling.fab:468
  | ⁨            es.append(e)⁩
warning[LOCALE002]: /Users/ianzepp/work/faberlang/worktrees/pgc-a6/gradus/src/sampling.fab:471
  | ⁨            es.append(0.0)⁩
warning[LOCALE002]: /Users/ianzepp/work/faberlang/worktrees/pgc-a6/gradus/src/sampling.fab:474
  | ⁨    const f32 sum ← es.reduce((f32 acc, f32 e) ∴ acc + e, 0.0)⁩
warning[LOCALE002]: /Users/ianzepp/work/faberlang/worktrees/pgc-a6/gradus/src/sampling.fab:475
  | ⁨    return es.map(f32 e ∴ e / sum)⁩
warning[LOCALE002]: /Users/ianzepp/work/faberlang/worktrees/pgc-a6/gradus/src/sampling.fab:479
  | ⁨fn _renormalize_mask(list<f32> ps, list<bool> keep) → list<f32> {⁩
warning[LOCALE002]: /Users/ianzepp/work/faberlang/worktrees/pgc-a6/gradus/src/sampling.fab:482
  | ⁨    const int n ← ps.length()⁩
warning[LOCALE002]: /Users/ianzepp/work/faberlang/worktrees/pgc-a6/gradus/src/sampling.fab:485
  | ⁨        if keep.get(i) coalesce false {⁩
warning[LOCALE002]: /Users/ianzepp/work/faberlang/worktrees/pgc-a6/gradus/src/sampling.fab:486
  | ⁨            sum ← sum + ps.get(i) coalesce 0.0 ∷ f32⁩
warning[LOCALE002]: /Users/ianzepp/work/faberlang/worktrees/pgc-a6/gradus/src/sampling.fab:486
  | ⁨            sum ← sum + ps.get(i) coalesce 0.0 ∷ f32⁩
warning[LOCALE002]: /Users/ianzepp/work/faberlang/worktrees/pgc-a6/gradus/src/sampling.fab:489
  | ⁨    var list<f32> out ← empty⁩
warning[LOCALE002]: /Users/ianzepp/work/faberlang/worktrees/pgc-a6/gradus/src/sampling.fab:491
  | ⁨        if keep.get(i) coalesce false {⁩
warning[LOCALE002]: /Users/ianzepp/work/faberlang/worktrees/pgc-a6/gradus/src/sampling.fab:492
  | ⁨            out.append(ps.get(i) coalesce 0.0 ∷ f32 / sum)⁩
warning[LOCALE002]: /Users/ianzepp/work/faberlang/worktrees/pgc-a6/gradus/src/sampling.fab:492
  | ⁨            out.append(ps.get(i) coalesce 0.0 ∷ f32 / sum)⁩
warning[LOCALE002]: /Users/ianzepp/work/faberlang/worktrees/pgc-a6/gradus/src/sampling.fab:492
  | ⁨            out.append(ps.get(i) coalesce 0.0 ∷ f32 / sum)⁩
warning[LOCALE002]: /Users/ianzepp/work/faberlang/worktrees/pgc-a6/gradus/src/sampling.fab:495
  | ⁨            out.append(0.0)⁩
warning[LOCALE002]: /Users/ianzepp/work/faberlang/worktrees/pgc-a6/gradus/src/sampling.fab:498
  | ⁨    return out⁩
warning[LOCALE002]: /Users/ianzepp/work/faberlang/worktrees/pgc-a6/gradus/src/sampling.fab:506
  | ⁨fn _top_p(list<f32> ps, f32 p) → list<f32> {⁩
warning[LOCALE002]: /Users/ianzepp/work/faberlang/worktrees/pgc-a6/gradus/src/sampling.fab:507
  | ⁨    if p ≤ 0.0 or p ≥ 1.0 then return ps⁩
warning[LOCALE002]: /Users/ianzepp/work/faberlang/worktrees/pgc-a6/gradus/src/sampling.fab:508
  | ⁨    const int n ← ps.length()⁩
warning[LOCALE002]: /Users/ianzepp/work/faberlang/worktrees/pgc-a6/gradus/src/sampling.fab:510
  | ⁨    var list<int> heap ← _index_heap(ps)⁩
warning[LOCALE002]: /Users/ianzepp/work/faberlang/worktrees/pgc-a6/gradus/src/sampling.fab:512
  | ⁨    var f32 cum ← 0.0⁩
warning[LOCALE002]: /Users/ianzepp/work/faberlang/worktrees/pgc-a6/gradus/src/sampling.fab:514
  | ⁨    while cum ≺ p and progress {⁩
warning[LOCALE002]: /Users/ianzepp/work/faberlang/worktrees/pgc-a6/gradus/src/sampling.fab:519
  | ⁨            const int best ← _heap_pop(heap, ps, size)⁩
warning[LOCALE002]: /Users/ianzepp/work/faberlang/worktrees/pgc-a6/gradus/src/sampling.fab:519
  | ⁨            const int best ← _heap_pop(heap, ps, size)⁩
warning[LOCALE002]: /Users/ianzepp/work/faberlang/worktrees/pgc-a6/gradus/src/sampling.fab:521
  | ⁨            const f32 v ← ps.get(best) coalesce 0.0 ∷ f32⁩
warning[LOCALE002]: /Users/ianzepp/work/faberlang/worktrees/pgc-a6/gradus/src/sampling.fab:521
  | ⁨            const f32 v ← ps.get(best) coalesce 0.0 ∷ f32⁩
warning[LOCALE002]: /Users/ianzepp/work/faberlang/worktrees/pgc-a6/gradus/src/sampling.fab:521
  | ⁨            const f32 v ← ps.get(best) coalesce 0.0 ∷ f32⁩
warning[LOCALE002]: /Users/ianzepp/work/faberlang/worktrees/pgc-a6/gradus/src/sampling.fab:523
  | ⁨                keep[best] ← true⁩
warning[LOCALE002]: /Users/ianzepp/work/faberlang/worktrees/pgc-a6/gradus/src/sampling.fab:524
  | ⁨                cum ← cum + v⁩
warning[LOCALE002]: /Users/ianzepp/work/faberlang/worktrees/pgc-a6/gradus/src/sampling.fab:524
  | ⁨                cum ← cum + v⁩
warning[LOCALE002]: /Users/ianzepp/work/faberlang/worktrees/pgc-a6/gradus/src/sampling.fab:531
  | ⁨    return _renormalize_mask(ps, keep)⁩
warning[LOCALE002]: /Users/ianzepp/work/faberlang/worktrees/pgc-a6/gradus/src/sampling.fab:535
  | ⁨fn _min_p(list<f32> ps, f32 p) → list<f32> {⁩
warning[LOCALE002]: /Users/ianzepp/work/faberlang/worktrees/pgc-a6/gradus/src/sampling.fab:536
  | ⁨    if p ≤ 0.0 then return ps⁩
warning[LOCALE002]: /Users/ianzepp/work/faberlang/worktrees/pgc-a6/gradus/src/sampling.fab:537
  | ⁨    const int max_index ← ps.argmax() coalesce 0⁩
warning[LOCALE002]: /Users/ianzepp/work/faberlang/worktrees/pgc-a6/gradus/src/sampling.fab:538
  | ⁨    const f32 mx ← ps.get(max_index) coalesce 0.0 ∷ f32⁩
warning[LOCALE002]: /Users/ianzepp/work/faberlang/worktrees/pgc-a6/gradus/src/sampling.fab:538
  | ⁨    const f32 mx ← ps.get(max_index) coalesce 0.0 ∷ f32⁩
warning[LOCALE002]: /Users/ianzepp/work/faberlang/worktrees/pgc-a6/gradus/src/sampling.fab:538
  | ⁨    const f32 mx ← ps.get(max_index) coalesce 0.0 ∷ f32⁩
warning[LOCALE002]: /Users/ianzepp/work/faberlang/worktrees/pgc-a6/gradus/src/sampling.fab:539
  | ⁨    const f32 threshold ← mx * p⁩
warning[LOCALE002]: /Users/ianzepp/work/faberlang/worktrees/pgc-a6/gradus/src/sampling.fab:540
  | ⁨    const list<bool> keep ← ps.map(f32 v ∴ v ≥ threshold)⁩
warning[LOCALE002]: /Users/ianzepp/work/faberlang/worktrees/pgc-a6/gradus/src/sampling.fab:541
  | ⁨    return _renormalize_mask(ps, keep)⁩
warning[LOCALE002]: /Users/ianzepp/work/faberlang/worktrees/pgc-a6/gradus/src/sampling.fab:552
  | ⁨    var f32 cum ← 0.0⁩
warning[LOCALE002]: /Users/ianzepp/work/faberlang/worktrees/pgc-a6/gradus/src/sampling.fab:554
  | ⁨        cum ← cum + probs.get(i) coalesce 0.0 ∷ f32⁩
warning[LOCALE002]: /Users/ianzepp/work/faberlang/worktrees/pgc-a6/gradus/src/sampling.fab:554
  | ⁨        cum ← cum + probs.get(i) coalesce 0.0 ∷ f32⁩
warning[LOCALE002]: /Users/ianzepp/work/faberlang/worktrees/pgc-a6/gradus/src/sampling.fab:554
  | ⁨        cum ← cum + probs.get(i) coalesce 0.0 ∷ f32⁩
warning[LOCALE002]: /Users/ianzepp/work/faberlang/worktrees/pgc-a6/gradus/src/sampling.fab:555
  | ⁨        if u ≺ cum then return Sampler {token_id = i, seed = u_f.seed()}⁩
warning[WARN014:file_interface_export_skipped]: /Users/ianzepp/work/faberlang/worktrees/pgc-a6/gradus/src/sampling.fab:1
  | ⁨# Sampling — deterministic token sampling (PML5-U3, production inference⁩
warning[WARN014:file_interface_export_skipped]: /Users/ianzepp/work/faberlang/worktrees/pgc-a6/gradus/src/sampling.fab:1
  | ⁨# Sampling — deterministic token sampling (PML5-U3, production inference⁩
warning[WARN014:file_interface_export_skipped]: /Users/ianzepp/work/faberlang/worktrees/pgc-a6/gradus/src/sampling.fab:1
  | ⁨# Sampling — deterministic token sampling (PML5-U3, production inference⁩
warning[WARN014:file_interface_export_skipped]: /Users/ianzepp/work/faberlang/worktrees/pgc-a6/gradus/src/sampling.fab:1
  | ⁨# Sampling — deterministic token sampling (PML5-U3, production inference⁩
warning[WARN013:unnecessary_varia]: /Users/ianzepp/work/faberlang/worktrees/pgc-a6/gradus/src/sampling.fab:422
  | ⁨    var list<int> heap ← _index_heap(xs)⁩
warning[WARN013:unnecessary_varia]: /Users/ianzepp/work/faberlang/worktrees/pgc-a6/gradus/src/sampling.fab:510
  | ⁨    var list<int> heap ← _index_heap(ps)⁩
warning[WARN003:unused_function]: /Users/ianzepp/work/faberlang/worktrees/pgc-a6/gradus/src/sampling.fab:125
  | ⁨fn construct_config(f32 τ, int top_k, f32 top_p, f32 min_p, f32 repetition_penalty) → Config ⇥ SamplingError {⁩
warning[WARN003:unused_function]: /Users/ianzepp/work/faberlang/worktrees/pgc-a6/gradus/src/sampling.fab:144
  | ⁨fn default_config() → Config {⁩
warning[WARN003:unused_function]: /Users/ianzepp/work/faberlang/worktrees/pgc-a6/gradus/src/sampling.fab:172
  | ⁨fn default() → Sampler {⁩
warning[WARN003:unused_function]: /Users/ianzepp/work/faberlang/worktrees/pgc-a6/gradus/src/sampling.fab:182
  | ⁨fn max(list<f32> logits) → int ⇥ SamplingError {⁩
warning[WARN003:unused_function]: /Users/ianzepp/work/faberlang/worktrees/pgc-a6/gradus/src/sampling.fab:195
  | ⁨fn distribution(list<f32> logits, Config c, list<int> history) → list<f32> ⇥ SamplingError {⁩
warning[WARN003:unused_function]: /Users/ianzepp/work/faberlang/worktrees/pgc-a6/gradus/src/sampling.fab:209
  | ⁨fn sample(list<f32> logits, Config c, list<int> history, train.Seed seed) → Sampler ⇥ SamplingError {⁩
ok: /Users/ianzepp/work/faberlang/worktrees/pgc-a6/gradus/src/sampling.fab
