warning[LOCALE002]: /Users/ianzepp/work/faberlang/worktrees/pgc-a6/gradus/src/sampling.fab:59
  | ⁨import from "gradus:dtype" dtype⁩
warning[LOCALE002]: /Users/ianzepp/work/faberlang/worktrees/pgc-a6/gradus/src/sampling.fab:126
  | ⁨    require dtype.finite(τ) throw variant InvalidConfig {message = "temperature must be non-negative"}⁩
warning[LOCALE002]: /Users/ianzepp/work/faberlang/worktrees/pgc-a6/gradus/src/sampling.fab:129
  | ⁨    require dtype.finite(top_p) throw variant InvalidConfig {message = "top-p must be within [0, 1]"}⁩
warning[LOCALE002]: /Users/ianzepp/work/faberlang/worktrees/pgc-a6/gradus/src/sampling.fab:132
  | ⁨    require dtype.finite(min_p) throw variant InvalidConfig {message = "min-p must be within [0, 1]"}⁩
warning[LOCALE002]: /Users/ianzepp/work/faberlang/worktrees/pgc-a6/gradus/src/sampling.fab:135
  | ⁨    require dtype.finite(repetition_penalty) throw variant InvalidConfig {message = "repetition penalty must be at least 1"}⁩
warning[LOCALE002]: /Users/ianzepp/work/faberlang/worktrees/pgc-a6/gradus/src/sampling.fab:265
  | ⁨fn _prefers(list<f32> xs, int a, int b) → bool {⁩
warning[LOCALE002]: /Users/ianzepp/work/faberlang/worktrees/pgc-a6/gradus/src/sampling.fab:266
  | ⁨    const f32 va ← xs.get(a) coalesce 0.0 ∷ f32⁩
warning[LOCALE002]: /Users/ianzepp/work/faberlang/worktrees/pgc-a6/gradus/src/sampling.fab:266
  | ⁨    const f32 va ← xs.get(a) coalesce 0.0 ∷ f32⁩
warning[LOCALE002]: /Users/ianzepp/work/faberlang/worktrees/pgc-a6/gradus/src/sampling.fab:266
  | ⁨    const f32 va ← xs.get(a) coalesce 0.0 ∷ f32⁩
warning[LOCALE002]: /Users/ianzepp/work/faberlang/worktrees/pgc-a6/gradus/src/sampling.fab:267
  | ⁨    const f32 vb ← xs.get(b) coalesce 0.0 ∷ f32⁩
warning[LOCALE002]: /Users/ianzepp/work/faberlang/worktrees/pgc-a6/gradus/src/sampling.fab:267
  | ⁨    const f32 vb ← xs.get(b) coalesce 0.0 ∷ f32⁩
warning[LOCALE002]: /Users/ianzepp/work/faberlang/worktrees/pgc-a6/gradus/src/sampling.fab:268
  | ⁨    if va ≻ vb then return true⁩
warning[LOCALE002]: /Users/ianzepp/work/faberlang/worktrees/pgc-a6/gradus/src/sampling.fab:269
  | ⁨    if vb ≻ va then return false⁩
warning[LOCALE002]: /Users/ianzepp/work/faberlang/worktrees/pgc-a6/gradus/src/sampling.fab:274
  | ⁨fn _sift_down(mut list<int> heap, list<f32> xs, int i, int size) → void {⁩
warning[LOCALE002]: /Users/ianzepp/work/faberlang/worktrees/pgc-a6/gradus/src/sampling.fab:277
  | ⁨        const int child ← 2 * cur + 1⁩
warning[LOCALE002]: /Users/ianzepp/work/faberlang/worktrees/pgc-a6/gradus/src/sampling.fab:278
  | ⁨        if child ≥ size {⁩
warning[LOCALE002]: /Users/ianzepp/work/faberlang/worktrees/pgc-a6/gradus/src/sampling.fab:281
  | ⁨        var int pick ← child⁩
warning[LOCALE002]: /Users/ianzepp/work/faberlang/worktrees/pgc-a6/gradus/src/sampling.fab:282
  | ⁨        const int other ← child + 1⁩
warning[LOCALE002]: /Users/ianzepp/work/faberlang/worktrees/pgc-a6/gradus/src/sampling.fab:284
  | ⁨            if _prefers(xs, heap.get(other) coalesce 0, heap.get(pick) coalesce 0) {⁩
warning[LOCALE002]: /Users/ianzepp/work/faberlang/worktrees/pgc-a6/gradus/src/sampling.fab:284
  | ⁨            if _prefers(xs, heap.get(other) coalesce 0, heap.get(pick) coalesce 0) {⁩
warning[LOCALE002]: /Users/ianzepp/work/faberlang/worktrees/pgc-a6/gradus/src/sampling.fab:284
  | ⁨            if _prefers(xs, heap.get(other) coalesce 0, heap.get(pick) coalesce 0) {⁩
warning[LOCALE002]: /Users/ianzepp/work/faberlang/worktrees/pgc-a6/gradus/src/sampling.fab:288
  | ⁨        if _prefers(xs, heap.get(pick) coalesce 0, heap.get(cur) coalesce 0) {⁩
warning[LOCALE002]: /Users/ianzepp/work/faberlang/worktrees/pgc-a6/gradus/src/sampling.fab:288
  | ⁨        if _prefers(xs, heap.get(pick) coalesce 0, heap.get(cur) coalesce 0) {⁩
warning[LOCALE002]: /Users/ianzepp/work/faberlang/worktrees/pgc-a6/gradus/src/sampling.fab:288
  | ⁨        if _prefers(xs, heap.get(pick) coalesce 0, heap.get(cur) coalesce 0) {⁩
warning[LOCALE002]: /Users/ianzepp/work/faberlang/worktrees/pgc-a6/gradus/src/sampling.fab:289
  | ⁨            const int tmp ← heap.get(cur) coalesce 0⁩
warning[LOCALE002]: /Users/ianzepp/work/faberlang/worktrees/pgc-a6/gradus/src/sampling.fab:290
  | ⁨            heap[cur] ← heap.get(pick) coalesce 0⁩
warning[LOCALE002]: /Users/ianzepp/work/faberlang/worktrees/pgc-a6/gradus/src/sampling.fab:301
  | ⁨fn _index_heap(list<f32> xs) → list<int> {⁩
warning[LOCALE002]: /Users/ianzepp/work/faberlang/worktrees/pgc-a6/gradus/src/sampling.fab:302
  | ⁨    const int n ← xs.length()⁩
warning[LOCALE002]: /Users/ianzepp/work/faberlang/worktrees/pgc-a6/gradus/src/sampling.fab:307
  | ⁨    var int start ← n / 2⁩
warning[LOCALE002]: /Users/ianzepp/work/faberlang/worktrees/pgc-a6/gradus/src/sampling.fab:308
  | ⁨    while start ≻ 0 {⁩
warning[LOCALE002]: /Users/ianzepp/work/faberlang/worktrees/pgc-a6/gradus/src/sampling.fab:309
  | ⁨        start ← start - 1⁩
warning[LOCALE002]: /Users/ianzepp/work/faberlang/worktrees/pgc-a6/gradus/src/sampling.fab:309
  | ⁨        start ← start - 1⁩
warning[LOCALE002]: /Users/ianzepp/work/faberlang/worktrees/pgc-a6/gradus/src/sampling.fab:310
  | ⁨        _sift_down(heap, xs, start, n)⁩
warning[LOCALE002]: /Users/ianzepp/work/faberlang/worktrees/pgc-a6/gradus/src/sampling.fab:310
  | ⁨        _sift_down(heap, xs, start, n)⁩
warning[LOCALE002]: /Users/ianzepp/work/faberlang/worktrees/pgc-a6/gradus/src/sampling.fab:317
  | ⁨fn _heap_pop(mut list<int> heap, list<f32> xs, int size) → int {⁩
warning[LOCALE002]: /Users/ianzepp/work/faberlang/worktrees/pgc-a6/gradus/src/sampling.fab:318
  | ⁨    const int best ← heap.get(0) coalesce 0⁩
warning[LOCALE002]: /Users/ianzepp/work/faberlang/worktrees/pgc-a6/gradus/src/sampling.fab:318
  | ⁨    const int best ← heap.get(0) coalesce 0⁩
warning[LOCALE002]: /Users/ianzepp/work/faberlang/worktrees/pgc-a6/gradus/src/sampling.fab:319
  | ⁨    const int last ← size - 1⁩
warning[LOCALE002]: /Users/ianzepp/work/faberlang/worktrees/pgc-a6/gradus/src/sampling.fab:320
  | ⁨    if last ≻ 0 {⁩
warning[LOCALE002]: /Users/ianzepp/work/faberlang/worktrees/pgc-a6/gradus/src/sampling.fab:321
  | ⁨        heap[0] ← heap.get(last) coalesce 0⁩
warning[LOCALE002]: /Users/ianzepp/work/faberlang/worktrees/pgc-a6/gradus/src/sampling.fab:321
  | ⁨        heap[0] ← heap.get(last) coalesce 0⁩
warning[LOCALE002]: /Users/ianzepp/work/faberlang/worktrees/pgc-a6/gradus/src/sampling.fab:322
  | ⁨        _sift_down(heap, xs, 0, last)⁩
warning[LOCALE002]: /Users/ianzepp/work/faberlang/worktrees/pgc-a6/gradus/src/sampling.fab:322
  | ⁨        _sift_down(heap, xs, 0, last)⁩
warning[LOCALE002]: /Users/ianzepp/work/faberlang/worktrees/pgc-a6/gradus/src/sampling.fab:324
  | ⁨    return best⁩
warning[LOCALE002]: /Users/ianzepp/work/faberlang/worktrees/pgc-a6/gradus/src/sampling.fab:328
  | ⁨fn _finite(list<f32> xs) → bool {⁩
warning[LOCALE002]: /Users/ianzepp/work/faberlang/worktrees/pgc-a6/gradus/src/sampling.fab:329
  | ⁨    for from xs const v {⁩
warning[LOCALE002]: /Users/ianzepp/work/faberlang/worktrees/pgc-a6/gradus/src/sampling.fab:330
  | ⁨        if not dtype.finite(v) then return false⁩
warning[LOCALE002]: /Users/ianzepp/work/faberlang/worktrees/pgc-a6/gradus/src/sampling.fab:354
  | ⁨fn _replace_at(list<f32> xs, int i, f32 v) → list<f32> {⁩
warning[LOCALE002]: /Users/ianzepp/work/faberlang/worktrees/pgc-a6/gradus/src/sampling.fab:355
  | ⁨    var list<f32> out ← empty⁩
warning[LOCALE002]: /Users/ianzepp/work/faberlang/worktrees/pgc-a6/gradus/src/sampling.fab:356
  | ⁨    for range 0‥xs.length() const j {⁩
warning[LOCALE002]: /Users/ianzepp/work/faberlang/worktrees/pgc-a6/gradus/src/sampling.fab:358
  | ⁨            out.append(v)⁩
warning[LOCALE002]: /Users/ianzepp/work/faberlang/worktrees/pgc-a6/gradus/src/sampling.fab:361
  | ⁨            out.append(xs.get(j) coalesce 0.0 ∷ f32)⁩
warning[LOCALE002]: /Users/ianzepp/work/faberlang/worktrees/pgc-a6/gradus/src/sampling.fab:361
  | ⁨            out.append(xs.get(j) coalesce 0.0 ∷ f32)⁩
warning[LOCALE002]: /Users/ianzepp/work/faberlang/worktrees/pgc-a6/gradus/src/sampling.fab:361
  | ⁨            out.append(xs.get(j) coalesce 0.0 ∷ f32)⁩
warning[LOCALE002]: /Users/ianzepp/work/faberlang/worktrees/pgc-a6/gradus/src/sampling.fab:364
  | ⁨    return out⁩
warning[LOCALE002]: /Users/ianzepp/work/faberlang/worktrees/pgc-a6/gradus/src/sampling.fab:372
  | ⁨    var list<f32> out ← empty⁩
warning[LOCALE002]: /Users/ianzepp/work/faberlang/worktrees/pgc-a6/gradus/src/sampling.fab:374
  | ⁨        out.append(v)⁩
warning[LOCALE002]: /Users/ianzepp/work/faberlang/worktrees/pgc-a6/gradus/src/sampling.fab:377
  | ⁨        const f32 w ← out.get(t) coalesce 0.0 ∷ f32⁩
warning[LOCALE002]: /Users/ianzepp/work/faberlang/worktrees/pgc-a6/gradus/src/sampling.fab:377
  | ⁨        const f32 w ← out.get(t) coalesce 0.0 ∷ f32⁩
warning[LOCALE002]: /Users/ianzepp/work/faberlang/worktrees/pgc-a6/gradus/src/sampling.fab:379
  | ⁨            out[t] ← w / penalty⁩
warning[LOCALE002]: /Users/ianzepp/work/faberlang/worktrees/pgc-a6/gradus/src/sampling.fab:382
  | ⁨            out[t] ← w * penalty⁩
warning[LOCALE002]: /Users/ianzepp/work/faberlang/worktrees/pgc-a6/gradus/src/sampling.fab:385
  | ⁨    return out⁩
warning[LOCALE002]: /Users/ianzepp/work/faberlang/worktrees/pgc-a6/gradus/src/sampling.fab:390
  | ⁨    var list<f32> out ← empty⁩
warning[LOCALE002]: /Users/ianzepp/work/faberlang/worktrees/pgc-a6/gradus/src/sampling.fab:392
  | ⁨        out.append(v / τ)⁩
warning[LOCALE002]: /Users/ianzepp/work/faberlang/worktrees/pgc-a6/gradus/src/sampling.fab:394
  | ⁨    return out⁩
warning[LOCALE002]: /Users/ianzepp/work/faberlang/worktrees/pgc-a6/gradus/src/sampling.fab:407
  | ⁨fn _top_k(list<f32> xs, int k) → TopKResult {⁩
warning[LOCALE002]: /Users/ianzepp/work/faberlang/worktrees/pgc-a6/gradus/src/sampling.fab:408
  | ⁨    const int n ← xs.length()⁩
warning[LOCALE002]: /Users/ianzepp/work/faberlang/worktrees/pgc-a6/gradus/src/sampling.fab:411
  | ⁨        for from xs const v {⁩
warning[LOCALE002]: /Users/ianzepp/work/faberlang/worktrees/pgc-a6/gradus/src/sampling.fab:417
  | ⁨    var list<int> heap ← _index_heap(xs)⁩
warning[LOCALE002]: /Users/ianzepp/work/faberlang/worktrees/pgc-a6/gradus/src/sampling.fab:419
  | ⁨    var int count ← 0⁩
warning[LOCALE002]: /Users/ianzepp/work/faberlang/worktrees/pgc-a6/gradus/src/sampling.fab:420
  | ⁨    while count ≺ k and size ≻ 0 {⁩
warning[LOCALE002]: /Users/ianzepp/work/faberlang/worktrees/pgc-a6/gradus/src/sampling.fab:421
  | ⁨        const int best ← _heap_pop(heap, xs, size)⁩
warning[LOCALE002]: /Users/ianzepp/work/faberlang/worktrees/pgc-a6/gradus/src/sampling.fab:421
  | ⁨        const int best ← _heap_pop(heap, xs, size)⁩
warning[LOCALE002]: /Users/ianzepp/work/faberlang/worktrees/pgc-a6/gradus/src/sampling.fab:423
  | ⁨        keep[best] ← true⁩
warning[LOCALE002]: /Users/ianzepp/work/faberlang/worktrees/pgc-a6/gradus/src/sampling.fab:424
  | ⁨        count ← count + 1⁩
warning[LOCALE002]: /Users/ianzepp/work/faberlang/worktrees/pgc-a6/gradus/src/sampling.fab:424
  | ⁨        count ← count + 1⁩
warning[LOCALE002]: /Users/ianzepp/work/faberlang/worktrees/pgc-a6/gradus/src/sampling.fab:427
  | ⁨    for from xs const v {⁩
warning[LOCALE002]: /Users/ianzepp/work/faberlang/worktrees/pgc-a6/gradus/src/sampling.fab:438
  | ⁨fn _softmax(list<f32> xs, list<bool> keep) → list<f32> {⁩
warning[LOCALE002]: /Users/ianzepp/work/faberlang/worktrees/pgc-a6/gradus/src/sampling.fab:439
  | ⁨    const int n ← xs.length()⁩
warning[LOCALE002]: /Users/ianzepp/work/faberlang/worktrees/pgc-a6/gradus/src/sampling.fab:440
  | ⁨    var int best ← 0⁩
warning[LOCALE002]: /Users/ianzepp/work/faberlang/worktrees/pgc-a6/gradus/src/sampling.fab:444
  | ⁨        if keep.get(i) coalesce false {⁩
warning[LOCALE002]: /Users/ianzepp/work/faberlang/worktrees/pgc-a6/gradus/src/sampling.fab:445
  | ⁨            const f32 v ← xs.get(i) coalesce 0.0 ∷ f32⁩
warning[LOCALE002]: /Users/ianzepp/work/faberlang/worktrees/pgc-a6/gradus/src/sampling.fab:445
  | ⁨            const f32 v ← xs.get(i) coalesce 0.0 ∷ f32⁩
warning[LOCALE002]: /Users/ianzepp/work/faberlang/worktrees/pgc-a6/gradus/src/sampling.fab:447
  | ⁨                best ← i⁩
warning[LOCALE002]: /Users/ianzepp/work/faberlang/worktrees/pgc-a6/gradus/src/sampling.fab:453
  | ⁨    const f32 m ← xs.get(best) coalesce 0.0 ∷ f32⁩
warning[LOCALE002]: /Users/ianzepp/work/faberlang/worktrees/pgc-a6/gradus/src/sampling.fab:453
  | ⁨    const f32 m ← xs.get(best) coalesce 0.0 ∷ f32⁩
warning[LOCALE002]: /Users/ianzepp/work/faberlang/worktrees/pgc-a6/gradus/src/sampling.fab:453
  | ⁨    const f32 m ← xs.get(best) coalesce 0.0 ∷ f32⁩
warning[LOCALE002]: /Users/ianzepp/work/faberlang/worktrees/pgc-a6/gradus/src/sampling.fab:454
  | ⁨    var list<f32> es ← empty⁩
warning[LOCALE002]: /Users/ianzepp/work/faberlang/worktrees/pgc-a6/gradus/src/sampling.fab:457
  | ⁨        if keep.get(i) coalesce false {⁩
warning[LOCALE002]: /Users/ianzepp/work/faberlang/worktrees/pgc-a6/gradus/src/sampling.fab:458
  | ⁨            const f32 e ← _exp(xs.get(i) coalesce 0.0 ∷ f32 - m)⁩
warning[LOCALE002]: /Users/ianzepp/work/faberlang/worktrees/pgc-a6/gradus/src/sampling.fab:458
  | ⁨            const f32 e ← _exp(xs.get(i) coalesce 0.0 ∷ f32 - m)⁩
warning[LOCALE002]: /Users/ianzepp/work/faberlang/worktrees/pgc-a6/gradus/src/sampling.fab:459
  | ⁨            es.append(e)⁩
warning[LOCALE002]: /Users/ianzepp/work/faberlang/worktrees/pgc-a6/gradus/src/sampling.fab:463
  | ⁨            es.append(0.0)⁩
warning[LOCALE002]: /Users/ianzepp/work/faberlang/worktrees/pgc-a6/gradus/src/sampling.fab:466
  | ⁨    var list<f32> out ← empty⁩
warning[LOCALE002]: /Users/ianzepp/work/faberlang/worktrees/pgc-a6/gradus/src/sampling.fab:468
  | ⁨        if keep.get(i) coalesce false {⁩
warning[LOCALE002]: /Users/ianzepp/work/faberlang/worktrees/pgc-a6/gradus/src/sampling.fab:469
  | ⁨            out.append(es.get(i) coalesce 0.0 ∷ f32 / sum)⁩
warning[LOCALE002]: /Users/ianzepp/work/faberlang/worktrees/pgc-a6/gradus/src/sampling.fab:469
  | ⁨            out.append(es.get(i) coalesce 0.0 ∷ f32 / sum)⁩
warning[LOCALE002]: /Users/ianzepp/work/faberlang/worktrees/pgc-a6/gradus/src/sampling.fab:469
  | ⁨            out.append(es.get(i) coalesce 0.0 ∷ f32 / sum)⁩
warning[LOCALE002]: /Users/ianzepp/work/faberlang/worktrees/pgc-a6/gradus/src/sampling.fab:472
  | ⁨            out.append(0.0)⁩
warning[LOCALE002]: /Users/ianzepp/work/faberlang/worktrees/pgc-a6/gradus/src/sampling.fab:475
  | ⁨    return out⁩
warning[LOCALE002]: /Users/ianzepp/work/faberlang/worktrees/pgc-a6/gradus/src/sampling.fab:479
  | ⁨fn _renormalize_mask(list<f32> ps, list<bool> keep) → list<f32> {⁩
warning[LOCALE002]: /Users/ianzepp/work/faberlang/worktrees/pgc-a6/gradus/src/sampling.fab:480
  | ⁨    const int n ← ps.length()⁩
warning[LOCALE002]: /Users/ianzepp/work/faberlang/worktrees/pgc-a6/gradus/src/sampling.fab:483
  | ⁨        if keep.get(i) coalesce false {⁩
warning[LOCALE002]: /Users/ianzepp/work/faberlang/worktrees/pgc-a6/gradus/src/sampling.fab:484
  | ⁨            sum ← sum + ps.get(i) coalesce 0.0 ∷ f32⁩
warning[LOCALE002]: /Users/ianzepp/work/faberlang/worktrees/pgc-a6/gradus/src/sampling.fab:484
  | ⁨            sum ← sum + ps.get(i) coalesce 0.0 ∷ f32⁩
warning[LOCALE002]: /Users/ianzepp/work/faberlang/worktrees/pgc-a6/gradus/src/sampling.fab:487
  | ⁨    var list<f32> out ← empty⁩
warning[LOCALE002]: /Users/ianzepp/work/faberlang/worktrees/pgc-a6/gradus/src/sampling.fab:489
  | ⁨        if keep.get(i) coalesce false {⁩
warning[LOCALE002]: /Users/ianzepp/work/faberlang/worktrees/pgc-a6/gradus/src/sampling.fab:490
  | ⁨            out.append(ps.get(i) coalesce 0.0 ∷ f32 / sum)⁩
warning[LOCALE002]: /Users/ianzepp/work/faberlang/worktrees/pgc-a6/gradus/src/sampling.fab:490
  | ⁨            out.append(ps.get(i) coalesce 0.0 ∷ f32 / sum)⁩
warning[LOCALE002]: /Users/ianzepp/work/faberlang/worktrees/pgc-a6/gradus/src/sampling.fab:490
  | ⁨            out.append(ps.get(i) coalesce 0.0 ∷ f32 / sum)⁩
warning[LOCALE002]: /Users/ianzepp/work/faberlang/worktrees/pgc-a6/gradus/src/sampling.fab:493
  | ⁨            out.append(0.0)⁩
warning[LOCALE002]: /Users/ianzepp/work/faberlang/worktrees/pgc-a6/gradus/src/sampling.fab:496
  | ⁨    return out⁩
warning[LOCALE002]: /Users/ianzepp/work/faberlang/worktrees/pgc-a6/gradus/src/sampling.fab:504
  | ⁨fn _top_p(list<f32> ps, f32 p) → list<f32> {⁩
warning[LOCALE002]: /Users/ianzepp/work/faberlang/worktrees/pgc-a6/gradus/src/sampling.fab:505
  | ⁨    if p ≤ 0.0 or p ≥ 1.0 then return ps⁩
warning[LOCALE002]: /Users/ianzepp/work/faberlang/worktrees/pgc-a6/gradus/src/sampling.fab:506
  | ⁨    const int n ← ps.length()⁩
warning[LOCALE002]: /Users/ianzepp/work/faberlang/worktrees/pgc-a6/gradus/src/sampling.fab:508
  | ⁨    var list<int> heap ← _index_heap(ps)⁩
warning[LOCALE002]: /Users/ianzepp/work/faberlang/worktrees/pgc-a6/gradus/src/sampling.fab:510
  | ⁨    var f32 cum ← 0.0⁩
warning[LOCALE002]: /Users/ianzepp/work/faberlang/worktrees/pgc-a6/gradus/src/sampling.fab:512
  | ⁨    while cum ≺ p and progress {⁩
warning[LOCALE002]: /Users/ianzepp/work/faberlang/worktrees/pgc-a6/gradus/src/sampling.fab:517
  | ⁨            const int best ← _heap_pop(heap, ps, size)⁩
warning[LOCALE002]: /Users/ianzepp/work/faberlang/worktrees/pgc-a6/gradus/src/sampling.fab:517
  | ⁨            const int best ← _heap_pop(heap, ps, size)⁩
warning[LOCALE002]: /Users/ianzepp/work/faberlang/worktrees/pgc-a6/gradus/src/sampling.fab:519
  | ⁨            const f32 v ← ps.get(best) coalesce 0.0 ∷ f32⁩
warning[LOCALE002]: /Users/ianzepp/work/faberlang/worktrees/pgc-a6/gradus/src/sampling.fab:519
  | ⁨            const f32 v ← ps.get(best) coalesce 0.0 ∷ f32⁩
warning[LOCALE002]: /Users/ianzepp/work/faberlang/worktrees/pgc-a6/gradus/src/sampling.fab:519
  | ⁨            const f32 v ← ps.get(best) coalesce 0.0 ∷ f32⁩
warning[LOCALE002]: /Users/ianzepp/work/faberlang/worktrees/pgc-a6/gradus/src/sampling.fab:521
  | ⁨                keep[best] ← true⁩
warning[LOCALE002]: /Users/ianzepp/work/faberlang/worktrees/pgc-a6/gradus/src/sampling.fab:522
  | ⁨                cum ← cum + v⁩
warning[LOCALE002]: /Users/ianzepp/work/faberlang/worktrees/pgc-a6/gradus/src/sampling.fab:522
  | ⁨                cum ← cum + v⁩
warning[LOCALE002]: /Users/ianzepp/work/faberlang/worktrees/pgc-a6/gradus/src/sampling.fab:529
  | ⁨    return _renormalize_mask(ps, keep)⁩
warning[LOCALE002]: /Users/ianzepp/work/faberlang/worktrees/pgc-a6/gradus/src/sampling.fab:533
  | ⁨fn _min_p(list<f32> ps, f32 p) → list<f32> {⁩
warning[LOCALE002]: /Users/ianzepp/work/faberlang/worktrees/pgc-a6/gradus/src/sampling.fab:534
  | ⁨    if p ≤ 0.0 then return ps⁩
warning[LOCALE002]: /Users/ianzepp/work/faberlang/worktrees/pgc-a6/gradus/src/sampling.fab:535
  | ⁨    const int n ← ps.length()⁩
warning[LOCALE002]: /Users/ianzepp/work/faberlang/worktrees/pgc-a6/gradus/src/sampling.fab:536
  | ⁨    const int max_index ← ps.argmax() coalesce 0⁩
warning[LOCALE002]: /Users/ianzepp/work/faberlang/worktrees/pgc-a6/gradus/src/sampling.fab:537
  | ⁨    const f32 mx ← ps.get(max_index) coalesce 0.0 ∷ f32⁩
warning[LOCALE002]: /Users/ianzepp/work/faberlang/worktrees/pgc-a6/gradus/src/sampling.fab:537
  | ⁨    const f32 mx ← ps.get(max_index) coalesce 0.0 ∷ f32⁩
warning[LOCALE002]: /Users/ianzepp/work/faberlang/worktrees/pgc-a6/gradus/src/sampling.fab:537
  | ⁨    const f32 mx ← ps.get(max_index) coalesce 0.0 ∷ f32⁩
warning[LOCALE002]: /Users/ianzepp/work/faberlang/worktrees/pgc-a6/gradus/src/sampling.fab:538
  | ⁨    const f32 threshold ← mx * p⁩
warning[LOCALE002]: /Users/ianzepp/work/faberlang/worktrees/pgc-a6/gradus/src/sampling.fab:541
  | ⁨        if ps.get(i) coalesce 0.0 ∷ f32 ≥ threshold {⁩
warning[LOCALE002]: /Users/ianzepp/work/faberlang/worktrees/pgc-a6/gradus/src/sampling.fab:541
  | ⁨        if ps.get(i) coalesce 0.0 ∷ f32 ≥ threshold {⁩
warning[LOCALE002]: /Users/ianzepp/work/faberlang/worktrees/pgc-a6/gradus/src/sampling.fab:548
  | ⁨    return _renormalize_mask(ps, keep)⁩
warning[LOCALE002]: /Users/ianzepp/work/faberlang/worktrees/pgc-a6/gradus/src/sampling.fab:557
  | ⁨    var f32 cum ← 0.0⁩
warning[LOCALE002]: /Users/ianzepp/work/faberlang/worktrees/pgc-a6/gradus/src/sampling.fab:559
  | ⁨        cum ← cum + probs.get(i) coalesce 0.0 ∷ f32⁩
warning[LOCALE002]: /Users/ianzepp/work/faberlang/worktrees/pgc-a6/gradus/src/sampling.fab:559
  | ⁨        cum ← cum + probs.get(i) coalesce 0.0 ∷ f32⁩
warning[LOCALE002]: /Users/ianzepp/work/faberlang/worktrees/pgc-a6/gradus/src/sampling.fab:559
  | ⁨        cum ← cum + probs.get(i) coalesce 0.0 ∷ f32⁩
warning[LOCALE002]: /Users/ianzepp/work/faberlang/worktrees/pgc-a6/gradus/src/sampling.fab:560
  | ⁨        if u ≺ cum then return Sampler {token_id = i, seed = u_f.seed()}⁩
warning[WARN014:file_interface_export_skipped]: /Users/ianzepp/work/faberlang/worktrees/pgc-a6/gradus/src/sampling.fab:1
  | ⁨# Sampling — deterministic token sampling (PML5-U3, production inference⁩
warning[WARN014:file_interface_export_skipped]: /Users/ianzepp/work/faberlang/worktrees/pgc-a6/gradus/src/sampling.fab:1
  | ⁨# Sampling — deterministic token sampling (PML5-U3, production inference⁩
warning[WARN014:file_interface_export_skipped]: /Users/ianzepp/work/faberlang/worktrees/pgc-a6/gradus/src/sampling.fab:1
  | ⁨# Sampling — deterministic token sampling (PML5-U3, production inference⁩
warning[WARN014:file_interface_export_skipped]: /Users/ianzepp/work/faberlang/worktrees/pgc-a6/gradus/src/sampling.fab:1
  | ⁨# Sampling — deterministic token sampling (PML5-U3, production inference⁩
warning[WARN013:unnecessary_varia]: /Users/ianzepp/work/faberlang/worktrees/pgc-a6/gradus/src/sampling.fab:417
  | ⁨    var list<int> heap ← _index_heap(xs)⁩
warning[WARN013:unnecessary_varia]: /Users/ianzepp/work/faberlang/worktrees/pgc-a6/gradus/src/sampling.fab:508
  | ⁨    var list<int> heap ← _index_heap(ps)⁩
warning[WARN003:unused_function]: /Users/ianzepp/work/faberlang/worktrees/pgc-a6/gradus/src/sampling.fab:125
  | ⁨fn construct_config(f32 τ, int top_k, f32 top_p, f32 min_p, f32 repetition_penalty) → Config ⇥ SamplingError {⁩
warning[WARN003:unused_function]: /Users/ianzepp/work/faberlang/worktrees/pgc-a6/gradus/src/sampling.fab:144
  | ⁨fn default_config() → Config {⁩
warning[WARN003:unused_function]: /Users/ianzepp/work/faberlang/worktrees/pgc-a6/gradus/src/sampling.fab:172
  | ⁨fn default() → Sampler {⁩
warning[WARN003:unused_function]: /Users/ianzepp/work/faberlang/worktrees/pgc-a6/gradus/src/sampling.fab:182
  | ⁨fn max(list<f32> logits) → int ⇥ SamplingError {⁩
warning[WARN003:unused_function]: /Users/ianzepp/work/faberlang/worktrees/pgc-a6/gradus/src/sampling.fab:195
  | ⁨fn distribution(list<f32> logits, Config c, list<int> history) → list<f32> ⇥ SamplingError {⁩
warning[WARN003:unused_function]: /Users/ianzepp/work/faberlang/worktrees/pgc-a6/gradus/src/sampling.fab:209
  | ⁨fn sample(list<f32> logits, Config c, list<int> history, train.Seed seed) → Sampler ⇥ SamplingError {⁩
warning[WARN027:complexity_budget_exceeded]: /Users/ianzepp/work/faberlang/worktrees/pgc-a6/gradus/src/sampling.fab:438
  | ⁨fn _softmax(list<f32> xs, list<bool> keep) → list<f32> {⁩
ok: /Users/ianzepp/work/faberlang/worktrees/pgc-a6/gradus/src/sampling.fab
