warning[LOCALE002]: /Users/ianzepp/work/faberlang/worktrees/pgc-a3/gradus/src/math.fab:72
  | ⁨import from "gradus:dtype" dtype⁩
warning[LOCALE002]: /Users/ianzepp/work/faberlang/worktrees/pgc-a3/gradus/src/math.fab:123
  | ⁨fn from_dtype_error(dtype.DTypeError err) → MathError {⁩
warning[LOCALE002]: /Users/ianzepp/work/faberlang/worktrees/pgc-a3/gradus/src/math.fab:125
  | ⁨        case dtype.DTypeError.UnknownName const message { return variant UnknownName {message = message} }⁩
warning[LOCALE002]: /Users/ianzepp/work/faberlang/worktrees/pgc-a3/gradus/src/math.fab:126
  | ⁨        case dtype.DTypeError.NonFinite const message { return variant NonFinite {message = message} }⁩
warning[LOCALE002]: /Users/ianzepp/work/faberlang/worktrees/pgc-a3/gradus/src/math.fab:127
  | ⁨        case dtype.DTypeError.Overflow const message { return variant Overflow {message = message} }⁩
warning[LOCALE002]: /Users/ianzepp/work/faberlang/worktrees/pgc-a3/gradus/src/math.fab:152
  | ⁨fn _index_broadcast(int flat, list<int> result, list<int> shape) → int {⁩
warning[LOCALE002]: /Users/ianzepp/work/faberlang/worktrees/pgc-a3/gradus/src/math.fab:153
  | ⁨    const int lr ← result.length()⁩
warning[LOCALE002]: /Users/ianzepp/work/faberlang/worktrees/pgc-a3/gradus/src/math.fab:154
  | ⁨    const int lf ← shape.length()⁩
warning[LOCALE002]: /Users/ianzepp/work/faberlang/worktrees/pgc-a3/gradus/src/math.fab:155
  | ⁨    var int res ← flat⁩
warning[LOCALE002]: /Users/ianzepp/work/faberlang/worktrees/pgc-a3/gradus/src/math.fab:155
  | ⁨    var int res ← flat⁩
warning[LOCALE002]: /Users/ianzepp/work/faberlang/worktrees/pgc-a3/gradus/src/math.fab:156
  | ⁨    var int out ← 0⁩
warning[LOCALE002]: /Users/ianzepp/work/faberlang/worktrees/pgc-a3/gradus/src/math.fab:158
  | ⁨    for range 0‥lr const k {⁩
warning[LOCALE002]: /Users/ianzepp/work/faberlang/worktrees/pgc-a3/gradus/src/math.fab:159
  | ⁨        const int dr ← result.get((lr - 1) - k) coalesce 1⁩
warning[LOCALE002]: /Users/ianzepp/work/faberlang/worktrees/pgc-a3/gradus/src/math.fab:159
  | ⁨        const int dr ← result.get((lr - 1) - k) coalesce 1⁩
warning[LOCALE002]: /Users/ianzepp/work/faberlang/worktrees/pgc-a3/gradus/src/math.fab:159
  | ⁨        const int dr ← result.get((lr - 1) - k) coalesce 1⁩
warning[LOCALE002]: /Users/ianzepp/work/faberlang/worktrees/pgc-a3/gradus/src/math.fab:160
  | ⁨        const int c ← res % dr⁩
warning[LOCALE002]: /Users/ianzepp/work/faberlang/worktrees/pgc-a3/gradus/src/math.fab:160
  | ⁨        const int c ← res % dr⁩
warning[LOCALE002]: /Users/ianzepp/work/faberlang/worktrees/pgc-a3/gradus/src/math.fab:161
  | ⁨        var int ci ← 0⁩
warning[LOCALE002]: /Users/ianzepp/work/faberlang/worktrees/pgc-a3/gradus/src/math.fab:162
  | ⁨        var int df ← 1⁩
warning[LOCALE002]: /Users/ianzepp/work/faberlang/worktrees/pgc-a3/gradus/src/math.fab:163
  | ⁨        if k ≺ lf {⁩
warning[LOCALE002]: /Users/ianzepp/work/faberlang/worktrees/pgc-a3/gradus/src/math.fab:164
  | ⁨            df ← shape.get((lf - 1) - k) coalesce 1⁩
warning[LOCALE002]: /Users/ianzepp/work/faberlang/worktrees/pgc-a3/gradus/src/math.fab:164
  | ⁨            df ← shape.get((lf - 1) - k) coalesce 1⁩
warning[LOCALE002]: /Users/ianzepp/work/faberlang/worktrees/pgc-a3/gradus/src/math.fab:164
  | ⁨            df ← shape.get((lf - 1) - k) coalesce 1⁩
warning[LOCALE002]: /Users/ianzepp/work/faberlang/worktrees/pgc-a3/gradus/src/math.fab:165
  | ⁨            if df ≡ 1 {⁩
warning[LOCALE002]: /Users/ianzepp/work/faberlang/worktrees/pgc-a3/gradus/src/math.fab:166
  | ⁨                ci ← 0⁩
warning[LOCALE002]: /Users/ianzepp/work/faberlang/worktrees/pgc-a3/gradus/src/math.fab:169
  | ⁨                ci ← c⁩
warning[LOCALE002]: /Users/ianzepp/work/faberlang/worktrees/pgc-a3/gradus/src/math.fab:172
  | ⁨        out ← out + ci * stride⁩
warning[LOCALE002]: /Users/ianzepp/work/faberlang/worktrees/pgc-a3/gradus/src/math.fab:172
  | ⁨        out ← out + ci * stride⁩
warning[LOCALE002]: /Users/ianzepp/work/faberlang/worktrees/pgc-a3/gradus/src/math.fab:172
  | ⁨        out ← out + ci * stride⁩
warning[LOCALE002]: /Users/ianzepp/work/faberlang/worktrees/pgc-a3/gradus/src/math.fab:173
  | ⁨        stride ← stride * df⁩
warning[LOCALE002]: /Users/ianzepp/work/faberlang/worktrees/pgc-a3/gradus/src/math.fab:174
  | ⁨        res ← res / dr⁩
warning[LOCALE002]: /Users/ianzepp/work/faberlang/worktrees/pgc-a3/gradus/src/math.fab:174
  | ⁨        res ← res / dr⁩
warning[LOCALE002]: /Users/ianzepp/work/faberlang/worktrees/pgc-a3/gradus/src/math.fab:174
  | ⁨        res ← res / dr⁩
warning[LOCALE002]: /Users/ianzepp/work/faberlang/worktrees/pgc-a3/gradus/src/math.fab:176
  | ⁨    return out⁩
warning[LOCALE002]: /Users/ianzepp/work/faberlang/worktrees/pgc-a3/gradus/src/math.fab:181
  | ⁨fn _index_axis(int flat, int j, list<int> f, int axis) → int {⁩
warning[LOCALE002]: /Users/ianzepp/work/faberlang/worktrees/pgc-a3/gradus/src/math.fab:183
  | ⁨    var int p ← flat⁩
warning[LOCALE002]: /Users/ianzepp/work/faberlang/worktrees/pgc-a3/gradus/src/math.fab:184
  | ⁨    var int out ← 0⁩
warning[LOCALE002]: /Users/ianzepp/work/faberlang/worktrees/pgc-a3/gradus/src/math.fab:188
  | ⁨        const int dim ← f.get(idx) coalesce 1⁩
warning[LOCALE002]: /Users/ianzepp/work/faberlang/worktrees/pgc-a3/gradus/src/math.fab:197
  | ⁨        out ← out + c * stride⁩
warning[LOCALE002]: /Users/ianzepp/work/faberlang/worktrees/pgc-a3/gradus/src/math.fab:197
  | ⁨        out ← out + c * stride⁩
warning[LOCALE002]: /Users/ianzepp/work/faberlang/worktrees/pgc-a3/gradus/src/math.fab:200
  | ⁨    return out⁩
warning[LOCALE002]: /Users/ianzepp/work/faberlang/worktrees/pgc-a3/gradus/src/math.fab:204
  | ⁨fn _coordinate(int flat, list<int> shape) → list<int> {⁩
warning[LOCALE002]: /Users/ianzepp/work/faberlang/worktrees/pgc-a3/gradus/src/math.fab:207
  | ⁨    var int p ← flat⁩
warning[LOCALE002]: /Users/ianzepp/work/faberlang/worktrees/pgc-a3/gradus/src/math.fab:213
  | ⁨        const int dim ← shape.get(i) coalesce 1⁩
warning[LOCALE002]: /Users/ianzepp/work/faberlang/worktrees/pgc-a3/gradus/src/math.fab:227
  | ⁨    var int flat ← 0⁩
warning[LOCALE002]: /Users/ianzepp/work/faberlang/worktrees/pgc-a3/gradus/src/math.fab:231
  | ⁨        const int dim ← shape.get(idx) coalesce 1⁩
warning[LOCALE002]: /Users/ianzepp/work/faberlang/worktrees/pgc-a3/gradus/src/math.fab:232
  | ⁨        var int c ← coords.get(idx) coalesce 0⁩
warning[LOCALE002]: /Users/ianzepp/work/faberlang/worktrees/pgc-a3/gradus/src/math.fab:236
  | ⁨        flat ← flat + c * stride⁩
warning[LOCALE002]: /Users/ianzepp/work/faberlang/worktrees/pgc-a3/gradus/src/math.fab:236
  | ⁨        flat ← flat + c * stride⁩
warning[LOCALE002]: /Users/ianzepp/work/faberlang/worktrees/pgc-a3/gradus/src/math.fab:239
  | ⁨    return flat⁩
warning[LOCALE002]: /Users/ianzepp/work/faberlang/worktrees/pgc-a3/gradus/src/math.fab:245
  | ⁨    require dtype.eq(a.dtype(), b.dtype()) throw variant DtypeMismatch {message = "dtype mismatch"}⁩
warning[LOCALE002]: /Users/ianzepp/work/faberlang/worktrees/pgc-a3/gradus/src/math.fab:245
  | ⁨    require dtype.eq(a.dtype(), b.dtype()) throw variant DtypeMismatch {message = "dtype mismatch"}⁩
warning[LOCALE002]: /Users/ianzepp/work/faberlang/worktrees/pgc-a3/gradus/src/math.fab:245
  | ⁨    require dtype.eq(a.dtype(), b.dtype()) throw variant DtypeMismatch {message = "dtype mismatch"}⁩
warning[LOCALE002]: /Users/ianzepp/work/faberlang/worktrees/pgc-a3/gradus/src/math.fab:268
  | ⁨fn add<size M, size N>(tensor<f32, [M, N]> a, tensor<f32, [M, N]> b) → tensor<f32, [M, N]> {⁩
warning[LOCALE002]: /Users/ianzepp/work/faberlang/worktrees/pgc-a3/gradus/src/math.fab:276
  | ⁨    const list<int> fa ← a.shape()⁩
warning[LOCALE002]: /Users/ianzepp/work/faberlang/worktrees/pgc-a3/gradus/src/math.fab:277
  | ⁨    const list<int> fb ← b.shape()⁩
warning[LOCALE002]: /Users/ianzepp/work/faberlang/worktrees/pgc-a3/gradus/src/math.fab:278
  | ⁨    const list<int> fr ← _shape_broadcast(fa, fb)⁩
warning[LOCALE002]: /Users/ianzepp/work/faberlang/worktrees/pgc-a3/gradus/src/math.fab:278
  | ⁨    const list<int> fr ← _shape_broadcast(fa, fb)⁩
warning[LOCALE002]: /Users/ianzepp/work/faberlang/worktrees/pgc-a3/gradus/src/math.fab:278
  | ⁨    const list<int> fr ← _shape_broadcast(fa, fb)⁩
warning[LOCALE002]: /Users/ianzepp/work/faberlang/worktrees/pgc-a3/gradus/src/math.fab:279
  | ⁨    const int total ← _numel_valid(fr)⁩
warning[LOCALE002]: /Users/ianzepp/work/faberlang/worktrees/pgc-a3/gradus/src/math.fab:281
  | ⁨    var list<f32> out ← empty⁩
warning[LOCALE002]: /Users/ianzepp/work/faberlang/worktrees/pgc-a3/gradus/src/math.fab:283
  | ⁨        const int ia ← _index_broadcast(i, fr, fa)⁩
warning[LOCALE002]: /Users/ianzepp/work/faberlang/worktrees/pgc-a3/gradus/src/math.fab:283
  | ⁨        const int ia ← _index_broadcast(i, fr, fa)⁩
warning[LOCALE002]: /Users/ianzepp/work/faberlang/worktrees/pgc-a3/gradus/src/math.fab:283
  | ⁨        const int ia ← _index_broadcast(i, fr, fa)⁩
warning[LOCALE002]: /Users/ianzepp/work/faberlang/worktrees/pgc-a3/gradus/src/math.fab:284
  | ⁨        const int ib ← _index_broadcast(i, fr, fb)⁩
warning[LOCALE002]: /Users/ianzepp/work/faberlang/worktrees/pgc-a3/gradus/src/math.fab:284
  | ⁨        const int ib ← _index_broadcast(i, fr, fb)⁩
warning[LOCALE002]: /Users/ianzepp/work/faberlang/worktrees/pgc-a3/gradus/src/math.fab:284
  | ⁨        const int ib ← _index_broadcast(i, fr, fb)⁩
warning[LOCALE002]: /Users/ianzepp/work/faberlang/worktrees/pgc-a3/gradus/src/math.fab:285
  | ⁨        const f32 va ← a.data.get(ia) coalesce 0.0 ∷ f32⁩
warning[LOCALE002]: /Users/ianzepp/work/faberlang/worktrees/pgc-a3/gradus/src/math.fab:285
  | ⁨        const f32 va ← a.data.get(ia) coalesce 0.0 ∷ f32⁩
warning[LOCALE002]: /Users/ianzepp/work/faberlang/worktrees/pgc-a3/gradus/src/math.fab:285
  | ⁨        const f32 va ← a.data.get(ia) coalesce 0.0 ∷ f32⁩
warning[LOCALE002]: /Users/ianzepp/work/faberlang/worktrees/pgc-a3/gradus/src/math.fab:286
  | ⁨        const f32 vb ← b.data.get(ib) coalesce 0.0 ∷ f32⁩
warning[LOCALE002]: /Users/ianzepp/work/faberlang/worktrees/pgc-a3/gradus/src/math.fab:286
  | ⁨        const f32 vb ← b.data.get(ib) coalesce 0.0 ∷ f32⁩
warning[LOCALE002]: /Users/ianzepp/work/faberlang/worktrees/pgc-a3/gradus/src/math.fab:287
  | ⁨        out.append(va + vb)⁩
warning[LOCALE002]: /Users/ianzepp/work/faberlang/worktrees/pgc-a3/gradus/src/math.fab:287
  | ⁨        out.append(va + vb)⁩
warning[LOCALE002]: /Users/ianzepp/work/faberlang/worktrees/pgc-a3/gradus/src/math.fab:289
  | ⁨    return tensor.stage(a.dtype(), fr, out)⁩
warning[LOCALE002]: /Users/ianzepp/work/faberlang/worktrees/pgc-a3/gradus/src/math.fab:289
  | ⁨    return tensor.stage(a.dtype(), fr, out)⁩
warning[LOCALE002]: /Users/ianzepp/work/faberlang/worktrees/pgc-a3/gradus/src/math.fab:289
  | ⁨    return tensor.stage(a.dtype(), fr, out)⁩
warning[LOCALE002]: /Users/ianzepp/work/faberlang/worktrees/pgc-a3/gradus/src/math.fab:294
  | ⁨fn sub<size M, size N>(tensor<f32, [M, N]> a, tensor<f32, [M, N]> b) → tensor<f32, [M, N]> {⁩
warning[LOCALE002]: /Users/ianzepp/work/faberlang/worktrees/pgc-a3/gradus/src/math.fab:303
  | ⁨    const list<int> fa ← a.shape()⁩
warning[LOCALE002]: /Users/ianzepp/work/faberlang/worktrees/pgc-a3/gradus/src/math.fab:304
  | ⁨    const list<int> fb ← b.shape()⁩
warning[LOCALE002]: /Users/ianzepp/work/faberlang/worktrees/pgc-a3/gradus/src/math.fab:305
  | ⁨    const list<int> fr ← _shape_broadcast(fa, fb)⁩
warning[LOCALE002]: /Users/ianzepp/work/faberlang/worktrees/pgc-a3/gradus/src/math.fab:305
  | ⁨    const list<int> fr ← _shape_broadcast(fa, fb)⁩
warning[LOCALE002]: /Users/ianzepp/work/faberlang/worktrees/pgc-a3/gradus/src/math.fab:305
  | ⁨    const list<int> fr ← _shape_broadcast(fa, fb)⁩
warning[LOCALE002]: /Users/ianzepp/work/faberlang/worktrees/pgc-a3/gradus/src/math.fab:306
  | ⁨    const int total ← _numel_valid(fr)⁩
warning[LOCALE002]: /Users/ianzepp/work/faberlang/worktrees/pgc-a3/gradus/src/math.fab:308
  | ⁨    var list<f32> out ← empty⁩
warning[LOCALE002]: /Users/ianzepp/work/faberlang/worktrees/pgc-a3/gradus/src/math.fab:310
  | ⁨        const int ia ← _index_broadcast(i, fr, fa)⁩
warning[LOCALE002]: /Users/ianzepp/work/faberlang/worktrees/pgc-a3/gradus/src/math.fab:310
  | ⁨        const int ia ← _index_broadcast(i, fr, fa)⁩
warning[LOCALE002]: /Users/ianzepp/work/faberlang/worktrees/pgc-a3/gradus/src/math.fab:310
  | ⁨        const int ia ← _index_broadcast(i, fr, fa)⁩
warning[LOCALE002]: /Users/ianzepp/work/faberlang/worktrees/pgc-a3/gradus/src/math.fab:311
  | ⁨        const int ib ← _index_broadcast(i, fr, fb)⁩
warning[LOCALE002]: /Users/ianzepp/work/faberlang/worktrees/pgc-a3/gradus/src/math.fab:311
  | ⁨        const int ib ← _index_broadcast(i, fr, fb)⁩
warning[LOCALE002]: /Users/ianzepp/work/faberlang/worktrees/pgc-a3/gradus/src/math.fab:311
  | ⁨        const int ib ← _index_broadcast(i, fr, fb)⁩
warning[LOCALE002]: /Users/ianzepp/work/faberlang/worktrees/pgc-a3/gradus/src/math.fab:312
  | ⁨        const f32 va ← a.data.get(ia) coalesce 0.0 ∷ f32⁩
warning[LOCALE002]: /Users/ianzepp/work/faberlang/worktrees/pgc-a3/gradus/src/math.fab:312
  | ⁨        const f32 va ← a.data.get(ia) coalesce 0.0 ∷ f32⁩
warning[LOCALE002]: /Users/ianzepp/work/faberlang/worktrees/pgc-a3/gradus/src/math.fab:312
  | ⁨        const f32 va ← a.data.get(ia) coalesce 0.0 ∷ f32⁩
warning[LOCALE002]: /Users/ianzepp/work/faberlang/worktrees/pgc-a3/gradus/src/math.fab:313
  | ⁨        const f32 vb ← b.data.get(ib) coalesce 0.0 ∷ f32⁩
warning[LOCALE002]: /Users/ianzepp/work/faberlang/worktrees/pgc-a3/gradus/src/math.fab:313
  | ⁨        const f32 vb ← b.data.get(ib) coalesce 0.0 ∷ f32⁩
warning[LOCALE002]: /Users/ianzepp/work/faberlang/worktrees/pgc-a3/gradus/src/math.fab:314
  | ⁨        out.append(va - vb)⁩
warning[LOCALE002]: /Users/ianzepp/work/faberlang/worktrees/pgc-a3/gradus/src/math.fab:314
  | ⁨        out.append(va - vb)⁩
warning[LOCALE002]: /Users/ianzepp/work/faberlang/worktrees/pgc-a3/gradus/src/math.fab:316
  | ⁨    return tensor.stage(a.dtype(), fr, out)⁩
warning[LOCALE002]: /Users/ianzepp/work/faberlang/worktrees/pgc-a3/gradus/src/math.fab:316
  | ⁨    return tensor.stage(a.dtype(), fr, out)⁩
warning[LOCALE002]: /Users/ianzepp/work/faberlang/worktrees/pgc-a3/gradus/src/math.fab:316
  | ⁨    return tensor.stage(a.dtype(), fr, out)⁩
warning[LOCALE002]: /Users/ianzepp/work/faberlang/worktrees/pgc-a3/gradus/src/math.fab:321
  | ⁨fn mul<size M, size N>(tensor<f32, [M, N]> a, tensor<f32, [M, N]> b) → tensor<f32, [M, N]> {⁩
warning[LOCALE002]: /Users/ianzepp/work/faberlang/worktrees/pgc-a3/gradus/src/math.fab:330
  | ⁨    const list<int> fa ← a.shape()⁩
warning[LOCALE002]: /Users/ianzepp/work/faberlang/worktrees/pgc-a3/gradus/src/math.fab:331
  | ⁨    const list<int> fb ← b.shape()⁩
warning[LOCALE002]: /Users/ianzepp/work/faberlang/worktrees/pgc-a3/gradus/src/math.fab:332
  | ⁨    const list<int> fr ← _shape_broadcast(fa, fb)⁩
warning[LOCALE002]: /Users/ianzepp/work/faberlang/worktrees/pgc-a3/gradus/src/math.fab:332
  | ⁨    const list<int> fr ← _shape_broadcast(fa, fb)⁩
warning[LOCALE002]: /Users/ianzepp/work/faberlang/worktrees/pgc-a3/gradus/src/math.fab:332
  | ⁨    const list<int> fr ← _shape_broadcast(fa, fb)⁩
warning[LOCALE002]: /Users/ianzepp/work/faberlang/worktrees/pgc-a3/gradus/src/math.fab:333
  | ⁨    const int total ← _numel_valid(fr)⁩
warning[LOCALE002]: /Users/ianzepp/work/faberlang/worktrees/pgc-a3/gradus/src/math.fab:335
  | ⁨    var list<f32> out ← empty⁩
warning[LOCALE002]: /Users/ianzepp/work/faberlang/worktrees/pgc-a3/gradus/src/math.fab:337
  | ⁨        const int ia ← _index_broadcast(i, fr, fa)⁩
warning[LOCALE002]: /Users/ianzepp/work/faberlang/worktrees/pgc-a3/gradus/src/math.fab:337
  | ⁨        const int ia ← _index_broadcast(i, fr, fa)⁩
warning[LOCALE002]: /Users/ianzepp/work/faberlang/worktrees/pgc-a3/gradus/src/math.fab:337
  | ⁨        const int ia ← _index_broadcast(i, fr, fa)⁩
warning[LOCALE002]: /Users/ianzepp/work/faberlang/worktrees/pgc-a3/gradus/src/math.fab:338
  | ⁨        const int ib ← _index_broadcast(i, fr, fb)⁩
warning[LOCALE002]: /Users/ianzepp/work/faberlang/worktrees/pgc-a3/gradus/src/math.fab:338
  | ⁨        const int ib ← _index_broadcast(i, fr, fb)⁩
warning[LOCALE002]: /Users/ianzepp/work/faberlang/worktrees/pgc-a3/gradus/src/math.fab:338
  | ⁨        const int ib ← _index_broadcast(i, fr, fb)⁩
warning[LOCALE002]: /Users/ianzepp/work/faberlang/worktrees/pgc-a3/gradus/src/math.fab:339
  | ⁨        const f32 va ← a.data.get(ia) coalesce 0.0 ∷ f32⁩
warning[LOCALE002]: /Users/ianzepp/work/faberlang/worktrees/pgc-a3/gradus/src/math.fab:339
  | ⁨        const f32 va ← a.data.get(ia) coalesce 0.0 ∷ f32⁩
warning[LOCALE002]: /Users/ianzepp/work/faberlang/worktrees/pgc-a3/gradus/src/math.fab:339
  | ⁨        const f32 va ← a.data.get(ia) coalesce 0.0 ∷ f32⁩
warning[LOCALE002]: /Users/ianzepp/work/faberlang/worktrees/pgc-a3/gradus/src/math.fab:340
  | ⁨        const f32 vb ← b.data.get(ib) coalesce 0.0 ∷ f32⁩
warning[LOCALE002]: /Users/ianzepp/work/faberlang/worktrees/pgc-a3/gradus/src/math.fab:340
  | ⁨        const f32 vb ← b.data.get(ib) coalesce 0.0 ∷ f32⁩
warning[LOCALE002]: /Users/ianzepp/work/faberlang/worktrees/pgc-a3/gradus/src/math.fab:341
  | ⁨        out.append(va * vb)⁩
warning[LOCALE002]: /Users/ianzepp/work/faberlang/worktrees/pgc-a3/gradus/src/math.fab:341
  | ⁨        out.append(va * vb)⁩
warning[LOCALE002]: /Users/ianzepp/work/faberlang/worktrees/pgc-a3/gradus/src/math.fab:343
  | ⁨    return tensor.stage(a.dtype(), fr, out)⁩
warning[LOCALE002]: /Users/ianzepp/work/faberlang/worktrees/pgc-a3/gradus/src/math.fab:343
  | ⁨    return tensor.stage(a.dtype(), fr, out)⁩
warning[LOCALE002]: /Users/ianzepp/work/faberlang/worktrees/pgc-a3/gradus/src/math.fab:343
  | ⁨    return tensor.stage(a.dtype(), fr, out)⁩
warning[LOCALE002]: /Users/ianzepp/work/faberlang/worktrees/pgc-a3/gradus/src/math.fab:357
  | ⁨    const list<int> fa ← a.shape()⁩
warning[LOCALE002]: /Users/ianzepp/work/faberlang/worktrees/pgc-a3/gradus/src/math.fab:358
  | ⁨    const list<int> fb ← b.shape()⁩
warning[LOCALE002]: /Users/ianzepp/work/faberlang/worktrees/pgc-a3/gradus/src/math.fab:359
  | ⁨    const list<int> fr ← _shape_broadcast(fa, fb)⁩
warning[LOCALE002]: /Users/ianzepp/work/faberlang/worktrees/pgc-a3/gradus/src/math.fab:359
  | ⁨    const list<int> fr ← _shape_broadcast(fa, fb)⁩
warning[LOCALE002]: /Users/ianzepp/work/faberlang/worktrees/pgc-a3/gradus/src/math.fab:359
  | ⁨    const list<int> fr ← _shape_broadcast(fa, fb)⁩
warning[LOCALE002]: /Users/ianzepp/work/faberlang/worktrees/pgc-a3/gradus/src/math.fab:360
  | ⁨    const int total ← _numel_valid(fr)⁩
warning[LOCALE002]: /Users/ianzepp/work/faberlang/worktrees/pgc-a3/gradus/src/math.fab:362
  | ⁨    var list<f32> out ← empty⁩
warning[LOCALE002]: /Users/ianzepp/work/faberlang/worktrees/pgc-a3/gradus/src/math.fab:364
  | ⁨        const int ia ← _index_broadcast(i, fr, fa)⁩
warning[LOCALE002]: /Users/ianzepp/work/faberlang/worktrees/pgc-a3/gradus/src/math.fab:364
  | ⁨        const int ia ← _index_broadcast(i, fr, fa)⁩
warning[LOCALE002]: /Users/ianzepp/work/faberlang/worktrees/pgc-a3/gradus/src/math.fab:364
  | ⁨        const int ia ← _index_broadcast(i, fr, fa)⁩
warning[LOCALE002]: /Users/ianzepp/work/faberlang/worktrees/pgc-a3/gradus/src/math.fab:365
  | ⁨        const int ib ← _index_broadcast(i, fr, fb)⁩
warning[LOCALE002]: /Users/ianzepp/work/faberlang/worktrees/pgc-a3/gradus/src/math.fab:365
  | ⁨        const int ib ← _index_broadcast(i, fr, fb)⁩
warning[LOCALE002]: /Users/ianzepp/work/faberlang/worktrees/pgc-a3/gradus/src/math.fab:365
  | ⁨        const int ib ← _index_broadcast(i, fr, fb)⁩
warning[LOCALE002]: /Users/ianzepp/work/faberlang/worktrees/pgc-a3/gradus/src/math.fab:366
  | ⁨        const f32 va ← a.data.get(ia) coalesce 0.0 ∷ f32⁩
warning[LOCALE002]: /Users/ianzepp/work/faberlang/worktrees/pgc-a3/gradus/src/math.fab:366
  | ⁨        const f32 va ← a.data.get(ia) coalesce 0.0 ∷ f32⁩
warning[LOCALE002]: /Users/ianzepp/work/faberlang/worktrees/pgc-a3/gradus/src/math.fab:366
  | ⁨        const f32 va ← a.data.get(ia) coalesce 0.0 ∷ f32⁩
warning[LOCALE002]: /Users/ianzepp/work/faberlang/worktrees/pgc-a3/gradus/src/math.fab:367
  | ⁨        const f32 vb ← b.data.get(ib) coalesce 0.0 ∷ f32⁩
warning[LOCALE002]: /Users/ianzepp/work/faberlang/worktrees/pgc-a3/gradus/src/math.fab:367
  | ⁨        const f32 vb ← b.data.get(ib) coalesce 0.0 ∷ f32⁩
warning[LOCALE002]: /Users/ianzepp/work/faberlang/worktrees/pgc-a3/gradus/src/math.fab:368
  | ⁨        out.append(va / vb)⁩
warning[LOCALE002]: /Users/ianzepp/work/faberlang/worktrees/pgc-a3/gradus/src/math.fab:368
  | ⁨        out.append(va / vb)⁩
warning[LOCALE002]: /Users/ianzepp/work/faberlang/worktrees/pgc-a3/gradus/src/math.fab:370
  | ⁨    return tensor.stage(a.dtype(), fr, out)⁩
warning[LOCALE002]: /Users/ianzepp/work/faberlang/worktrees/pgc-a3/gradus/src/math.fab:370
  | ⁨    return tensor.stage(a.dtype(), fr, out)⁩
warning[LOCALE002]: /Users/ianzepp/work/faberlang/worktrees/pgc-a3/gradus/src/math.fab:370
  | ⁨    return tensor.stage(a.dtype(), fr, out)⁩
warning[LOCALE002]: /Users/ianzepp/work/faberlang/worktrees/pgc-a3/gradus/src/math.fab:376
  | ⁨    return t.negate()⁩
warning[LOCALE002]: /Users/ianzepp/work/faberlang/worktrees/pgc-a3/gradus/src/math.fab:385
  | ⁨    var list<f32> out ← empty⁩
warning[LOCALE002]: /Users/ianzepp/work/faberlang/worktrees/pgc-a3/gradus/src/math.fab:387
  | ⁨        const f32 v ← t.data.get(i) coalesce 0.0 ∷ f32⁩
warning[LOCALE002]: /Users/ianzepp/work/faberlang/worktrees/pgc-a3/gradus/src/math.fab:388
  | ⁨        out.append(0.0 ∷ f32 - v)⁩
warning[LOCALE002]: /Users/ianzepp/work/faberlang/worktrees/pgc-a3/gradus/src/math.fab:390
  | ⁨    return tensor.stage(t.dtype(), f, out)⁩
warning[LOCALE002]: /Users/ianzepp/work/faberlang/worktrees/pgc-a3/gradus/src/math.fab:390
  | ⁨    return tensor.stage(t.dtype(), f, out)⁩
warning[LOCALE002]: /Users/ianzepp/work/faberlang/worktrees/pgc-a3/gradus/src/math.fab:402
  | ⁨    var list<f32> out ← empty⁩
warning[LOCALE002]: /Users/ianzepp/work/faberlang/worktrees/pgc-a3/gradus/src/math.fab:404
  | ⁨        const f32 v ← t.data.get(i) coalesce 0.0 ∷ f32⁩
warning[LOCALE002]: /Users/ianzepp/work/faberlang/worktrees/pgc-a3/gradus/src/math.fab:405
  | ⁨        out.append(v.abs())⁩
warning[LOCALE002]: /Users/ianzepp/work/faberlang/worktrees/pgc-a3/gradus/src/math.fab:405
  | ⁨        out.append(v.abs())⁩
warning[LOCALE002]: /Users/ianzepp/work/faberlang/worktrees/pgc-a3/gradus/src/math.fab:407
  | ⁨    return tensor.stage(t.dtype(), f, out)⁩
warning[LOCALE002]: /Users/ianzepp/work/faberlang/worktrees/pgc-a3/gradus/src/math.fab:407
  | ⁨    return tensor.stage(t.dtype(), f, out)⁩
warning[LOCALE002]: /Users/ianzepp/work/faberlang/worktrees/pgc-a3/gradus/src/math.fab:425
  | ⁨    var list<f32> out ← empty⁩
warning[LOCALE002]: /Users/ianzepp/work/faberlang/worktrees/pgc-a3/gradus/src/math.fab:427
  | ⁨        const f32 v ← t.data.get(i) coalesce 0.0 ∷ f32⁩
warning[LOCALE002]: /Users/ianzepp/work/faberlang/worktrees/pgc-a3/gradus/src/math.fab:428
  | ⁨        out.append(v.sign())⁩
warning[LOCALE002]: /Users/ianzepp/work/faberlang/worktrees/pgc-a3/gradus/src/math.fab:430
  | ⁨    return tensor.stage(t.dtype(), f, out)⁩
warning[LOCALE002]: /Users/ianzepp/work/faberlang/worktrees/pgc-a3/gradus/src/math.fab:430
  | ⁨    return tensor.stage(t.dtype(), f, out)⁩
warning[LOCALE002]: /Users/ianzepp/work/faberlang/worktrees/pgc-a3/gradus/src/math.fab:443
  | ⁨    const int dim ← f.get(axis) coalesce 1⁩
warning[LOCALE002]: /Users/ianzepp/work/faberlang/worktrees/pgc-a3/gradus/src/math.fab:445
  | ⁨    var list<int> fr ← empty⁩
warning[LOCALE002]: /Users/ianzepp/work/faberlang/worktrees/pgc-a3/gradus/src/math.fab:448
  | ⁨            fr.append(f.get(i) coalesce 1)⁩
warning[LOCALE002]: /Users/ianzepp/work/faberlang/worktrees/pgc-a3/gradus/src/math.fab:448
  | ⁨            fr.append(f.get(i) coalesce 1)⁩
warning[LOCALE002]: /Users/ianzepp/work/faberlang/worktrees/pgc-a3/gradus/src/math.fab:451
  | ⁨    var list<f32> out ← empty⁩
warning[LOCALE002]: /Users/ianzepp/work/faberlang/worktrees/pgc-a3/gradus/src/math.fab:461
  | ⁨            s ← s + t.data.get(idx) coalesce 0.0 ∷ f32⁩
warning[LOCALE002]: /Users/ianzepp/work/faberlang/worktrees/pgc-a3/gradus/src/math.fab:463
  | ⁨        out.append(s)⁩
warning[LOCALE002]: /Users/ianzepp/work/faberlang/worktrees/pgc-a3/gradus/src/math.fab:465
  | ⁨    return tensor.stage(t.dtype(), fr, out)⁩
warning[LOCALE002]: /Users/ianzepp/work/faberlang/worktrees/pgc-a3/gradus/src/math.fab:465
  | ⁨    return tensor.stage(t.dtype(), fr, out)⁩
warning[LOCALE002]: /Users/ianzepp/work/faberlang/worktrees/pgc-a3/gradus/src/math.fab:465
  | ⁨    return tensor.stage(t.dtype(), fr, out)⁩
warning[LOCALE002]: /Users/ianzepp/work/faberlang/worktrees/pgc-a3/gradus/src/math.fab:474
  | ⁨    const int dim ← f.get(axis) coalesce 1⁩
warning[LOCALE002]: /Users/ianzepp/work/faberlang/worktrees/pgc-a3/gradus/src/math.fab:476
  | ⁨    var list<int> fr ← empty⁩
warning[LOCALE002]: /Users/ianzepp/work/faberlang/worktrees/pgc-a3/gradus/src/math.fab:479
  | ⁨            fr.append(f.get(i) coalesce 1)⁩
warning[LOCALE002]: /Users/ianzepp/work/faberlang/worktrees/pgc-a3/gradus/src/math.fab:479
  | ⁨            fr.append(f.get(i) coalesce 1)⁩
warning[LOCALE002]: /Users/ianzepp/work/faberlang/worktrees/pgc-a3/gradus/src/math.fab:482
  | ⁨    var list<f32> out ← empty⁩
warning[LOCALE002]: /Users/ianzepp/work/faberlang/worktrees/pgc-a3/gradus/src/math.fab:493
  | ⁨            s ← s + t.data.get(idx) coalesce 0.0 ∷ f32⁩
warning[LOCALE002]: /Users/ianzepp/work/faberlang/worktrees/pgc-a3/gradus/src/math.fab:495
  | ⁨        out.append(s / divisor)⁩
warning[LOCALE002]: /Users/ianzepp/work/faberlang/worktrees/pgc-a3/gradus/src/math.fab:497
  | ⁨    return tensor.stage(t.dtype(), fr, out)⁩
warning[LOCALE002]: /Users/ianzepp/work/faberlang/worktrees/pgc-a3/gradus/src/math.fab:497
  | ⁨    return tensor.stage(t.dtype(), fr, out)⁩
warning[LOCALE002]: /Users/ianzepp/work/faberlang/worktrees/pgc-a3/gradus/src/math.fab:497
  | ⁨    return tensor.stage(t.dtype(), fr, out)⁩
warning[LOCALE002]: /Users/ianzepp/work/faberlang/worktrees/pgc-a3/gradus/src/math.fab:507
  | ⁨    const list<int> fa ← a.shape()⁩
warning[LOCALE002]: /Users/ianzepp/work/faberlang/worktrees/pgc-a3/gradus/src/math.fab:508
  | ⁨    const list<int> fb ← b.shape()⁩
warning[LOCALE002]: /Users/ianzepp/work/faberlang/worktrees/pgc-a3/gradus/src/math.fab:509
  | ⁨    require fa.length() ≡ 2 throw variant GradusMismatch {message = "matmul requires rank-2 operands"}⁩
warning[LOCALE002]: /Users/ianzepp/work/faberlang/worktrees/pgc-a3/gradus/src/math.fab:510
  | ⁨    require fb.length() ≡ 2 throw variant GradusMismatch {message = "matmul requires rank-2 operands"}⁩
warning[LOCALE002]: /Users/ianzepp/work/faberlang/worktrees/pgc-a3/gradus/src/math.fab:512
  | ⁨    const int m ← fa.get(0) coalesce 1⁩
warning[LOCALE002]: /Users/ianzepp/work/faberlang/worktrees/pgc-a3/gradus/src/math.fab:512
  | ⁨    const int m ← fa.get(0) coalesce 1⁩
warning[LOCALE002]: /Users/ianzepp/work/faberlang/worktrees/pgc-a3/gradus/src/math.fab:513
  | ⁨    const int k ← fa.get(1) coalesce 1⁩
warning[LOCALE002]: /Users/ianzepp/work/faberlang/worktrees/pgc-a3/gradus/src/math.fab:513
  | ⁨    const int k ← fa.get(1) coalesce 1⁩
warning[LOCALE002]: /Users/ianzepp/work/faberlang/worktrees/pgc-a3/gradus/src/math.fab:514
  | ⁨    const int kb ← fb.get(0) coalesce 1⁩
warning[LOCALE002]: /Users/ianzepp/work/faberlang/worktrees/pgc-a3/gradus/src/math.fab:514
  | ⁨    const int kb ← fb.get(0) coalesce 1⁩
warning[LOCALE002]: /Users/ianzepp/work/faberlang/worktrees/pgc-a3/gradus/src/math.fab:515
  | ⁨    const int n ← fb.get(1) coalesce 1⁩
warning[LOCALE002]: /Users/ianzepp/work/faberlang/worktrees/pgc-a3/gradus/src/math.fab:515
  | ⁨    const int n ← fb.get(1) coalesce 1⁩
warning[LOCALE002]: /Users/ianzepp/work/faberlang/worktrees/pgc-a3/gradus/src/math.fab:517
  | ⁨    const list<int> fr ← [m, n]⁩
warning[LOCALE002]: /Users/ianzepp/work/faberlang/worktrees/pgc-a3/gradus/src/math.fab:518
  | ⁨    _numel_valid(fr)⁩
warning[LOCALE002]: /Users/ianzepp/work/faberlang/worktrees/pgc-a3/gradus/src/math.fab:519
  | ⁨    var list<f32> out ← empty⁩
warning[LOCALE002]: /Users/ianzepp/work/faberlang/worktrees/pgc-a3/gradus/src/math.fab:524
  | ⁨                const f32 va ← a.data.get(i * k + p) coalesce 0.0 ∷ f32⁩
warning[LOCALE002]: /Users/ianzepp/work/faberlang/worktrees/pgc-a3/gradus/src/math.fab:524
  | ⁨                const f32 va ← a.data.get(i * k + p) coalesce 0.0 ∷ f32⁩
warning[LOCALE002]: /Users/ianzepp/work/faberlang/worktrees/pgc-a3/gradus/src/math.fab:525
  | ⁨                const f32 vb ← b.data.get(p * n + j) coalesce 0.0 ∷ f32⁩
warning[LOCALE002]: /Users/ianzepp/work/faberlang/worktrees/pgc-a3/gradus/src/math.fab:526
  | ⁨                s ← s + va * vb⁩
warning[LOCALE002]: /Users/ianzepp/work/faberlang/worktrees/pgc-a3/gradus/src/math.fab:528
  | ⁨            out.append(s)⁩
warning[LOCALE002]: /Users/ianzepp/work/faberlang/worktrees/pgc-a3/gradus/src/math.fab:531
  | ⁨    return tensor.stage(a.dtype(), fr, out)⁩
warning[LOCALE002]: /Users/ianzepp/work/faberlang/worktrees/pgc-a3/gradus/src/math.fab:531
  | ⁨    return tensor.stage(a.dtype(), fr, out)⁩
warning[LOCALE002]: /Users/ianzepp/work/faberlang/worktrees/pgc-a3/gradus/src/math.fab:531
  | ⁨    return tensor.stage(a.dtype(), fr, out)⁩
warning[LOCALE002]: /Users/ianzepp/work/faberlang/worktrees/pgc-a3/gradus/src/math.fab:544
  | ⁨fn _dtype_from_name(string name) → dtype.DType ⇥ MathError {⁩
warning[LOCALE002]: /Users/ianzepp/work/faberlang/worktrees/pgc-a3/gradus/src/math.fab:545
  | ⁨    return dtype.from_name(name)⁩
warning[LOCALE002]: /Users/ianzepp/work/faberlang/worktrees/pgc-a3/gradus/src/math.fab:549
  | ⁨fn cast(tensor.NumericBlock t, string name) → tensor.NumericBlock ⇥ MathError {⁩
warning[LOCALE002]: /Users/ianzepp/work/faberlang/worktrees/pgc-a3/gradus/src/math.fab:550
  | ⁨    const dtype.DType target ← _dtype_from_name(name)⁩
warning[LOCALE002]: /Users/ianzepp/work/faberlang/worktrees/pgc-a3/gradus/src/math.fab:551
  | ⁨    var list<f32> out ← empty⁩
warning[LOCALE002]: /Users/ianzepp/work/faberlang/worktrees/pgc-a3/gradus/src/math.fab:553
  | ⁨        const f32 cv ← dtype.cast(v, t.dtype(), target)⁩
warning[LOCALE002]: /Users/ianzepp/work/faberlang/worktrees/pgc-a3/gradus/src/math.fab:553
  | ⁨        const f32 cv ← dtype.cast(v, t.dtype(), target)⁩
warning[LOCALE002]: /Users/ianzepp/work/faberlang/worktrees/pgc-a3/gradus/src/math.fab:553
  | ⁨        const f32 cv ← dtype.cast(v, t.dtype(), target)⁩
warning[LOCALE002]: /Users/ianzepp/work/faberlang/worktrees/pgc-a3/gradus/src/math.fab:554
  | ⁨        out.append(cv)⁩
warning[LOCALE002]: /Users/ianzepp/work/faberlang/worktrees/pgc-a3/gradus/src/math.fab:556
  | ⁨    return tensor.stage(target, t.shape(), out)⁩
warning[LOCALE002]: /Users/ianzepp/work/faberlang/worktrees/pgc-a3/gradus/src/math.fab:570
  | ⁨        return dims.get(i)⁩
warning[LOCALE002]: /Users/ianzepp/work/faberlang/worktrees/pgc-a3/gradus/src/math.fab:582
  | ⁨        return parts.get(i)⁩
warning[LOCALE002]: /Users/ianzepp/work/faberlang/worktrees/pgc-a3/gradus/src/math.fab:594
  | ⁨        return data.get(i)⁩
warning[LOCALE002]: /Users/ianzepp/work/faberlang/worktrees/pgc-a3/gradus/src/math.fab:606
  | ⁨    const list<int> f0 ← first.shape()⁩
warning[LOCALE002]: /Users/ianzepp/work/faberlang/worktrees/pgc-a3/gradus/src/math.fab:607
  | ⁨    const int r ← f0.length()⁩
warning[LOCALE002]: /Users/ianzepp/work/faberlang/worktrees/pgc-a3/gradus/src/math.fab:616
  | ⁨        require dtype.eq(part.dtype(), first.dtype()) throw variant DtypeMismatch {message = "dtype mismatch"}⁩
warning[LOCALE002]: /Users/ianzepp/work/faberlang/worktrees/pgc-a3/gradus/src/math.fab:616
  | ⁨        require dtype.eq(part.dtype(), first.dtype()) throw variant DtypeMismatch {message = "dtype mismatch"}⁩
warning[LOCALE002]: /Users/ianzepp/work/faberlang/worktrees/pgc-a3/gradus/src/math.fab:616
  | ⁨        require dtype.eq(part.dtype(), first.dtype()) throw variant DtypeMismatch {message = "dtype mismatch"}⁩
warning[LOCALE002]: /Users/ianzepp/work/faberlang/worktrees/pgc-a3/gradus/src/math.fab:618
  | ⁨            const int dk ← _shape_dim(f, k)⁩
warning[LOCALE002]: /Users/ianzepp/work/faberlang/worktrees/pgc-a3/gradus/src/math.fab:619
  | ⁨            const int d0 ← _shape_dim(f0, k)⁩
warning[LOCALE002]: /Users/ianzepp/work/faberlang/worktrees/pgc-a3/gradus/src/math.fab:619
  | ⁨            const int d0 ← _shape_dim(f0, k)⁩
warning[LOCALE002]: /Users/ianzepp/work/faberlang/worktrees/pgc-a3/gradus/src/math.fab:620
  | ⁨            require not (k ≠ axis and dk ≠ d0) throw variant Incompatible {message = "concat dimension mismatch"}⁩
warning[LOCALE002]: /Users/ianzepp/work/faberlang/worktrees/pgc-a3/gradus/src/math.fab:620
  | ⁨            require not (k ≠ axis and dk ≠ d0) throw variant Incompatible {message = "concat dimension mismatch"}⁩
warning[LOCALE002]: /Users/ianzepp/work/faberlang/worktrees/pgc-a3/gradus/src/math.fab:622
  | ⁨        const int adim ← _shape_dim(f, axis)⁩
warning[LOCALE002]: /Users/ianzepp/work/faberlang/worktrees/pgc-a3/gradus/src/math.fab:623
  | ⁨        axis_dims.append(adim)⁩
warning[LOCALE002]: /Users/ianzepp/work/faberlang/worktrees/pgc-a3/gradus/src/math.fab:625
  | ⁨        acc ← acc + adim⁩
warning[LOCALE002]: /Users/ianzepp/work/faberlang/worktrees/pgc-a3/gradus/src/math.fab:627
  | ⁨    var list<int> fr ← empty⁩
warning[LOCALE002]: /Users/ianzepp/work/faberlang/worktrees/pgc-a3/gradus/src/math.fab:629
  | ⁨        var int d0 ← _shape_dim(f0, k)⁩
warning[LOCALE002]: /Users/ianzepp/work/faberlang/worktrees/pgc-a3/gradus/src/math.fab:629
  | ⁨        var int d0 ← _shape_dim(f0, k)⁩
warning[LOCALE002]: /Users/ianzepp/work/faberlang/worktrees/pgc-a3/gradus/src/math.fab:631
  | ⁨            d0 ← acc⁩
warning[LOCALE002]: /Users/ianzepp/work/faberlang/worktrees/pgc-a3/gradus/src/math.fab:633
  | ⁨        fr.append(d0)⁩
warning[LOCALE002]: /Users/ianzepp/work/faberlang/worktrees/pgc-a3/gradus/src/math.fab:633
  | ⁨        fr.append(d0)⁩
warning[LOCALE002]: /Users/ianzepp/work/faberlang/worktrees/pgc-a3/gradus/src/math.fab:635
  | ⁨    const int total ← _numel_valid(fr)⁩
warning[LOCALE002]: /Users/ianzepp/work/faberlang/worktrees/pgc-a3/gradus/src/math.fab:637
  | ⁨    var list<f32> out ← empty⁩
warning[LOCALE002]: /Users/ianzepp/work/faberlang/worktrees/pgc-a3/gradus/src/math.fab:639
  | ⁨        const list<int> coords ← _coordinate(o, fr)⁩
warning[LOCALE002]: /Users/ianzepp/work/faberlang/worktrees/pgc-a3/gradus/src/math.fab:644
  | ⁨            const int adim ← _shape_dim(axis_dims, j)⁩
warning[LOCALE002]: /Users/ianzepp/work/faberlang/worktrees/pgc-a3/gradus/src/math.fab:645
  | ⁨            if ca ≥ off and ca ≺ off + adim {⁩
warning[LOCALE002]: /Users/ianzepp/work/faberlang/worktrees/pgc-a3/gradus/src/math.fab:652
  | ⁨        out.append(_elem_at(part.data, idx))⁩
warning[LOCALE002]: /Users/ianzepp/work/faberlang/worktrees/pgc-a3/gradus/src/math.fab:654
  | ⁨    return tensor.stage(first.dtype(), fr, out)⁩
warning[LOCALE002]: /Users/ianzepp/work/faberlang/worktrees/pgc-a3/gradus/src/math.fab:654
  | ⁨    return tensor.stage(first.dtype(), fr, out)⁩
warning[LOCALE002]: /Users/ianzepp/work/faberlang/worktrees/pgc-a3/gradus/src/math.fab:654
  | ⁨    return tensor.stage(first.dtype(), fr, out)⁩
warning[LOCALE002]: /Users/ianzepp/work/faberlang/worktrees/pgc-a3/gradus/src/math.fab:658
  | ⁨fn slice(tensor.NumericBlock t, int axis, int start, int end) → tensor.NumericBlock ⇥ MathError {⁩
warning[LOCALE002]: /Users/ianzepp/work/faberlang/worktrees/pgc-a3/gradus/src/math.fab:658
  | ⁨fn slice(tensor.NumericBlock t, int axis, int start, int end) → tensor.NumericBlock ⇥ MathError {⁩
warning[LOCALE002]: /Users/ianzepp/work/faberlang/worktrees/pgc-a3/gradus/src/math.fab:664
  | ⁨    require not ((start ≺ 0 or end ≺ start) or end ≻ dim) throw variant Incompatible {message = "slice bounds out of range"}⁩
warning[LOCALE002]: /Users/ianzepp/work/faberlang/worktrees/pgc-a3/gradus/src/math.fab:664
  | ⁨    require not ((start ≺ 0 or end ≺ start) or end ≻ dim) throw variant Incompatible {message = "slice bounds out of range"}⁩
warning[LOCALE002]: /Users/ianzepp/work/faberlang/worktrees/pgc-a3/gradus/src/math.fab:664
  | ⁨    require not ((start ≺ 0 or end ≺ start) or end ≻ dim) throw variant Incompatible {message = "slice bounds out of range"}⁩
warning[LOCALE002]: /Users/ianzepp/work/faberlang/worktrees/pgc-a3/gradus/src/math.fab:664
  | ⁨    require not ((start ≺ 0 or end ≺ start) or end ≻ dim) throw variant Incompatible {message = "slice bounds out of range"}⁩
warning[LOCALE002]: /Users/ianzepp/work/faberlang/worktrees/pgc-a3/gradus/src/math.fab:665
  | ⁨    const int len ← end - start⁩
warning[LOCALE002]: /Users/ianzepp/work/faberlang/worktrees/pgc-a3/gradus/src/math.fab:665
  | ⁨    const int len ← end - start⁩
warning[LOCALE002]: /Users/ianzepp/work/faberlang/worktrees/pgc-a3/gradus/src/math.fab:665
  | ⁨    const int len ← end - start⁩
warning[LOCALE002]: /Users/ianzepp/work/faberlang/worktrees/pgc-a3/gradus/src/math.fab:666
  | ⁨    var list<int> fr ← empty⁩
warning[LOCALE002]: /Users/ianzepp/work/faberlang/worktrees/pgc-a3/gradus/src/math.fab:670
  | ⁨            d ← len⁩
warning[LOCALE002]: /Users/ianzepp/work/faberlang/worktrees/pgc-a3/gradus/src/math.fab:672
  | ⁨        fr.append(d)⁩
warning[LOCALE002]: /Users/ianzepp/work/faberlang/worktrees/pgc-a3/gradus/src/math.fab:674
  | ⁨    const int total ← _numel_valid(fr)⁩
warning[LOCALE002]: /Users/ianzepp/work/faberlang/worktrees/pgc-a3/gradus/src/math.fab:675
  | ⁨    var list<f32> out ← empty⁩
warning[LOCALE002]: /Users/ianzepp/work/faberlang/worktrees/pgc-a3/gradus/src/math.fab:677
  | ⁨        const list<int> coords ← _coordinate(o, fr)⁩
warning[LOCALE002]: /Users/ianzepp/work/faberlang/worktrees/pgc-a3/gradus/src/math.fab:679
  | ⁨        const int idx ← _flat_axis(coords, axis, ca + start, f)⁩
warning[LOCALE002]: /Users/ianzepp/work/faberlang/worktrees/pgc-a3/gradus/src/math.fab:680
  | ⁨        out.append(_elem_at(t.data, idx))⁩
warning[LOCALE002]: /Users/ianzepp/work/faberlang/worktrees/pgc-a3/gradus/src/math.fab:682
  | ⁨    return tensor.stage(t.dtype(), fr, out)⁩
warning[LOCALE002]: /Users/ianzepp/work/faberlang/worktrees/pgc-a3/gradus/src/math.fab:682
  | ⁨    return tensor.stage(t.dtype(), fr, out)⁩
warning[LOCALE002]: /Users/ianzepp/work/faberlang/worktrees/pgc-a3/gradus/src/math.fab:682
  | ⁨    return tensor.stage(t.dtype(), fr, out)⁩
warning[WARN024:union_nominal_members]: /Users/ianzepp/work/faberlang/worktrees/pgc-a3/gradus/src/math.fab:103
  | ⁨fn from_shape_error(shape.ShapeError err) → MathError {⁩
warning[WARN025:union_no_common_members]: /Users/ianzepp/work/faberlang/worktrees/pgc-a3/gradus/src/math.fab:103
  | ⁨fn from_shape_error(shape.ShapeError err) → MathError {⁩
warning[WARN024:union_nominal_members]: /Users/ianzepp/work/faberlang/worktrees/pgc-a3/gradus/src/math.fab:115
  | ⁨fn from_tensor_error(tensor.TensorError err) → MathError {⁩
warning[WARN025:union_no_common_members]: /Users/ianzepp/work/faberlang/worktrees/pgc-a3/gradus/src/math.fab:115
  | ⁨fn from_tensor_error(tensor.TensorError err) → MathError {⁩
warning[WARN024:union_nominal_members]: /Users/ianzepp/work/faberlang/worktrees/pgc-a3/gradus/src/math.fab:123
  | ⁨fn from_dtype_error(dtype.DTypeError err) → MathError {⁩
warning[WARN025:union_no_common_members]: /Users/ianzepp/work/faberlang/worktrees/pgc-a3/gradus/src/math.fab:123
  | ⁨fn from_dtype_error(dtype.DTypeError err) → MathError {⁩
warning[WARN024:union_nominal_members]: /Users/ianzepp/work/faberlang/worktrees/pgc-a3/gradus/src/math.fab:550
  | ⁨    const dtype.DType target ← _dtype_from_name(name)⁩
warning[WARN025:union_no_common_members]: /Users/ianzepp/work/faberlang/worktrees/pgc-a3/gradus/src/math.fab:550
  | ⁨    const dtype.DType target ← _dtype_from_name(name)⁩
warning[WARN003:unused_function]: /Users/ianzepp/work/faberlang/worktrees/pgc-a3/gradus/src/math.fab:103
  | ⁨fn from_shape_error(shape.ShapeError err) → MathError {⁩
warning[WARN003:unused_function]: /Users/ianzepp/work/faberlang/worktrees/pgc-a3/gradus/src/math.fab:115
  | ⁨fn from_tensor_error(tensor.TensorError err) → MathError {⁩
warning[WARN003:unused_function]: /Users/ianzepp/work/faberlang/worktrees/pgc-a3/gradus/src/math.fab:123
  | ⁨fn from_dtype_error(dtype.DTypeError err) → MathError {⁩
warning[WARN003:unused_function]: /Users/ianzepp/work/faberlang/worktrees/pgc-a3/gradus/src/math.fab:258
  | ⁨fn construct(list<f32> data, list<int> shape) → tensor.NumericBlock ⇥ MathError {⁩
warning[WARN003:unused_function]: /Users/ianzepp/work/faberlang/worktrees/pgc-a3/gradus/src/math.fab:268
  | ⁨fn add<size M, size N>(tensor<f32, [M, N]> a, tensor<f32, [M, N]> b) → tensor<f32, [M, N]> {⁩
warning[WARN003:unused_function]: /Users/ianzepp/work/faberlang/worktrees/pgc-a3/gradus/src/math.fab:275
  | ⁨fn add_carrier(tensor.NumericBlock a, tensor.NumericBlock b) → tensor.NumericBlock ⇥ MathError {⁩
warning[WARN003:unused_function]: /Users/ianzepp/work/faberlang/worktrees/pgc-a3/gradus/src/math.fab:294
  | ⁨fn sub<size M, size N>(tensor<f32, [M, N]> a, tensor<f32, [M, N]> b) → tensor<f32, [M, N]> {⁩
warning[WARN003:unused_function]: /Users/ianzepp/work/faberlang/worktrees/pgc-a3/gradus/src/math.fab:302
  | ⁨fn sub_carrier(tensor.NumericBlock a, tensor.NumericBlock b) → tensor.NumericBlock ⇥ MathError {⁩
warning[WARN003:unused_function]: /Users/ianzepp/work/faberlang/worktrees/pgc-a3/gradus/src/math.fab:321
  | ⁨fn mul<size M, size N>(tensor<f32, [M, N]> a, tensor<f32, [M, N]> b) → tensor<f32, [M, N]> {⁩
warning[WARN003:unused_function]: /Users/ianzepp/work/faberlang/worktrees/pgc-a3/gradus/src/math.fab:329
  | ⁨fn mul_carrier(tensor.NumericBlock a, tensor.NumericBlock b) → tensor.NumericBlock ⇥ MathError {⁩
warning[WARN003:unused_function]: /Users/ianzepp/work/faberlang/worktrees/pgc-a3/gradus/src/math.fab:348
  | ⁨fn div<size M, size N>(tensor<f32, [M, N]> a, tensor<f32, [M, N]> b) → tensor<f32, [M, N]> {⁩
warning[WARN003:unused_function]: /Users/ianzepp/work/faberlang/worktrees/pgc-a3/gradus/src/math.fab:356
  | ⁨fn div_carrier(tensor.NumericBlock a, tensor.NumericBlock b) → tensor.NumericBlock ⇥ MathError {⁩
warning[WARN003:unused_function]: /Users/ianzepp/work/faberlang/worktrees/pgc-a3/gradus/src/math.fab:375
  | ⁨fn neg<size M, size N>(tensor<f32, [M, N]> t) → tensor<f32, [M, N]> {⁩
warning[WARN003:unused_function]: /Users/ianzepp/work/faberlang/worktrees/pgc-a3/gradus/src/math.fab:382
  | ⁨fn neg_carrier(tensor.NumericBlock t) → tensor.NumericBlock ⇥ MathError {⁩
warning[WARN003:unused_function]: /Users/ianzepp/work/faberlang/worktrees/pgc-a3/gradus/src/math.fab:399
  | ⁨fn abs_carrier(tensor.NumericBlock t) → tensor.NumericBlock ⇥ MathError {⁩
warning[WARN003:unused_function]: /Users/ianzepp/work/faberlang/worktrees/pgc-a3/gradus/src/math.fab:422
  | ⁨fn signum_carrier(tensor.NumericBlock t) → tensor.NumericBlock ⇥ MathError {⁩
warning[WARN003:unused_function]: /Users/ianzepp/work/faberlang/worktrees/pgc-a3/gradus/src/math.fab:438
  | ⁨fn sum(tensor.NumericBlock t, int axis) → tensor.NumericBlock ⇥ MathError {⁩
warning[WARN003:unused_function]: /Users/ianzepp/work/faberlang/worktrees/pgc-a3/gradus/src/math.fab:469
  | ⁨fn mean(tensor.NumericBlock t, int axis) → tensor.NumericBlock ⇥ MathError {⁩
warning[WARN003:unused_function]: /Users/ianzepp/work/faberlang/worktrees/pgc-a3/gradus/src/math.fab:506
  | ⁨fn matmul(tensor.NumericBlock a, tensor.NumericBlock b) → tensor.NumericBlock ⇥ MathError {⁩
warning[WARN003:unused_function]: /Users/ianzepp/work/faberlang/worktrees/pgc-a3/gradus/src/math.fab:549
  | ⁨fn cast(tensor.NumericBlock t, string name) → tensor.NumericBlock ⇥ MathError {⁩
warning[WARN003:unused_function]: /Users/ianzepp/work/faberlang/worktrees/pgc-a3/gradus/src/math.fab:603
  | ⁨fn concatenate(list<tensor.NumericBlock> parts, int axis) → tensor.NumericBlock ⇥ MathError {⁩
warning[WARN003:unused_function]: /Users/ianzepp/work/faberlang/worktrees/pgc-a3/gradus/src/math.fab:658
  | ⁨fn slice(tensor.NumericBlock t, int axis, int start, int end) → tensor.NumericBlock ⇥ MathError {⁩
warning[WARN027:complexity_budget_exceeded]: /Users/ianzepp/work/faberlang/worktrees/pgc-a3/gradus/src/math.fab:438
  | ⁨fn sum(tensor.NumericBlock t, int axis) → tensor.NumericBlock ⇥ MathError {⁩
warning[WARN027:complexity_budget_exceeded]: /Users/ianzepp/work/faberlang/worktrees/pgc-a3/gradus/src/math.fab:469
  | ⁨fn mean(tensor.NumericBlock t, int axis) → tensor.NumericBlock ⇥ MathError {⁩
warning[WARN027:complexity_budget_exceeded]: /Users/ianzepp/work/faberlang/worktrees/pgc-a3/gradus/src/math.fab:506
  | ⁨fn matmul(tensor.NumericBlock a, tensor.NumericBlock b) → tensor.NumericBlock ⇥ MathError {⁩
warning[WARN027:complexity_budget_exceeded]: /Users/ianzepp/work/faberlang/worktrees/pgc-a3/gradus/src/math.fab:603
  | ⁨fn concatenate(list<tensor.NumericBlock> parts, int axis) → tensor.NumericBlock ⇥ MathError {⁩
ok: /Users/ianzepp/work/faberlang/worktrees/pgc-a3/gradus/src/math.fab
