
running 1 test
{"produced_tokens": 1}
{"produced_tokens": 2}
{"produced_tokens": 3}
{"produced_tokens": 4}
{"produced_tokens": 5}
{"produced_tokens": 6}
{"produced_tokens": 7}
{"produced_tokens": 8}
{"produced_tokens": 9}
{"produced_tokens": 10}
{"produced_tokens": 11}
{"produced_tokens": 12}
{"produced_tokens": 13}
{"produced_tokens": 14}
{"produced_tokens": 15}
{"produced_tokens": 16}
{"produced_tokens": 17}
{"produced_tokens": 18}
{"produced_tokens": 19}
{"produced_tokens": 20}
{"produced_tokens": 21}
{"produced_tokens": 22}
{"produced_tokens": 23}
{"produced_tokens": 24}
{"produced_tokens": 25}
{"produced_tokens": 26}
{"produced_tokens": 27}
{"produced_tokens": 28}
{"produced_tokens": 29}
{"produced_tokens": 30}
{"produced_tokens": 31}
{"produced_tokens": 32}
{"produced_tokens": 33}
{"produced_tokens": 34}
{"produced_tokens": 35}
{"produced_tokens": 36}
{"produced_tokens": 37}
{"produced_tokens": 38}
{"produced_tokens": 39}
{"produced_tokens": 40}
{"produced_tokens": 41}
{"produced_tokens": 42}
{"produced_tokens": 43}
{"produced_tokens": 44}
{"produced_tokens": 45}
{"produced_tokens": 46}
{"produced_tokens": 47}
{"produced_tokens": 48}
{"produced_tokens": 49}
{"produced_tokens": 50}
{"produced_tokens": 51}
{"produced_tokens": 52}
{"produced_tokens": 53}
{"produced_tokens": 54}
{"produced_tokens": 55}
{"produced_tokens": 56}
{"produced_tokens": 57}
{"produced_tokens": 58}
{"produced_tokens": 59}
{"produced_tokens": 60}
{"produced_tokens": 61}
{"produced_tokens": 62}
{"produced_tokens": 63}
{"produced_tokens": 64}
{"produced_tokens": 65}
{"produced_tokens": 66}
{"produced_tokens": 67}
{"produced_tokens": 68}
{"produced_tokens": 69}
{"produced_tokens": 70}
{"produced_tokens": 71}
{"produced_tokens": 72}
{"produced_tokens": 73}
{"produced_tokens": 74}
{"produced_tokens": 75}
{"produced_tokens": 76}
{"produced_tokens": 77}
{"produced_tokens": 78}
{"produced_tokens": 79}
{"produced_tokens": 80}
{"produced_tokens": 81}
{"produced_tokens": 82}
{"produced_tokens": 83}
{"produced_tokens": 84}
{"produced_tokens": 85}
{"produced_tokens": 86}
{"produced_tokens": 87}
{"produced_tokens": 88}
{"produced_tokens": 89}
{"produced_tokens": 90}
{"produced_tokens": 91}
{"produced_tokens": 92}
{"produced_tokens": 93}
{"produced_tokens": 94}
{"produced_tokens": 95}
{"produced_tokens": 96}
{"produced_tokens": 97}
{"produced_tokens": 98}
{"produced_tokens": 99}
{"produced_tokens": 100}
{"produced_tokens": 101}
{"produced_tokens": 102}
{"produced_tokens": 103}
{"produced_tokens": 104}
{"produced_tokens": 105}
{"produced_tokens": 106}
{"produced_tokens": 107}
{"produced_tokens": 108}
{"produced_tokens": 109}
{"produced_tokens": 110}
{"produced_tokens": 111}
{"produced_tokens": 112}
{"produced_tokens": 113}
{"produced_tokens": 114}
{"produced_tokens": 115}
{"produced_tokens": 116}
{"produced_tokens": 117}
{"produced_tokens": 118}
{"produced_tokens": 119}
{"produced_tokens": 120}
{"produced_tokens": 121}
{"produced_tokens": 122}
{"produced_tokens": 123}
{"produced_tokens": 124}
{"produced_tokens": 125}
{"produced_tokens": 126}
{"produced_tokens": 127}
{"produced_tokens": 128}
{"produced_tokens": 129}
{"produced_tokens": 130}
{"produced_tokens": 131}
{"produced_tokens": 132}
{"produced_tokens": 133}
{"produced_tokens": 134}
{"produced_tokens": 135}
{"produced_tokens": 136}
{"produced_tokens": 137}
{"produced_tokens": 138}
{"produced_tokens": 139}
{"produced_tokens": 140}
{"produced_tokens": 141}
{"produced_tokens": 142}
{"produced_tokens": 143}
{"produced_tokens": 144}
{"produced_tokens": 145}
{"produced_tokens": 146}
{"produced_tokens": 147}
{"produced_tokens": 148}
{"produced_tokens": 149}
{"produced_tokens": 150}
{"produced_tokens": 151}
{"produced_tokens": 152}
{"produced_tokens": 153}
{"produced_tokens": 154}
{"produced_tokens": 155}
{"produced_tokens": 156}
{"produced_tokens": 157}
{"produced_tokens": 158}
{"produced_tokens": 159}
{"produced_tokens": 160}
{"produced_tokens": 161}
{"produced_tokens": 162}
{"produced_tokens": 163}
{"produced_tokens": 164}
{"produced_tokens": 165}
{"produced_tokens": 166}
{"produced_tokens": 167}
{"produced_tokens": 168}
{"produced_tokens": 169}
{"produced_tokens": 170}
{"produced_tokens": 171}
{"produced_tokens": 172}
{"produced_tokens": 173}
{"produced_tokens": 174}
{"produced_tokens": 175}
{"produced_tokens": 176}
{"produced_tokens": 177}
{"produced_tokens": 178}
{"produced_tokens": 179}
{"produced_tokens": 180}
{"produced_tokens": 181}
{"produced_tokens": 182}
{"produced_tokens": 183}
{"produced_tokens": 184}
{"produced_tokens": 185}
{"produced_tokens": 186}
{"produced_tokens": 187}
{"produced_tokens": 188}
{"produced_tokens": 189}
{"produced_tokens": 190}
{"produced_tokens": 191}
{"produced_tokens": 192}
{"produced_tokens": 193}
{"produced_tokens": 194}
{"produced_tokens": 195}
{"produced_tokens": 196}
{"produced_tokens": 197}
{"produced_tokens": 198}
{"produced_tokens": 199}
{"produced_tokens": 200}
{"produced_tokens": 201}
{"produced_tokens": 202}
{"produced_tokens": 203}
{"produced_tokens": 204}
{"produced_tokens": 205}
{"produced_tokens": 206}
{"produced_tokens": 207}
{"produced_tokens": 208}
{"produced_tokens": 209}
{"produced_tokens": 210}
{"produced_tokens": 211}
{"produced_tokens": 212}
{"produced_tokens": 213}
{"produced_tokens": 214}
{"produced_tokens": 215}
{"produced_tokens": 216}
{"produced_tokens": 217}
{"produced_tokens": 218}
{"produced_tokens": 219}
{"produced_tokens": 220}
{"produced_tokens": 221}
{"produced_tokens": 222}
{"produced_tokens": 223}
{"produced_tokens": 224}
{"produced_tokens": 225}
{"produced_tokens": 226}
{"produced_tokens": 227}
{"produced_tokens": 228}
{"produced_tokens": 229}
{"produced_tokens": 230}
{"produced_tokens": 231}
{"produced_tokens": 232}
{"produced_tokens": 233}
{"produced_tokens": 234}
{"produced_tokens": 235}
{"produced_tokens": 236}
{"produced_tokens": 237}
{"produced_tokens": 238}
{"produced_tokens": 239}
{"produced_tokens": 240}
{"produced_tokens": 241}
{"produced_tokens": 242}
{"produced_tokens": 243}
{"produced_tokens": 244}
{"produced_tokens": 245}
{"produced_tokens": 246}
{"produced_tokens": 247}
{"produced_tokens": 248}
{"produced_tokens": 249}
{"produced_tokens": 250}
{"produced_tokens": 251}
{"produced_tokens": 252}
{"produced_tokens": 253}
{"produced_tokens": 254}
{"produced_tokens": 255}
{"produced_tokens": 256}
{"produced_tokens": 257}
{"produced_tokens": 258}
{"produced_tokens": 259}
{"produced_tokens": 260}
{"produced_tokens": 261}
{"produced_tokens": 262}
{"produced_tokens": 263}
{"produced_tokens": 264}
{"produced_tokens": 265}
{"produced_tokens": 266}
{"produced_tokens": 267}
{"produced_tokens": 268}
{"produced_tokens": 269}
{"produced_tokens": 270}
{"produced_tokens": 271}
{"produced_tokens": 272}
{"produced_tokens": 273}
{"produced_tokens": 274}
{"produced_tokens": 275}
{"produced_tokens": 276}
{"produced_tokens": 277}
{"produced_tokens": 278}
{"produced_tokens": 279}
{"produced_tokens": 280}
{"produced_tokens": 281}
{"produced_tokens": 282}
{"produced_tokens": 283}
{"produced_tokens": 284}
{"produced_tokens": 285}
{"produced_tokens": 286}
{"produced_tokens": 287}
{"produced_tokens": 288}
{"produced_tokens": 289}
{"produced_tokens": 290}
{"produced_tokens": 291}
{"produced_tokens": 292}
{"produced_tokens": 293}
{"produced_tokens": 294}
{"produced_tokens": 295}
{"produced_tokens": 296}
{"produced_tokens": 297}
{"produced_tokens": 298}
{"produced_tokens": 299}
{"produced_tokens": 300}
{"produced_tokens": 301}
{"produced_tokens": 302}
{"produced_tokens": 303}
{"produced_tokens": 304}
{"produced_tokens": 305}
{"produced_tokens": 306}
{"produced_tokens": 307}
{"produced_tokens": 308}
{"produced_tokens": 309}
{"produced_tokens": 310}
{"produced_tokens": 311}
{"produced_tokens": 312}
{"produced_tokens": 313}
{"produced_tokens": 314}
{"produced_tokens": 315}
{"produced_tokens": 316}
{"produced_tokens": 317}
{"produced_tokens": 318}
{"produced_tokens": 319}
{"produced_tokens": 320}
{"produced_tokens": 321}
{"produced_tokens": 322}
{"produced_tokens": 323}
{"produced_tokens": 324}
{"produced_tokens": 325}
{"produced_tokens": 326}
{"produced_tokens": 327}
{"produced_tokens": 328}
{"produced_tokens": 329}
{"produced_tokens": 330}
{"produced_tokens": 331}
{"produced_tokens": 332}
{"produced_tokens": 333}
{"produced_tokens": 334}
{"produced_tokens": 335}
{"produced_tokens": 336}
{"produced_tokens": 337}
{"produced_tokens": 338}
{"produced_tokens": 339}
{"produced_tokens": 340}
{"produced_tokens": 341}
{"produced_tokens": 342}
{"produced_tokens": 343}
{"produced_tokens": 344}
{"produced_tokens": 345}
{"produced_tokens": 346}
{"produced_tokens": 347}
{"produced_tokens": 348}
{"produced_tokens": 349}
{"produced_tokens": 350}
{"produced_tokens": 351}
{"produced_tokens": 352}
{"produced_tokens": 353}
{"produced_tokens": 354}
{"produced_tokens": 355}
{"produced_tokens": 356}
{"produced_tokens": 357}
{"produced_tokens": 358}
{"produced_tokens": 359}
{"produced_tokens": 360}
{"produced_tokens": 361}
{"produced_tokens": 362}
{"produced_tokens": 363}
{"produced_tokens": 364}
{"produced_tokens": 365}
{"produced_tokens": 366}
{"produced_tokens": 367}
{"produced_tokens": 368}
{"produced_tokens": 369}
{"produced_tokens": 370}
{"produced_tokens": 371}
{"produced_tokens": 372}
{"produced_tokens": 373}
{"produced_tokens": 374}
{"produced_tokens": 375}
{"produced_tokens": 376}
{"produced_tokens": 377}
{"produced_tokens": 378}
{"produced_tokens": 379}
{"produced_tokens": 380}
{"produced_tokens": 381}
{"produced_tokens": 382}
{"produced_tokens": 383}
{"produced_tokens": 384}
{"produced_tokens": 385}
{"produced_tokens": 386}
{"produced_tokens": 387}
{"produced_tokens": 388}
{"produced_tokens": 389}
{"produced_tokens": 390}
{"produced_tokens": 391}
{"produced_tokens": 392}
{"produced_tokens": 393}
{"produced_tokens": 394}
{"produced_tokens": 395}
{"produced_tokens": 396}
{"produced_tokens": 397}
{"produced_tokens": 398}
{"produced_tokens": 399}
{"produced_tokens": 400}
{"produced_tokens": 401}
{"produced_tokens": 402}
{"produced_tokens": 403}
{"produced_tokens": 404}
{"produced_tokens": 405}
{"produced_tokens": 406}
{"produced_tokens": 407}
{"produced_tokens": 408}
{"produced_tokens": 409}
{"produced_tokens": 410}
{"produced_tokens": 411}
{"produced_tokens": 412}
{"produced_tokens": 413}
{"produced_tokens": 414}
{"produced_tokens": 415}
{"produced_tokens": 416}
{"produced_tokens": 417}
{"produced_tokens": 418}
{"produced_tokens": 419}
{"produced_tokens": 420}
{"produced_tokens": 421}
{"produced_tokens": 422}
{"produced_tokens": 423}
{"produced_tokens": 424}
{"produced_tokens": 425}
{"produced_tokens": 426}
{"produced_tokens": 427}
{"produced_tokens": 428}
{"produced_tokens": 429}
{"produced_tokens": 430}
{"produced_tokens": 431}
{"produced_tokens": 432}
{"produced_tokens": 433}
{"produced_tokens": 434}
{"produced_tokens": 435}
{"produced_tokens": 436}
{"produced_tokens": 437}
{"produced_tokens": 438}
{"produced_tokens": 439}
{"produced_tokens": 440}
{"produced_tokens": 441}
{"produced_tokens": 442}
{"produced_tokens": 443}
{"produced_tokens": 444}
{"produced_tokens": 445}
{"produced_tokens": 446}
{"produced_tokens": 447}
{"produced_tokens": 448}
{"produced_tokens": 449}
{"produced_tokens": 450}
{"produced_tokens": 451}
{"produced_tokens": 452}
{"produced_tokens": 453}
{"produced_tokens": 454}
{"produced_tokens": 455}
{"produced_tokens": 456}
{"produced_tokens": 457}
{"produced_tokens": 458}
{"produced_tokens": 459}
{"produced_tokens": 460}
{"produced_tokens": 461}
{"produced_tokens": 462}
{"produced_tokens": 463}
{"produced_tokens": 464}
{"produced_tokens": 465}
{"produced_tokens": 466}
{"produced_tokens": 467}
{"produced_tokens": 468}
{"produced_tokens": 469}
{"produced_tokens": 470}
{"produced_tokens": 471}
{"produced_tokens": 472}
{"produced_tokens": 473}
{"produced_tokens": 474}
{"produced_tokens": 475}
{"produced_tokens": 476}
{"produced_tokens": 477}
{"produced_tokens": 478}
{"produced_tokens": 479}
{"produced_tokens": 480}
{"produced_tokens": 481}
{"produced_tokens": 482}
{"produced_tokens": 483}
{"produced_tokens": 484}
{"produced_tokens": 485}
{"produced_tokens": 486}
{"produced_tokens": 487}
{"produced_tokens": 488}
{"produced_tokens": 489}
{"produced_tokens": 490}
{"produced_tokens": 491}
{"produced_tokens": 492}
{"produced_tokens": 493}
{"produced_tokens": 494}
{"produced_tokens": 495}
{"produced_tokens": 496}
{"produced_tokens": 497}
{"produced_tokens": 498}
{"produced_tokens": 499}
{"produced_tokens": 500}
{"produced_tokens": 501}
{"produced_tokens": 502}
{"produced_tokens": 503}
{"produced_tokens": 504}
{"produced_tokens": 505}
{"produced_tokens": 506}
{"produced_tokens": 507}
{"produced_tokens": 508}
{"produced_tokens": 509}
{"produced_tokens": 510}
{"produced_tokens": 511}
{"produced_tokens": 512}
{"produced_tokens": 513}
{"produced_tokens": 514}
{"produced_tokens": 515}
{"produced_tokens": 516}
{"produced_tokens": 517}
{"produced_tokens": 518}
{"produced_tokens": 519}
{"produced_tokens": 520}
{"produced_tokens": 521}
{"produced_tokens": 522}
{"produced_tokens": 523}
{"produced_tokens": 524}
{"produced_tokens": 525}
{"produced_tokens": 526}
{"produced_tokens": 527}
{"produced_tokens": 528}
{"produced_tokens": 529}
{"produced_tokens": 530}
{"produced_tokens": 531}
{"produced_tokens": 532}
{"produced_tokens": 533}
{"produced_tokens": 534}
{"produced_tokens": 535}
{"produced_tokens": 536}
{"produced_tokens": 537}
{"produced_tokens": 538}
{"produced_tokens": 539}
{"produced_tokens": 540}
{"produced_tokens": 541}
{"produced_tokens": 542}
{"produced_tokens": 543}
{"produced_tokens": 544}
{"produced_tokens": 545}
{"produced_tokens": 546}
{"produced_tokens": 547}
{"produced_tokens": 548}
{"produced_tokens": 549}
{"produced_tokens": 550}
{"produced_tokens": 551}
{"produced_tokens": 552}
{"produced_tokens": 553}
{"produced_tokens": 554}
{"produced_tokens": 555}
{"produced_tokens": 556}
{"produced_tokens": 557}
{"produced_tokens": 558}
{"produced_tokens": 559}
{"produced_tokens": 560}
{"produced_tokens": 561}
{"produced_tokens": 562}
{"produced_tokens": 563}
{"produced_tokens": 564}
{"produced_tokens": 565}
{"produced_tokens": 566}
{"produced_tokens": 567}
{"produced_tokens": 568}
{"produced_tokens": 569}
{"produced_tokens": 570}
{"produced_tokens": 571}
{"produced_tokens": 572}
{"produced_tokens": 573}
{"produced_tokens": 574}
{"produced_tokens": 575}
{"produced_tokens": 576}
{"produced_tokens": 577}
{"produced_tokens": 578}
{"produced_tokens": 579}
{"produced_tokens": 580}
{"produced_tokens": 581}
{"produced_tokens": 582}
{"produced_tokens": 583}
{"produced_tokens": 584}
{"produced_tokens": 585}
{"produced_tokens": 586}
{"produced_tokens": 587}
{"produced_tokens": 588}
{"produced_tokens": 589}
{"produced_tokens": 590}
{"produced_tokens": 591}
{"produced_tokens": 592}
{"produced_tokens": 593}
{"produced_tokens": 594}
{"produced_tokens": 595}
{"produced_tokens": 596}
{"produced_tokens": 597}
{"produced_tokens": 598}
{"produced_tokens": 599}
{"produced_tokens": 600}
{"produced_tokens": 601}
{"produced_tokens": 602}
{"produced_tokens": 603}
{"produced_tokens": 604}
{"produced_tokens": 605}
{"produced_tokens": 606}
{"produced_tokens": 607}
{"produced_tokens": 608}
{"produced_tokens": 609}
{"produced_tokens": 610}
{"produced_tokens": 611}
{"produced_tokens": 612}
{"produced_tokens": 613}
{"produced_tokens": 614}
{"produced_tokens": 615}
{"produced_tokens": 616}
{"produced_tokens": 617}
{"produced_tokens": 618}
{"produced_tokens": 619}
{"produced_tokens": 620}
{"produced_tokens": 621}
{"produced_tokens": 622}
{"produced_tokens": 623}
{"produced_tokens": 624}
{"produced_tokens": 625}
{"produced_tokens": 626}
{"produced_tokens": 627}
{"produced_tokens": 628}
{"produced_tokens": 629}
{"produced_tokens": 630}
{"produced_tokens": 631}
{"produced_tokens": 632}
{"produced_tokens": 633}
{"produced_tokens": 634}
{"produced_tokens": 635}
{"produced_tokens": 636}
{"produced_tokens": 637}
{"produced_tokens": 638}
{"produced_tokens": 639}
{"produced_tokens": 640}
{"produced_tokens": 641}
{"produced_tokens": 642}
{"produced_tokens": 643}
{"produced_tokens": 644}
{"produced_tokens": 645}
{"produced_tokens": 646}
{"produced_tokens": 647}
{"produced_tokens": 648}
{"produced_tokens": 649}
{"produced_tokens": 650}
{"produced_tokens": 651}
{"produced_tokens": 652}
{"produced_tokens": 653}
{"produced_tokens": 654}
{"produced_tokens": 655}
{"produced_tokens": 656}
{"produced_tokens": 657}
{"produced_tokens": 658}
{"produced_tokens": 659}
{"produced_tokens": 660}
{"produced_tokens": 661}
{"produced_tokens": 662}
{"produced_tokens": 663}
{"produced_tokens": 664}
{"produced_tokens": 665}
{"produced_tokens": 666}
{"produced_tokens": 667}
{"produced_tokens": 668}
{"produced_tokens": 669}
{"produced_tokens": 670}
{"produced_tokens": 671}
{"produced_tokens": 672}
{"produced_tokens": 673}
{"produced_tokens": 674}
{"produced_tokens": 675}
{"produced_tokens": 676}
{"produced_tokens": 677}
{"produced_tokens": 678}
{"produced_tokens": 679}
{"produced_tokens": 680}
{"produced_tokens": 681}
{"produced_tokens": 682}
{"produced_tokens": 683}
{"produced_tokens": 684}
{"produced_tokens": 685}
{"produced_tokens": 686}
{"produced_tokens": 687}
{"produced_tokens": 688}
{"produced_tokens": 689}
{"produced_tokens": 690}
{"produced_tokens": 691}
{"produced_tokens": 692}
{"produced_tokens": 693}
{"produced_tokens": 694}
{"produced_tokens": 695}
{"produced_tokens": 696}
{"produced_tokens": 697}
{"produced_tokens": 698}
{"produced_tokens": 699}
{"produced_tokens": 700}
{"produced_tokens": 701}
{"produced_tokens": 702}
{"produced_tokens": 703}
{"produced_tokens": 704}
{"produced_tokens": 705}
{"produced_tokens": 706}
{"produced_tokens": 707}
{"produced_tokens": 708}
{"produced_tokens": 709}
{"produced_tokens": 710}
{"produced_tokens": 711}
{"produced_tokens": 712}
{"produced_tokens": 713}
{"produced_tokens": 714}
{"produced_tokens": 715}
{"produced_tokens": 716}
{"produced_tokens": 717}
{"produced_tokens": 718}
{"produced_tokens": 719}
{"produced_tokens": 720}
{"produced_tokens": 721}
{"produced_tokens": 722}
{"produced_tokens": 723}
{"produced_tokens": 724}
{"produced_tokens": 725}
{"produced_tokens": 726}
{"produced_tokens": 727}
{"produced_tokens": 728}
{"produced_tokens": 729}
{"produced_tokens": 730}
{"produced_tokens": 731}
{"produced_tokens": 732}
{"produced_tokens": 733}
{"produced_tokens": 734}
{"produced_tokens": 735}
{"produced_tokens": 736}
{"produced_tokens": 737}
{"produced_tokens": 738}
{"produced_tokens": 739}
{"produced_tokens": 740}
{"produced_tokens": 741}
{"produced_tokens": 742}
{"produced_tokens": 743}
{"produced_tokens": 744}
{"produced_tokens": 745}
{"produced_tokens": 746}
{"produced_tokens": 747}
{"produced_tokens": 748}
{"produced_tokens": 749}
{"produced_tokens": 750}
{"produced_tokens": 751}
{"produced_tokens": 752}
{"produced_tokens": 753}
{"produced_tokens": 754}
{"produced_tokens": 755}
{"produced_tokens": 756}
{"produced_tokens": 757}
{"produced_tokens": 758}
{"produced_tokens": 759}
{"produced_tokens": 760}
{"produced_tokens": 761}
{"produced_tokens": 762}
{"produced_tokens": 763}
{"produced_tokens": 764}
{"produced_tokens": 765}
{"produced_tokens": 766}
{"produced_tokens": 767}
{"produced_tokens": 768}
{"produced_tokens": 769}
{"produced_tokens": 770}
{"produced_tokens": 771}
{"produced_tokens": 772}
{"produced_tokens": 773}
{"produced_tokens": 774}
{"produced_tokens": 775}
{"produced_tokens": 776}
{"produced_tokens": 777}
{"produced_tokens": 778}
{"produced_tokens": 779}
{"produced_tokens": 780}
{"produced_tokens": 781}
{"produced_tokens": 782}
{"produced_tokens": 783}
{"produced_tokens": 784}
{"produced_tokens": 785}
{"produced_tokens": 786}
{"produced_tokens": 787}
{"produced_tokens": 788}
{"produced_tokens": 789}
{"produced_tokens": 790}
{"produced_tokens": 791}
{"produced_tokens": 792}
{"produced_tokens": 793}
{"produced_tokens": 794}
{"produced_tokens": 795}
{"produced_tokens": 796}
{"produced_tokens": 797}
{"produced_tokens": 798}
{"produced_tokens": 799}
{"produced_tokens": 800}
{"produced_tokens": 801}
{"produced_tokens": 802}
{"produced_tokens": 803}
{"produced_tokens": 804}
{"produced_tokens": 805}
{"produced_tokens": 806}
{"produced_tokens": 807}
{"produced_tokens": 808}
{"produced_tokens": 809}
{"produced_tokens": 810}
{"produced_tokens": 811}
{"produced_tokens": 812}
{"produced_tokens": 813}
{"produced_tokens": 814}
{"produced_tokens": 815}
{"produced_tokens": 816}
{"produced_tokens": 817}
{"produced_tokens": 818}
{"produced_tokens": 819}
{"produced_tokens": 820}
{"produced_tokens": 821}
{"produced_tokens": 822}
{"produced_tokens": 823}
{"produced_tokens": 824}
{"produced_tokens": 825}
{"produced_tokens": 826}
{"produced_tokens": 827}
{"produced_tokens": 828}
{"produced_tokens": 829}
{"produced_tokens": 830}
{"produced_tokens": 831}
{"produced_tokens": 832}
{"produced_tokens": 833}
{"produced_tokens": 834}
{"produced_tokens": 835}
{"produced_tokens": 836}
{"produced_tokens": 837}
{"produced_tokens": 838}
{"produced_tokens": 839}
{"produced_tokens": 840}
{"produced_tokens": 841}
{"produced_tokens": 842}
{"produced_tokens": 843}
{"produced_tokens": 844}
{"produced_tokens": 845}
{"produced_tokens": 846}
{"produced_tokens": 847}
{"produced_tokens": 848}
{"produced_tokens": 849}
{"produced_tokens": 850}
{"produced_tokens": 851}
{"produced_tokens": 852}
{"produced_tokens": 853}
{"produced_tokens": 854}
{"produced_tokens": 855}
{"produced_tokens": 856}
{"produced_tokens": 857}
{"produced_tokens": 858}
{"produced_tokens": 859}
{"produced_tokens": 860}
{"produced_tokens": 861}
{"produced_tokens": 862}
{"produced_tokens": 863}
{"produced_tokens": 864}
{"produced_tokens": 865}
{"produced_tokens": 866}
{"produced_tokens": 867}
{"produced_tokens": 868}
{"produced_tokens": 869}
{"produced_tokens": 870}
{"produced_tokens": 871}
{"produced_tokens": 872}
{"produced_tokens": 873}
{"produced_tokens": 874}
{"produced_tokens": 875}
{"produced_tokens": 876}
{"produced_tokens": 877}
{"produced_tokens": 878}
{"produced_tokens": 879}
{"produced_tokens": 880}
{"produced_tokens": 881}
{"produced_tokens": 882}
{"produced_tokens": 883}
{"produced_tokens": 884}
{"produced_tokens": 885}
{"produced_tokens": 886}
{"produced_tokens": 887}
{"produced_tokens": 888}
{"produced_tokens": 889}
{"produced_tokens": 890}
{"produced_tokens": 891}
{"produced_tokens": 892}
{"produced_tokens": 893}
{"produced_tokens": 894}
{"produced_tokens": 895}
{"produced_tokens": 896}
{"produced_tokens": 897}
{"produced_tokens": 898}
{"produced_tokens": 899}
{"produced_tokens": 900}
{"produced_tokens": 901}
{"produced_tokens": 902}
{"produced_tokens": 903}
{"produced_tokens": 904}
{"produced_tokens": 905}
{"produced_tokens": 906}
{"produced_tokens": 907}
{"produced_tokens": 908}
{"produced_tokens": 909}
{"produced_tokens": 910}
{"produced_tokens": 911}
{"produced_tokens": 912}
{"produced_tokens": 913}
{"produced_tokens": 914}
{"produced_tokens": 915}
{"produced_tokens": 916}
{"produced_tokens": 917}
{"produced_tokens": 918}
{"produced_tokens": 919}
{"produced_tokens": 920}
{"produced_tokens": 921}
{"produced_tokens": 922}
{"produced_tokens": 923}
{"produced_tokens": 924}
{"produced_tokens": 925}
{"produced_tokens": 926}
{"produced_tokens": 927}
{"produced_tokens": 928}
{"produced_tokens": 929}
{"produced_tokens": 930}
{"produced_tokens": 931}
{"produced_tokens": 932}
{"produced_tokens": 933}
{"produced_tokens": 934}
test gea3_fixed1000_metal_decode_receipt has been running for over 60 seconds
{"produced_tokens": 935}
{"produced_tokens": 936}
{"produced_tokens": 937}
{"produced_tokens": 938}
{"produced_tokens": 939}
{"produced_tokens": 940}
{"produced_tokens": 941}
{"produced_tokens": 942}
{"produced_tokens": 943}
{"produced_tokens": 944}
{"produced_tokens": 945}
{"produced_tokens": 946}
{"produced_tokens": 947}
{"produced_tokens": 948}
{"produced_tokens": 949}
{"produced_tokens": 950}
{"produced_tokens": 951}
{"produced_tokens": 952}
{"produced_tokens": 953}
{"produced_tokens": 954}
{"produced_tokens": 955}
{"produced_tokens": 956}
{"produced_tokens": 957}
{"produced_tokens": 958}
{"produced_tokens": 959}
{"produced_tokens": 960}
{"produced_tokens": 961}
{"produced_tokens": 962}
{"produced_tokens": 963}
{"produced_tokens": 964}
{"produced_tokens": 965}
{"produced_tokens": 966}
{"produced_tokens": 967}
{"produced_tokens": 968}
{"produced_tokens": 969}
{"produced_tokens": 970}
{"produced_tokens": 971}
{"produced_tokens": 972}
{"produced_tokens": 973}
{"produced_tokens": 974}
{"produced_tokens": 975}
{"produced_tokens": 976}
{"produced_tokens": 977}
{"produced_tokens": 978}
{"produced_tokens": 979}
{"produced_tokens": 980}
{"produced_tokens": 981}
{"produced_tokens": 982}
{"produced_tokens": 983}
{"produced_tokens": 984}
{"produced_tokens": 985}
{"produced_tokens": 986}
{"produced_tokens": 987}
{"produced_tokens": 988}
{"produced_tokens": 989}
{"produced_tokens": 990}
{"produced_tokens": 991}
{"produced_tokens": 992}
{"produced_tokens": 993}
{"produced_tokens": 994}
{"produced_tokens": 995}
{"produced_tokens": 996}
{"produced_tokens": 997}
{"produced_tokens": 998}
{"produced_tokens": 999}
{"produced_tokens": 1000}
test gea3_fixed1000_metal_decode_receipt ... ok

test result: ok. 1 passed; 0 failed; 0 ignored; 0 measured; 10 filtered out; finished in 64.34s

