$ git -C /Users/ianzepp/work/faberlang/worktrees/pgc-b2/radix worktree add --detach /var/folders/jb/3dn8vtk172l69k058t0gvctm0000gn/T/parity-work-dl6ngyf1/radix 2b10f02f61e33f81ca684e531d507f87690e6fcf
Preparing worktree (detached HEAD 2b10f02f6)
Updating files:  90% (6871/7614)Updating files:  91% (6929/7614)Updating files:  92% (7005/7614)Updating files:  93% (7082/7614)Updating files:  94% (7158/7614)Updating files:  95% (7234/7614)Updating files:  96% (7310/7614)Updating files:  97% (7386/7614)Updating files:  98% (7462/7614)Updating files:  99% (7538/7614)Updating files: 100% (7614/7614)Updating files: 100% (7614/7614), done.
HEAD is now at 2b10f02f6 perf(gea3): B2-RETUNE probe — one-row width 16, direct per-column GEMV body
$ git -C /Users/ianzepp/work/faberlang/worktrees/pgc-b2/hosts worktree add --detach /var/folders/jb/3dn8vtk172l69k058t0gvctm0000gn/T/parity-work-dl6ngyf1/hosts 94a1dab3ce4e5429712d7a9eeb6173a21a98eb8b
Preparing worktree (detached HEAD 94a1dab)
HEAD is now at 94a1dab test(gea3): width-agnostic one-row boundary pin (B2-RETUNE sweep)
$ git -C /Users/ianzepp/work/faberlang/worktrees/pgc-b2/gradus worktree add --detach /var/folders/jb/3dn8vtk172l69k058t0gvctm0000gn/T/parity-work-dl6ngyf1/gradus de687a4d2f386a8f30be72d76cec108f434195a9
Preparing worktree (detached HEAD de687a4)
HEAD is now at de687a4 Merge lane factory/hand-c7dad2cf into factory/merge-c7dad2cf — c7dad2cf disposition: co-located package proba for generic dense.load (51f6618); radix probe dirt superseded on main (cd52c31c2, 1fd242b43), dropped
$ cargo test -p mir-emit-harness gea3_pipeline_test::gea3_pipeline_exports_fixed1000_bundle --no-run
   Compiling proc-macro2 v1.0.107
   Compiling quote v1.0.47
   Compiling unicode-ident v1.0.24
   Compiling serde_core v1.0.229
   Compiling serde v1.0.229
   Compiling tinyvec_macros v0.1.1
   Compiling semver v1.0.28
   Compiling rustc-hash v2.1.3
   Compiling thiserror v2.0.20
   Compiling byteorder v1.5.0
   Compiling stable_deref_trait v1.2.1
   Compiling memchr v2.8.3
   Compiling handroll v0.1.0 (/private/var/folders/jb/3dn8vtk172l69k058t0gvctm0000gn/T/parity-work-dl6ngyf1/radix/crates/handroll)
   Compiling zmij v1.0.23
   Compiling serde_json v1.0.151
   Compiling winnow v1.0.4
   Compiling itoa v1.0.18
   Compiling tinyvec v1.12.0
   Compiling libc v0.2.189
   Compiling toml_writer v1.1.2+spec-1.1.0
   Compiling regex-syntax v0.8.11
   Compiling leb128fmt v0.1.0
   Compiling hash32 v0.2.1
   Compiling unicode-width v0.2.2
   Compiling rustc_version v0.4.1
   Compiling wasm-encoder v0.258.0
   Compiling radix-host-abi v0.84.0 (/private/var/folders/jb/3dn8vtk172l69k058t0gvctm0000gn/T/parity-work-dl6ngyf1/radix/crates/radix-host-abi)
   Compiling bumpalo v3.20.3
   Compiling radix-runtime-contract v0.84.0 (/private/var/folders/jb/3dn8vtk172l69k058t0gvctm0000gn/T/parity-work-dl6ngyf1/radix/crates/radix-runtime-contract)
   Compiling unicode-width v0.1.14
   Compiling toml_parser v1.1.3+spec-1.1.0
   Compiling unicode-normalization v0.1.25
   Compiling aho-corasick v1.1.5
   Compiling radix-target v0.84.0 (/private/var/folders/jb/3dn8vtk172l69k058t0gvctm0000gn/T/parity-work-dl6ngyf1/radix/crates/radix-target)
   Compiling yansi v1.0.1
   Compiling getrandom v0.4.3
   Compiling rustix v1.1.4
   Compiling heapless v0.7.17
   Compiling bitflags v2.13.1
   Compiling cfg-if v1.0.4
   Compiling once_cell v1.21.4
   Compiling fastrand v2.5.0
   Compiling ariadne v0.4.1
   Compiling wait-timeout v0.2.1
   Compiling errno v0.3.14
   Compiling syn v3.0.4
   Compiling wast v258.0.0
   Compiling regex-automata v0.4.18
   Compiling tempfile v3.27.0
   Compiling toml_datetime v1.1.1+spec-1.1.0
   Compiling serde_spanned v1.1.1
   Compiling serde_derive v1.0.229
   Compiling thiserror-impl v2.0.20
   Compiling toml v1.1.4+spec-1.1.0
   Compiling cobs v0.3.0
   Compiling regex v1.13.1
   Compiling wat v1.258.0
   Compiling radix-diagnostics v0.84.0 (/private/var/folders/jb/3dn8vtk172l69k058t0gvctm0000gn/T/parity-work-dl6ngyf1/radix/crates/radix-diagnostics)
   Compiling radix-lexer v0.84.0 (/private/var/folders/jb/3dn8vtk172l69k058t0gvctm0000gn/T/parity-work-dl6ngyf1/radix/crates/radix-lexer)
   Compiling postcard v1.1.3
   Compiling radix-syntax v0.84.0 (/private/var/folders/jb/3dn8vtk172l69k058t0gvctm0000gn/T/parity-work-dl6ngyf1/radix/crates/radix-syntax)
   Compiling radix-types v0.84.0 (/private/var/folders/jb/3dn8vtk172l69k058t0gvctm0000gn/T/parity-work-dl6ngyf1/radix/crates/radix-types)
   Compiling radix-hir v0.84.0 (/private/var/folders/jb/3dn8vtk172l69k058t0gvctm0000gn/T/parity-work-dl6ngyf1/radix/crates/radix-hir)
   Compiling radix-intrinsics v0.84.0 (/private/var/folders/jb/3dn8vtk172l69k058t0gvctm0000gn/T/parity-work-dl6ngyf1/radix/crates/radix-intrinsics)
   Compiling radix-parser v0.84.0 (/private/var/folders/jb/3dn8vtk172l69k058t0gvctm0000gn/T/parity-work-dl6ngyf1/radix/crates/radix-parser)
   Compiling radix-codegen-shared v0.84.0 (/private/var/folders/jb/3dn8vtk172l69k058t0gvctm0000gn/T/parity-work-dl6ngyf1/radix/crates/radix-codegen-shared)
   Compiling radix-hir-fhir v0.84.0 (/private/var/folders/jb/3dn8vtk172l69k058t0gvctm0000gn/T/parity-work-dl6ngyf1/radix/crates/radix-hir-fhir)
   Compiling radix-mir v0.84.0 (/private/var/folders/jb/3dn8vtk172l69k058t0gvctm0000gn/T/parity-work-dl6ngyf1/radix/crates/radix-mir)
   Compiling radix-hir-ts v0.84.0 (/private/var/folders/jb/3dn8vtk172l69k058t0gvctm0000gn/T/parity-work-dl6ngyf1/radix/crates/radix-hir-ts)
   Compiling radix-hir-rust v0.84.0 (/private/var/folders/jb/3dn8vtk172l69k058t0gvctm0000gn/T/parity-work-dl6ngyf1/radix/crates/radix-hir-rust)
   Compiling radix-hir-haskell v0.84.0 (/private/var/folders/jb/3dn8vtk172l69k058t0gvctm0000gn/T/parity-work-dl6ngyf1/radix/crates/radix-hir-haskell)
   Compiling radix-hir-swift v0.84.0 (/private/var/folders/jb/3dn8vtk172l69k058t0gvctm0000gn/T/parity-work-dl6ngyf1/radix/crates/radix-hir-swift)
   Compiling radix-hir-go v0.84.0 (/private/var/folders/jb/3dn8vtk172l69k058t0gvctm0000gn/T/parity-work-dl6ngyf1/radix/crates/radix-hir-go)
   Compiling radix-hir-faber v0.84.0 (/private/var/folders/jb/3dn8vtk172l69k058t0gvctm0000gn/T/parity-work-dl6ngyf1/radix/crates/radix-hir-faber)
   Compiling radix-hir-python v0.84.0 (/private/var/folders/jb/3dn8vtk172l69k058t0gvctm0000gn/T/parity-work-dl6ngyf1/radix/crates/radix-hir-python)
   Compiling radix-semantic v0.84.0 (/private/var/folders/jb/3dn8vtk172l69k058t0gvctm0000gn/T/parity-work-dl6ngyf1/radix/crates/radix-semantic)
   Compiling radix-mir-fmir v0.84.0 (/private/var/folders/jb/3dn8vtk172l69k058t0gvctm0000gn/T/parity-work-dl6ngyf1/radix/crates/radix-mir-fmir)
   Compiling radix-mir-sexp v0.84.0 (/private/var/folders/jb/3dn8vtk172l69k058t0gvctm0000gn/T/parity-work-dl6ngyf1/radix/crates/radix-mir-sexp)
   Compiling radix-mir-wasm v0.84.0 (/private/var/folders/jb/3dn8vtk172l69k058t0gvctm0000gn/T/parity-work-dl6ngyf1/radix/crates/radix-mir-wasm)
   Compiling radix-mir-runner v0.84.0 (/private/var/folders/jb/3dn8vtk172l69k058t0gvctm0000gn/T/parity-work-dl6ngyf1/radix/crates/radix-mir-runner)
   Compiling radix-mir-wgsl v0.84.0 (/private/var/folders/jb/3dn8vtk172l69k058t0gvctm0000gn/T/parity-work-dl6ngyf1/radix/crates/radix-mir-wgsl)
   Compiling radix-air v0.84.0 (/private/var/folders/jb/3dn8vtk172l69k058t0gvctm0000gn/T/parity-work-dl6ngyf1/radix/crates/radix-air)
   Compiling radix-mir-llvm v0.84.0 (/private/var/folders/jb/3dn8vtk172l69k058t0gvctm0000gn/T/parity-work-dl6ngyf1/radix/crates/radix-mir-llvm)
   Compiling radix-mir-metal v0.84.0 (/private/var/folders/jb/3dn8vtk172l69k058t0gvctm0000gn/T/parity-work-dl6ngyf1/radix/crates/radix-mir-metal)
   Compiling radix-mir-coverage v0.84.0 (/private/var/folders/jb/3dn8vtk172l69k058t0gvctm0000gn/T/parity-work-dl6ngyf1/radix/crates/radix-mir-coverage)
   Compiling radix-module v0.84.0 (/private/var/folders/jb/3dn8vtk172l69k058t0gvctm0000gn/T/parity-work-dl6ngyf1/radix/crates/radix-module)
   Compiling faber-hir-rust v1.4.0 (/private/var/folders/jb/3dn8vtk172l69k058t0gvctm0000gn/T/parity-work-dl6ngyf1/radix/crates/faber-hir-rust)
   Compiling radix-program v0.1.0 (/private/var/folders/jb/3dn8vtk172l69k058t0gvctm0000gn/T/parity-work-dl6ngyf1/radix/crates/radix-program)
   Compiling mir-emit-harness v0.84.0 (/private/var/folders/jb/3dn8vtk172l69k058t0gvctm0000gn/T/parity-work-dl6ngyf1/radix/crates/mir-emit-harness)
warning: unused import: `radix_mir_metal::MirMetalTextProbeOutput`
  --> crates/mir-emit-harness/src/gea3_pipeline_test.rs:13:5
   |
13 | use radix_mir_metal::MirMetalTextProbeOutput;
   |     ^^^^^^^^^^^^^^^^^^^^^^^^^^^^^^^^^^^^^^^^
   |
   = note: `#[warn(unused_imports)]` (part of `#[warn(unused)]`) on by default

warning: unnecessary trailing semicolon
    --> crates/mir-emit-harness/src/gea3_checkpoint_comparator_test.rs:1638:6
     |
1638 |     };
     |      ^ help: remove this semicolon
     |
     = note: `#[warn(redundant_semicolons)]` (part of `#[warn(unused)]`) on by default

warning: unused variable: `existing`
    --> crates/mir-emit-harness/src/gea2_pipeline_test.rs:1376:28
     |
1376 |             .find(|(named, existing)| *named == entry)
     |                            ^^^^^^^^ help: if this is intentional, prefix it with an underscore: `_existing`
     |
     = note: `#[warn(unused_variables)]` (part of `#[warn(unused)]`) on by default

warning: variable does not need to be mutable
    --> crates/mir-emit-harness/src/gea2_pipeline_test.rs:1415:9
     |
1415 |     let mut lowered = lower_analyzed_unit(&mut analysis, Default::default())
     |         ----^^^^^^^
     |         |
     |         help: remove this `mut`
     |
     = note: `#[warn(unused_mut)]` (part of `#[warn(unused)]`) on by default

warning: variable does not need to be mutable
   --> crates/mir-emit-harness/src/gea3_pipeline_test.rs:936:9
    |
936 |     let mut lowered = lower_analyzed_unit(&mut analysis, Default::default())
    |         ----^^^^^^^
    |         |
    |         help: remove this `mut`

warning: unused variable: `hist0`
    --> crates/mir-emit-harness/src/gea3_checkpoint_comparator_test.rs:1624:9
     |
1624 |     let hist0 = &oracle.history_k[0];
     |         ^^^^^ help: if this is intentional, prefix it with an underscore: `_hist0`

warning: unused variable: `v_proj`
    --> crates/mir-emit-harness/src/gea3_checkpoint_comparator_test.rs:1839:9
     |
1839 |     let v_proj = matmul_rows(&normed, &weights.v, PREFILL_ROWS, HIDDEN, KV_WIDTH);
     |         ^^^^^^ help: if this is intentional, prefix it with an underscore: `_v_proj`

warning: variable does not need to be mutable
   --> crates/mir-emit-harness/src/kpc_pipeline_test.rs:265:9
    |
265 |     let mut resolver = kpc_library_resolver_for_config(config);
    |         ----^^^^^^^^
    |         |
    |         help: remove this `mut`

warning: function `canonical_body` is never used
   --> crates/mir-emit-harness/src/gea3_pipeline_test.rs:690:4
    |
690 | fn canonical_body(entry: &str) -> String {
    |    ^^^^^^^^^^^^^^
    |
    = note: `#[warn(dead_code)]` (part of `#[warn(unused)]`) on by default

warning: function `canonical_body_at` is never used
   --> crates/mir-emit-harness/src/gea3_pipeline_test.rs:694:4
    |
694 | fn canonical_body_at(entry: &str, capacity: u64) -> String {
    |    ^^^^^^^^^^^^^^^^^

warning: function `statue_signature` is never used
   --> crates/mir-emit-harness/src/gea3_pipeline_test.rs:764:4
    |
764 | fn statue_signature(entry: &str, capacity: u64) -> String {
    |    ^^^^^^^^^^^^^^^^

warning: function `pipeline_source` is never used
   --> crates/mir-emit-harness/src/gea3_pipeline_test.rs:783:4
    |
783 | fn pipeline_source(entry: &str) -> String {
    |    ^^^^^^^^^^^^^^^

warning: function `pipeline_source_at` is never used
   --> crates/mir-emit-harness/src/gea3_pipeline_test.rs:787:4
    |
787 | fn pipeline_source_at(entry: &str, capacity: u64) -> String {
    |    ^^^^^^^^^^^^^^^^^^

warning: function `compile_entry_with_plan_bindings` is never used
    --> crates/mir-emit-harness/src/gea3_pipeline_test.rs:1003:4
     |
1003 | fn compile_entry_with_plan_bindings(entry: &str, bindings: &[PlanBinding]) -> PlanBoundArtifact {
     |    ^^^^^^^^^^^^^^^^^^^^^^^^^^^^^^^^

warning: function `compile_entry_with_plan_bindings_at` is never used
    --> crates/mir-emit-harness/src/gea3_pipeline_test.rs:1007:4
     |
1007 | fn compile_entry_with_plan_bindings_at(
     |    ^^^^^^^^^^^^^^^^^^^^^^^^^^^^^^^^^^^

warning: function `compile_entry_reflection` is never used
    --> crates/mir-emit-harness/src/gea3_pipeline_test.rs:1081:4
     |
1081 | fn compile_entry_reflection(entry: &str) -> radix_mir::MirGpuReflection {
     |    ^^^^^^^^^^^^^^^^^^^^^^^^

warning: associated functions `new` and `with_capacity` are never used
    --> crates/mir-emit-harness/src/gea3_pipeline_test.rs:1385:8
     |
1384 | impl ProgramBuilder {
     | ------------------- associated functions in this implementation
1385 |     fn new() -> Self {
     |        ^^^
...
1392 |     fn with_capacity(history_capacity: u64) -> Self {
     |        ^^^^^^^^^^^^^

warning: function `tiled_matmul_shape` is never used
    --> crates/mir-emit-harness/src/gea3_pipeline_test.rs:2072:4
     |
2072 | fn tiled_matmul_shape(kind: ProgramKind, entry: &str) -> Option<(u64, u64, u64)> {
     |    ^^^^^^^^^^^^^^^^^^

warning: function `tiled_matmul_shape_at` is never used
    --> crates/mir-emit-harness/src/gea3_pipeline_test.rs:2078:4
     |
2078 | fn tiled_matmul_shape_at(kind: ProgramKind, entry: &str, capacity: u64) -> Option<(u64, u64, u64)> {
     |    ^^^^^^^^^^^^^^^^^^^^^

warning: function `plan_for_entry` is never used
    --> crates/mir-emit-harness/src/gea3_pipeline_test.rs:2134:4
     |
2134 | fn plan_for_entry(kind: ProgramKind, entry: &str) -> Value {
     |    ^^^^^^^^^^^^^^

warning: function `plan_for_entry_at` is never used
    --> crates/mir-emit-harness/src/gea3_pipeline_test.rs:2138:4
     |
2138 | fn plan_for_entry_at(kind: ProgramKind, entry: &str, capacity: u64) -> Value {
     |    ^^^^^^^^^^^^^^^^^

warning: function `launch_for_entry` is never used
    --> crates/mir-emit-harness/src/gea3_pipeline_test.rs:2196:4
     |
2196 | fn launch_for_entry(
     |    ^^^^^^^^^^^^^^^^

warning: function `program_counts` is never used
    --> crates/mir-emit-harness/src/gea3_pipeline_test.rs:2292:4
     |
2292 | fn program_counts(kind: ProgramKind, entry: &str) -> (Vec<u64>, u64) {
     |    ^^^^^^^^^^^^^^

warning: `mir-emit-harness` (lib test) generated 23 warnings (run `cargo fix --lib -p mir-emit-harness --tests` to apply 7 suggestions)
    Finished `test` profile [unoptimized + debuginfo] target(s) in 18.22s
  Executable unittests src/lib.rs (target/debug/deps/mir_emit_harness-ff9f003c3f65e8d1)
$ cargo test -p faber-host-macos-arm64 --release --test gea3_decode gea3_fixed1000_metal_decode_receipt --no-run
   Compiling proc-macro2 v1.0.107
   Compiling quote v1.0.47
   Compiling unicode-ident v1.0.24
   Compiling serde_core v1.0.229
   Compiling libc v0.2.187
   Compiling serde v1.0.229
   Compiling memchr v2.8.3
   Compiling cfg-if v1.0.4
   Compiling stable_deref_trait v1.2.1
   Compiling find-msvc-tools v0.1.9
   Compiling libm v0.2.16
   Compiling shlex v2.0.1
   Compiling foldhash v0.2.0
   Compiling zmij v1.0.23
   Compiling semver v1.0.28
   Compiling anyhow v1.0.104
   Compiling serde_json v1.0.151
   Compiling version_check v0.9.5
   Compiling equivalent v1.0.2
   Compiling wasmtime-internal-core v45.0.3
   Compiling hashbrown v0.17.1
   Compiling log v0.4.33
   Compiling bitflags v2.13.1
   Compiling typenum v1.20.1
   Compiling rustc-hash v2.1.3
   Compiling rustc_version v0.4.1
   Compiling thiserror v2.0.19
   Compiling generic-array v0.14.7
   Compiling cranelift-srcgen v0.132.3
   Compiling regex-syntax v0.8.11
   Compiling byteorder v1.5.0
   Compiling heapless v0.7.17
   Compiling aho-corasick v1.1.5
   Compiling crc32fast v1.5.0
   Compiling hash32 v0.2.1
   Compiling cranelift-assembler-x64-meta v0.132.3
   Compiling itoa v1.0.18
   Compiling allocator-api2 v0.2.21
   Compiling target-lexicon v0.13.5
   Compiling hashbrown v0.16.1
   Compiling jobserver v0.1.35
   Compiling cpufeatures v0.2.17
   Compiling heck v0.5.0
   Compiling leb128fmt v0.1.0
   Compiling fnv v1.0.7
   Compiling cranelift-isle v0.132.3
   Compiling tinyvec_macros v0.1.1
   Compiling syn v3.0.2
   Compiling syn v2.0.119
   Compiling cc v1.3.0
   Compiling cranelift-codegen-shared v0.132.3
   Compiling litemap v0.8.2
   Compiling writeable v0.6.3
   Compiling bumpalo v3.20.3
   Compiling object v0.39.1
   Compiling tinyvec v1.12.0
   Compiling utf8_iter v1.0.4
   Compiling icu_normalizer_data v2.2.0
   Compiling icu_properties_data v2.2.0
   Compiling crypto-common v0.1.7
   Compiling block-buffer v0.10.4
   Compiling cpp_demangle v0.4.5
   Compiling pkg-config v0.3.33
   Compiling unicode-normalization v0.1.25
   Compiling digest v0.10.7
   Compiling termcolor v1.4.1
   Compiling sha2 v0.10.9
   Compiling zeroize v1.9.0
   Compiling crossbeam-utils v0.8.22
   Compiling arbitrary v1.4.2
   Compiling rustls-pki-types v1.15.0
   Compiling cranelift-bitset v0.132.3
   Compiling cranelift-assembler-x64 v0.132.3
   Compiling regex-automata v0.4.18
   Compiling wasmtime-internal-component-util v45.0.3
   Compiling crossbeam-epoch v0.9.20
   Compiling winnow v1.0.4
   Compiling rustc-demangle v0.1.28
   Compiling rustix v1.1.4
   Compiling ring v0.17.14
   Compiling zstd-sys v2.0.16+zstd.1.5.7
   Compiling indexmap v2.14.0
   Compiling cranelift-control v0.132.3
   Compiling serde_spanned v1.1.1
   Compiling toml_parser v1.1.3+spec-1.1.0
   Compiling getrandom v0.2.17
   Compiling errno v0.3.14
   Compiling once_cell v1.21.4
   Compiling zstd-safe v7.2.4
   Compiling crossbeam-deque v0.8.7
   Compiling gimli v0.33.0
   Compiling untrusted v0.9.0
   Compiling toml_writer v1.1.2+spec-1.1.0
   Compiling wasmparser v0.248.0
   Compiling synstructure v0.13.2
   Compiling wasm-encoder v0.254.0
   Compiling futures-core v0.3.33
   Compiling rustls v0.23.42
   Compiling serde_derive v1.0.229
   Compiling thiserror-impl v2.0.19
   Compiling futures-sink v0.3.33
   Compiling unicode-width v0.2.2
   Compiling regex v1.13.1
   Compiling getrandom v0.4.3
   Compiling base64 v0.22.1
   Compiling rayon-core v1.13.0
   Compiling percent-encoding v2.3.2
   Compiling faber v0.1.0 (/private/var/folders/jb/3dn8vtk172l69k058t0gvctm0000gn/T/parity-work-dl6ngyf1/faber/runtime/rust)
   Compiling unicode-xid v0.2.6
   Compiling wasmtime-internal-unwinder v45.0.3
   Compiling zerofrom-derive v0.1.7
   Compiling yoke-derive v0.8.2
   Compiling zerovec-derive v0.11.3
   Compiling displaydoc v0.2.6
   Compiling cobs v0.3.0
   Compiling pulley-macros v45.0.3
   Compiling wasmtime-internal-versioned-export-macros v45.0.3
   Compiling zerofrom v0.1.8
   Compiling yoke v0.8.3
   Compiling id-arena v2.3.0
   Compiling simd-adler32 v0.3.10
   Compiling either v1.16.0
   Compiling pulley-interpreter v45.0.3
   Compiling adler2 v2.0.1
   Compiling zerovec v0.11.6
   Compiling zerotrie v0.2.4
   Compiling miniz_oxide v0.8.9
   Compiling wasmtime-internal-fiber v45.0.3
   Compiling wasmtime-internal-jit-debug v45.0.3
   Compiling wast v254.0.0
   Compiling form_urlencoded v1.2.2
   Compiling tinystr v0.8.3
   Compiling potential_utf v0.1.5
   Compiling futures-channel v0.3.33
   Compiling toml_datetime v0.7.5+spec-1.1.0
   Compiling icu_collections v2.2.0
   Compiling icu_locale_core v2.2.0
   Compiling webpki-roots v1.0.9
   Compiling dirs-sys-next v0.1.2
   Compiling slab v0.4.12
   Compiling futures-task v0.3.33
   Compiling subtle v2.6.1
   Compiling paste v1.0.15
   Compiling core-foundation-sys v0.8.7
   Compiling futures-io v0.3.33
   Compiling fixedbitset v0.4.2
   Compiling smallvec v1.15.2
   Compiling radix-diagnostics v0.84.0 (/private/var/folders/jb/3dn8vtk172l69k058t0gvctm0000gn/T/parity-work-dl6ngyf1/radix/crates/radix-diagnostics)
   Compiling host-kernel v0.1.0 (/private/var/folders/jb/3dn8vtk172l69k058t0gvctm0000gn/T/parity-work-dl6ngyf1/hosts/crates/host-kernel)
   Compiling regalloc2 v0.15.2
   Compiling pin-project-lite v0.2.17
   Compiling cranelift-codegen-meta v0.132.3
   Compiling uuid v1.24.0
   Compiling postcard v1.1.3
   Compiling cranelift-entity v0.132.3
   Compiling icu_provider v2.2.0
   Compiling radix-lexer v0.84.0 (/private/var/folders/jb/3dn8vtk172l69k058t0gvctm0000gn/T/parity-work-dl6ngyf1/radix/crates/radix-lexer)
   Compiling icu_normalizer v2.2.0
   Compiling cranelift-bforest v0.132.3
   Compiling icu_properties v2.2.0
   Compiling wasmtime-internal-cranelift v45.0.3
   Compiling radix-syntax v0.84.0 (/private/var/folders/jb/3dn8vtk172l69k058t0gvctm0000gn/T/parity-work-dl6ngyf1/radix/crates/radix-syntax)
   Compiling wit-parser v0.248.0
   Compiling wasmtime-internal-cache v45.0.3
   Compiling winnow v0.7.15
   Compiling radix-types v0.84.0 (/private/var/folders/jb/3dn8vtk172l69k058t0gvctm0000gn/T/parity-work-dl6ngyf1/radix/crates/radix-types)
   Compiling idna_adapter v1.2.2
   Compiling wasmtime-internal-component-macro v45.0.3
   Compiling idna v1.1.0
   Compiling debugid v0.8.0
   Compiling futures-util v0.3.33
   Compiling cranelift-codegen v0.132.3
   Compiling url v2.5.8
   Compiling core-foundation v0.10.1
   Compiling petgraph v0.6.5
   Compiling webpki-roots v0.26.11
   Compiling directories-next v2.0.0
   Compiling toml v0.9.12+spec-1.1.0
   Compiling flate2 v1.1.9
   Compiling rustls-webpki v0.103.13
   Compiling radix-hir v0.84.0 (/private/var/folders/jb/3dn8vtk172l69k058t0gvctm0000gn/T/parity-work-dl6ngyf1/radix/crates/radix-hir)
   Compiling wasmtime-internal-wit-bindgen v45.0.3
   Compiling wat v1.254.0
   Compiling itertools v0.14.0
   Compiling wasmtime v45.0.3
   Compiling host-coordinator v0.1.0 (/private/var/folders/jb/3dn8vtk172l69k058t0gvctm0000gn/T/parity-work-dl6ngyf1/hosts/crates/host-coordinator)
   Compiling foreign-types-macros v0.2.4
   Compiling toml_datetime v1.1.1+spec-1.1.0
   Compiling malloc_buf v0.0.6
   Compiling foreign-types-shared v0.3.1
   Compiling fastrand v2.5.0
   Compiling handroll v0.1.0 (/private/var/folders/jb/3dn8vtk172l69k058t0gvctm0000gn/T/parity-work-dl6ngyf1/radix/crates/handroll)
   Compiling tempfile v3.27.0
   Compiling toml v1.1.4+spec-1.1.0
   Compiling foreign-types v0.5.0
   Compiling objc v0.2.7
   Compiling futures v0.3.33
   Compiling wasm-encoder v0.248.0
   Compiling wasmprinter v0.248.0
   Compiling rayon v1.12.0
   Compiling core-graphics-types v0.2.0
   Compiling host-device-core v0.1.0 (/private/var/folders/jb/3dn8vtk172l69k058t0gvctm0000gn/T/parity-work-dl6ngyf1/hosts/crates/host-device-core)
   Compiling fxprof-processed-profile v0.8.1
   Compiling wasmtime-internal-jit-icache-coherence v45.0.3
   Compiling radix-codegen-shared v0.84.0 (/private/var/folders/jb/3dn8vtk172l69k058t0gvctm0000gn/T/parity-work-dl6ngyf1/radix/crates/radix-codegen-shared)
   Compiling addr2line v0.26.1
   Compiling async-trait v0.1.91
   Compiling radix-mir v0.84.0 (/private/var/folders/jb/3dn8vtk172l69k058t0gvctm0000gn/T/parity-work-dl6ngyf1/radix/crates/radix-mir)
   Compiling mach2 v0.4.3
   Compiling libloading v0.8.9
   Compiling encoding_rs v0.8.35
   Compiling block v0.1.6
   Compiling host-cuda v0.1.0 (/private/var/folders/jb/3dn8vtk172l69k058t0gvctm0000gn/T/parity-work-dl6ngyf1/hosts/crates/host-cuda)
   Compiling aleator v0.1.0 (/private/var/folders/jb/3dn8vtk172l69k058t0gvctm0000gn/T/parity-work-dl6ngyf1/hosts/crates/aleator)
   Compiling metal v0.33.0
   Compiling tempus v0.1.0 (/private/var/folders/jb/3dn8vtk172l69k058t0gvctm0000gn/T/parity-work-dl6ngyf1/hosts/crates/tempus)
   Compiling wasm-compose v0.248.0
   Compiling wasmtime-environ v45.0.3
   Compiling processus v0.1.0 (/private/var/folders/jb/3dn8vtk172l69k058t0gvctm0000gn/T/parity-work-dl6ngyf1/hosts/crates/processus)
   Compiling ureq v2.12.1
   Compiling consolum v0.1.0 (/private/var/folders/jb/3dn8vtk172l69k058t0gvctm0000gn/T/parity-work-dl6ngyf1/hosts/crates/consolum)
   Compiling solum v0.1.0 (/private/var/folders/jb/3dn8vtk172l69k058t0gvctm0000gn/T/parity-work-dl6ngyf1/hosts/crates/solum)
   Compiling hygiene-ratchet v0.1.0 (/private/var/folders/jb/3dn8vtk172l69k058t0gvctm0000gn/T/parity-work-dl6ngyf1/radix/crates/hygiene-ratchet)
   Compiling http v0.1.0 (/private/var/folders/jb/3dn8vtk172l69k058t0gvctm0000gn/T/parity-work-dl6ngyf1/hosts/crates/http)
   Compiling zstd v0.13.3
   Compiling radix-mir-fmir v0.84.0 (/private/var/folders/jb/3dn8vtk172l69k058t0gvctm0000gn/T/parity-work-dl6ngyf1/radix/crates/radix-mir-fmir)
   Compiling cranelift-frontend v0.132.3
   Compiling cranelift-native v0.132.3
   Compiling faber-host-macos-arm64 v0.1.0 (/private/var/folders/jb/3dn8vtk172l69k058t0gvctm0000gn/T/parity-work-dl6ngyf1/hosts/macos-arm64)
warning: unreachable pattern
    --> macos-arm64/tests/gea3_decode.rs:1621:30
     |
1608 |         | "prefill_embedding_gather" => matches!(plan, Gea3Plan::TiledMatMul(_)),
     |           -------------------------- matches all the relevant values
...
1621 |         "embedding_gather" | "prefill_embedding_gather" => matches!(plan, Gea3Plan::TiledMatMul(_)),
     |                              ^^^^^^^^^^^^^^^^^^^^^^^^^^ no value can reach this
     |
     = note: `#[warn(unreachable_patterns)]` (part of `#[warn(unused)]`) on by default

warning: unused variable: `kv_alloc_us`
    --> macos-arm64/tests/gea3_decode.rs:4392:9
     |
4392 |     let kv_alloc_us = kv_setup_us;
     |         ^^^^^^^^^^^ help: if this is intentional, prefix it with an underscore: `_kv_alloc_us`
     |
     = note: `#[warn(unused_variables)]` (part of `#[warn(unused)]`) on by default

warning: `faber-host-macos-arm64` (test "gea3_decode") generated 2 warnings (run `cargo fix --test "gea3_decode" -p faber-host-macos-arm64` to apply 1 suggestion)
    Finished `release` profile [optimized] target(s) in 41.01s
warning: the following packages contain code that will be rejected by a future version of Rust: block v0.1.6
note: to see what the problems were, use the option `--future-incompat-report`, or run `cargo report future-incompatibilities --id 1`
  Executable tests/gea3_decode.rs (target/release/deps/gea3_decode-89aed75d95c44749)
parity: faber natural completion has no GEA3 receipt for its count
EXIT=1
