[     0.335s] policy: GGUF-A5 first decode/KV wiring slice
[     0.335s] oracle: first greedy token == 30 (GATE 13 / GI2 prefill continuation)
[     0.335s] engine: compiled rust (faber build --target rust; execute the printed binary)
[     0.335s] model.path=/Users/ianzepp/Ai/models/SmolLM2-360M-Instruct-Q4_K_M.gguf
[     0.335s] model.bytes=270590880
[   101.419s] loaded layer 0
[   106.190s] loaded layer 1
[   111.161s] loaded layer 2
[   115.932s] loaded layer 3
[   121.397s] loaded layer 4
[   128.244s] loaded layer 5
[   135.128s] loaded layer 6
[   144.728s] loaded layer 7
[   149.559s] loaded layer 8
[   154.469s] loaded layer 9
[   159.382s] loaded layer 10
[   165.282s] loaded layer 11
[   170.001s] loaded layer 12
[   174.730s] loaded layer 13
[   179.598s] loaded layer 14
[   184.270s] loaded layer 15
[   189.344s] loaded layer 16
[   194.231s] loaded layer 17
[   198.908s] loaded layer 18
[   203.652s] loaded layer 19
[   208.465s] loaded layer 20
[   213.277s] loaded layer 21
[   218.180s] loaded layer 22
[   222.954s] loaded layer 23
[   227.729s] loaded layer 24
[   232.572s] loaded layer 25
[   237.403s] loaded layer 26
[   242.219s] loaded layer 27
[   247.082s] loaded layer 28
[   255.044s] loaded layer 29
[   260.844s] loaded layer 30
[   266.670s] loaded layer 31
[   266.670s] cache layers=32 dim=320
[   266.670s] decode_step prompt pos=0 token=504
[   308.766s] decode_step prompt pos=1 token=2365
[   356.559s] decode_step prompt pos=2 token=6354
[   401.874s] decode_step prompt pos=3 token=16438
[   445.698s] decode_step prompt pos=4 token=27003
[   482.956s] decode_step prompt pos=5 token=690
[   519.738s] decode_step prompt pos=6 token=260
[   556.355s] decode_step prompt pos=7 token=23790
[   593.688s] decode_step prompt pos=8 token=2767
[   631.134s] first_sampled=30
[   631.134s] golden_top1=30
[   631.134s] first_matches=true
[   631.134s] decode_step generate pos=9 token=30
[   667.628s] decode_step generate pos=10 token=2
[   706.973s] generated=[30, 2, 198]
[   706.973s] n=3
[   706.973s] cache_len=11
[   706.973s] first_divergence=none
[   706.973s] DECODE: PASS
cmd=/Users/ianzepp/work/faberlang/worktrees/hand-67/gradus/exempla/dense-decode-smollm2/target/release/dense-decode-smollm2 /Users/ianzepp/Ai/models/SmolLM2-360M-Instruct-Q4_K_M.gguf 1787040 2fa3f013dcdd7b99f9b237717fa0b12d75bbb89984cc1274be1471a465bac9c2
exit=0
total_s=707.053
marker.admit=None
marker.tokenizer=None
marker.load_start=None
marker.loaded_embed=None
marker.loaded_layer0=101.419
marker.loaded_layer31=266.670
marker.forward_start=None
marker.forward_done=None
marker.decode_prompt0=266.670
marker.decode_prompt8=593.688
marker.first_sampled=631.134
marker.decode_gen1=631.134
marker.generated=706.973
marker.prefill_verdict=None
marker.decode_verdict=706.973
interval.load_s=n/a
interval.prefill_forward_s=n/a
interval.decode_prompt_9steps_s=364.464
interval.decode_generate_s=75.839
interval.after_forward_to_verdict_s=n/a
