warning[LOCALE002]: /Users/ianzepp/work/faberlang/worktrees/pgc-a5/gradus/src/calibration.fab:29
  | ⁨import from "gradus:dtype" dtype⁩
warning[LOCALE002]: /Users/ianzepp/work/faberlang/worktrees/pgc-a5/gradus/src/calibration.fab:67
  | ⁨    f32 mass⁩
warning[LOCALE002]: /Users/ianzepp/work/faberlang/worktrees/pgc-a5/gradus/src/calibration.fab:78
  | ⁨    fn mass() → f32 {⁩
warning[LOCALE002]: /Users/ianzepp/work/faberlang/worktrees/pgc-a5/gradus/src/calibration.fab:79
  | ⁨        return self.mass⁩
warning[LOCALE002]: /Users/ianzepp/work/faberlang/worktrees/pgc-a5/gradus/src/calibration.fab:89
  | ⁨fn activation(int layer, int expert, f32 mass, list<f32> output) → RoutingActivation {⁩
warning[LOCALE002]: /Users/ianzepp/work/faberlang/worktrees/pgc-a5/gradus/src/calibration.fab:90
  | ⁨    return RoutingActivation {layer = layer, expert = expert, mass = mass, output = output}⁩
warning[LOCALE002]: /Users/ianzepp/work/faberlang/worktrees/pgc-a5/gradus/src/calibration.fab:90
  | ⁨    return RoutingActivation {layer = layer, expert = expert, mass = mass, output = output}⁩
warning[LOCALE002]: /Users/ianzepp/work/faberlang/worktrees/pgc-a5/gradus/src/calibration.fab:128
  | ⁨    const bool ok ← _validate_corpus(activations, layers, experts, dimension)⁩
warning[LOCALE002]: /Users/ianzepp/work/faberlang/worktrees/pgc-a5/gradus/src/calibration.fab:129
  | ⁨    require ok throw variant Invalid {message = "corpus counts must be positive"}⁩
warning[LOCALE002]: /Users/ianzepp/work/faberlang/worktrees/pgc-a5/gradus/src/calibration.fab:145
  | ⁨    f32 mass⁩
warning[LOCALE002]: /Users/ianzepp/work/faberlang/worktrees/pgc-a5/gradus/src/calibration.fab:159
  | ⁨    fn mass() → f32 {⁩
warning[LOCALE002]: /Users/ianzepp/work/faberlang/worktrees/pgc-a5/gradus/src/calibration.fab:160
  | ⁨        return self.mass⁩
warning[LOCALE002]: /Users/ianzepp/work/faberlang/worktrees/pgc-a5/gradus/src/calibration.fab:174
  | ⁨    int rank⁩
warning[LOCALE002]: /Users/ianzepp/work/faberlang/worktrees/pgc-a5/gradus/src/calibration.fab:181
  | ⁨    fn rank() → int {⁩
warning[LOCALE002]: /Users/ianzepp/work/faberlang/worktrees/pgc-a5/gradus/src/calibration.fab:182
  | ⁨        return self.rank⁩
warning[LOCALE002]: /Users/ianzepp/work/faberlang/worktrees/pgc-a5/gradus/src/calibration.fab:322
  | ⁨    const bool ok ← _validate_corpus(corpus.activations, corpus.layers, corpus.experts, corpus.dimension)⁩
warning[LOCALE002]: /Users/ianzepp/work/faberlang/worktrees/pgc-a5/gradus/src/calibration.fab:323
  | ⁨    require ok throw variant Invalid {message = "corpus counts must be positive"}⁩
warning[LOCALE002]: /Users/ianzepp/work/faberlang/worktrees/pgc-a5/gradus/src/calibration.fab:324
  | ⁨    require dtype.finite(threshold) throw variant NonFinite {message = "non-finite calibration value"}⁩
warning[LOCALE002]: /Users/ianzepp/work/faberlang/worktrees/pgc-a5/gradus/src/calibration.fab:327
  | ⁨    const list<list<f32>> qs ← _orthonormal(bases, corpus.dimension)⁩
warning[LOCALE002]: /Users/ianzepp/work/faberlang/worktrees/pgc-a5/gradus/src/calibration.fab:328
  | ⁨    const int k_max ← qs.length()⁩
warning[LOCALE002]: /Users/ianzepp/work/faberlang/worktrees/pgc-a5/gradus/src/calibration.fab:331
  | ⁨    var list<f32> mass ← _zeros(slots)⁩
warning[LOCALE002]: /Users/ianzepp/work/faberlang/worktrees/pgc-a5/gradus/src/calibration.fab:335
  | ⁨    for from corpus.activations const row {⁩
warning[LOCALE002]: /Users/ianzepp/work/faberlang/worktrees/pgc-a5/gradus/src/calibration.fab:336
  | ⁨        const int slot ← _slot(row.layer, row.expert, corpus.experts)⁩
warning[LOCALE002]: /Users/ianzepp/work/faberlang/worktrees/pgc-a5/gradus/src/calibration.fab:336
  | ⁨        const int slot ← _slot(row.layer, row.expert, corpus.experts)⁩
warning[LOCALE002]: /Users/ianzepp/work/faberlang/worktrees/pgc-a5/gradus/src/calibration.fab:336
  | ⁨        const int slot ← _slot(row.layer, row.expert, corpus.experts)⁩
warning[LOCALE002]: /Users/ianzepp/work/faberlang/worktrees/pgc-a5/gradus/src/calibration.fab:337
  | ⁨        const f32 n2 ← _norm2(row.output)⁩
warning[LOCALE002]: /Users/ianzepp/work/faberlang/worktrees/pgc-a5/gradus/src/calibration.fab:338
  | ⁨        mass ← _put_f32(mass, slot, (mass.get(slot) coalesce 0.0 ∷ f32) + row.mass)⁩
warning[LOCALE002]: /Users/ianzepp/work/faberlang/worktrees/pgc-a5/gradus/src/calibration.fab:338
  | ⁨        mass ← _put_f32(mass, slot, (mass.get(slot) coalesce 0.0 ∷ f32) + row.mass)⁩
warning[LOCALE002]: /Users/ianzepp/work/faberlang/worktrees/pgc-a5/gradus/src/calibration.fab:338
  | ⁨        mass ← _put_f32(mass, slot, (mass.get(slot) coalesce 0.0 ∷ f32) + row.mass)⁩
warning[LOCALE002]: /Users/ianzepp/work/faberlang/worktrees/pgc-a5/gradus/src/calibration.fab:338
  | ⁨        mass ← _put_f32(mass, slot, (mass.get(slot) coalesce 0.0 ∷ f32) + row.mass)⁩
warning[LOCALE002]: /Users/ianzepp/work/faberlang/worktrees/pgc-a5/gradus/src/calibration.fab:338
  | ⁨        mass ← _put_f32(mass, slot, (mass.get(slot) coalesce 0.0 ∷ f32) + row.mass)⁩
warning[LOCALE002]: /Users/ianzepp/work/faberlang/worktrees/pgc-a5/gradus/src/calibration.fab:338
  | ⁨        mass ← _put_f32(mass, slot, (mass.get(slot) coalesce 0.0 ∷ f32) + row.mass)⁩
warning[LOCALE002]: /Users/ianzepp/work/faberlang/worktrees/pgc-a5/gradus/src/calibration.fab:338
  | ⁨        mass ← _put_f32(mass, slot, (mass.get(slot) coalesce 0.0 ∷ f32) + row.mass)⁩
warning[LOCALE002]: /Users/ianzepp/work/faberlang/worktrees/pgc-a5/gradus/src/calibration.fab:338
  | ⁨        mass ← _put_f32(mass, slot, (mass.get(slot) coalesce 0.0 ∷ f32) + row.mass)⁩
warning[LOCALE002]: /Users/ianzepp/work/faberlang/worktrees/pgc-a5/gradus/src/calibration.fab:339
  | ⁨        energy ← _put_f32(energy, slot, (energy.get(slot) coalesce 0.0 ∷ f32) + row.mass * n2)⁩
warning[LOCALE002]: /Users/ianzepp/work/faberlang/worktrees/pgc-a5/gradus/src/calibration.fab:339
  | ⁨        energy ← _put_f32(energy, slot, (energy.get(slot) coalesce 0.0 ∷ f32) + row.mass * n2)⁩
warning[LOCALE002]: /Users/ianzepp/work/faberlang/worktrees/pgc-a5/gradus/src/calibration.fab:339
  | ⁨        energy ← _put_f32(energy, slot, (energy.get(slot) coalesce 0.0 ∷ f32) + row.mass * n2)⁩
warning[LOCALE002]: /Users/ianzepp/work/faberlang/worktrees/pgc-a5/gradus/src/calibration.fab:339
  | ⁨        energy ← _put_f32(energy, slot, (energy.get(slot) coalesce 0.0 ∷ f32) + row.mass * n2)⁩
warning[LOCALE002]: /Users/ianzepp/work/faberlang/worktrees/pgc-a5/gradus/src/calibration.fab:339
  | ⁨        energy ← _put_f32(energy, slot, (energy.get(slot) coalesce 0.0 ∷ f32) + row.mass * n2)⁩
warning[LOCALE002]: /Users/ianzepp/work/faberlang/worktrees/pgc-a5/gradus/src/calibration.fab:341
  | ⁨            const int wi ← slot * dim + d⁩
warning[LOCALE002]: /Users/ianzepp/work/faberlang/worktrees/pgc-a5/gradus/src/calibration.fab:342
  | ⁨            const f32 y ← row.output.get(d) coalesce 0.0 ∷ f32⁩
warning[LOCALE002]: /Users/ianzepp/work/faberlang/worktrees/pgc-a5/gradus/src/calibration.fab:342
  | ⁨            const f32 y ← row.output.get(d) coalesce 0.0 ∷ f32⁩
warning[LOCALE002]: /Users/ianzepp/work/faberlang/worktrees/pgc-a5/gradus/src/calibration.fab:343
  | ⁨            weighted ← _put_f32(weighted, wi, (weighted.get(wi) coalesce 0.0 ∷ f32) + row.mass * y)⁩
warning[LOCALE002]: /Users/ianzepp/work/faberlang/worktrees/pgc-a5/gradus/src/calibration.fab:343
  | ⁨            weighted ← _put_f32(weighted, wi, (weighted.get(wi) coalesce 0.0 ∷ f32) + row.mass * y)⁩
warning[LOCALE002]: /Users/ianzepp/work/faberlang/worktrees/pgc-a5/gradus/src/calibration.fab:343
  | ⁨            weighted ← _put_f32(weighted, wi, (weighted.get(wi) coalesce 0.0 ∷ f32) + row.mass * y)⁩
warning[LOCALE002]: /Users/ianzepp/work/faberlang/worktrees/pgc-a5/gradus/src/calibration.fab:346
  | ⁨            const f32 r2 ← _residual2(row.output, qs, k)⁩
warning[LOCALE002]: /Users/ianzepp/work/faberlang/worktrees/pgc-a5/gradus/src/calibration.fab:346
  | ⁨            const f32 r2 ← _residual2(row.output, qs, k)⁩
warning[LOCALE002]: /Users/ianzepp/work/faberlang/worktrees/pgc-a5/gradus/src/calibration.fab:347
  | ⁨            const int ri ← k * slots + slot⁩
warning[LOCALE002]: /Users/ianzepp/work/faberlang/worktrees/pgc-a5/gradus/src/calibration.fab:348
  | ⁨            residual_k ← _put_f32(residual_k, ri, (residual_k.get(ri) coalesce 0.0 ∷ f32) + row.mass * r2)⁩
warning[LOCALE002]: /Users/ianzepp/work/faberlang/worktrees/pgc-a5/gradus/src/calibration.fab:348
  | ⁨            residual_k ← _put_f32(residual_k, ri, (residual_k.get(ri) coalesce 0.0 ∷ f32) + row.mass * r2)⁩
warning[LOCALE002]: /Users/ianzepp/work/faberlang/worktrees/pgc-a5/gradus/src/calibration.fab:348
  | ⁨            residual_k ← _put_f32(residual_k, ri, (residual_k.get(ri) coalesce 0.0 ∷ f32) + row.mass * r2)⁩
warning[LOCALE002]: /Users/ianzepp/work/faberlang/worktrees/pgc-a5/gradus/src/calibration.fab:354
  | ⁨    const f32 tot ← energy.reduce((f32 acc, f32 e) ∴ acc + e, 0.0)⁩
warning[LOCALE002]: /Users/ianzepp/work/faberlang/worktrees/pgc-a5/gradus/src/calibration.fab:356
  | ⁨        const f32 res ← residual_k.slice(ck * slots, (ck + 1) * slots).reduce((f32 acc, f32 r) ∴ acc + r, 0.0)⁩
warning[LOCALE002]: /Users/ianzepp/work/faberlang/worktrees/pgc-a5/gradus/src/calibration.fab:358
  | ⁨        if tot ≻ 0.0 {⁩
warning[LOCALE002]: /Users/ianzepp/work/faberlang/worktrees/pgc-a5/gradus/src/calibration.fab:359
  | ⁨            frac ← res / tot⁩
warning[LOCALE002]: /Users/ianzepp/work/faberlang/worktrees/pgc-a5/gradus/src/calibration.fab:359
  | ⁨            frac ← res / tot⁩
warning[LOCALE002]: /Users/ianzepp/work/faberlang/worktrees/pgc-a5/gradus/src/calibration.fab:361
  | ⁨        curve.append(CurvePoint {bases = ck, rank = 0, residual = frac})⁩
warning[LOCALE002]: /Users/ianzepp/work/faberlang/worktrees/pgc-a5/gradus/src/calibration.fab:368
  | ⁨        const f32 frac ← (curve.get(rk) coalesce CurvePoint {bases = rk, rank = 0, residual = 1.0}).residual⁩
warning[LOCALE002]: /Users/ianzepp/work/faberlang/worktrees/pgc-a5/gradus/src/calibration.fab:368
  | ⁨        const f32 frac ← (curve.get(rk) coalesce CurvePoint {bases = rk, rank = 0, residual = 1.0}).residual⁩
warning[LOCALE002]: /Users/ianzepp/work/faberlang/worktrees/pgc-a5/gradus/src/calibration.fab:379
  | ⁨            const int slot ← _slot(layer, expert, corpus.experts)⁩
warning[LOCALE002]: /Users/ianzepp/work/faberlang/worktrees/pgc-a5/gradus/src/calibration.fab:380
  | ⁨            const f32 e_tot ← energy.get(slot) coalesce 0.0 ∷ f32⁩
warning[LOCALE002]: /Users/ianzepp/work/faberlang/worktrees/pgc-a5/gradus/src/calibration.fab:380
  | ⁨            const f32 e_tot ← energy.get(slot) coalesce 0.0 ∷ f32⁩
warning[LOCALE002]: /Users/ianzepp/work/faberlang/worktrees/pgc-a5/gradus/src/calibration.fab:381
  | ⁨            const f32 e_res ← residual_k.get(recommended * slots + slot) coalesce 0.0 ∷ f32⁩
warning[LOCALE002]: /Users/ianzepp/work/faberlang/worktrees/pgc-a5/gradus/src/calibration.fab:381
  | ⁨            const f32 e_res ← residual_k.get(recommended * slots + slot) coalesce 0.0 ∷ f32⁩
warning[LOCALE002]: /Users/ianzepp/work/faberlang/worktrees/pgc-a5/gradus/src/calibration.fab:382
  | ⁨            var f32 score ← 0.0⁩
warning[LOCALE002]: /Users/ianzepp/work/faberlang/worktrees/pgc-a5/gradus/src/calibration.fab:384
  | ⁨                score ← e_res / e_tot⁩
warning[LOCALE002]: /Users/ianzepp/work/faberlang/worktrees/pgc-a5/gradus/src/calibration.fab:386
  | ⁨            scores.append(ExpertEnergy {layer = layer, expert = expert, residual = score, mass = mass.get(slot) coalesce 0.0 ∷ f32})⁩
warning[LOCALE002]: /Users/ianzepp/work/faberlang/worktrees/pgc-a5/gradus/src/calibration.fab:386
  | ⁨            scores.append(ExpertEnergy {layer = layer, expert = expert, residual = score, mass = mass.get(slot) coalesce 0.0 ∷ f32})⁩
warning[LOCALE002]: /Users/ianzepp/work/faberlang/worktrees/pgc-a5/gradus/src/calibration.fab:386
  | ⁨            scores.append(ExpertEnergy {layer = layer, expert = expert, residual = score, mass = mass.get(slot) coalesce 0.0 ∷ f32})⁩
warning[LOCALE002]: /Users/ianzepp/work/faberlang/worktrees/pgc-a5/gradus/src/calibration.fab:386
  | ⁨            scores.append(ExpertEnergy {layer = layer, expert = expert, residual = score, mass = mass.get(slot) coalesce 0.0 ∷ f32})⁩
warning[LOCALE002]: /Users/ianzepp/work/faberlang/worktrees/pgc-a5/gradus/src/calibration.fab:386
  | ⁨            scores.append(ExpertEnergy {layer = layer, expert = expert, residual = score, mass = mass.get(slot) coalesce 0.0 ∷ f32})⁩
warning[LOCALE002]: /Users/ianzepp/work/faberlang/worktrees/pgc-a5/gradus/src/calibration.fab:389
  | ⁨    const list<SimilarityCell> census ← _census(weighted, mass, corpus.layers, corpus.experts, dim)⁩
warning[LOCALE002]: /Users/ianzepp/work/faberlang/worktrees/pgc-a5/gradus/src/calibration.fab:415
  | ⁨    const CurvePoint p ← artifact.curve.get(k) coalesce CurvePoint {bases = k, rank = 0, residual = 0.0}⁩
warning[LOCALE002]: /Users/ianzepp/work/faberlang/worktrees/pgc-a5/gradus/src/calibration.fab:415
  | ⁨    const CurvePoint p ← artifact.curve.get(k) coalesce CurvePoint {bases = k, rank = 0, residual = 0.0}⁩
warning[LOCALE002]: /Users/ianzepp/work/faberlang/worktrees/pgc-a5/gradus/src/calibration.fab:423
  | ⁨    const ExpertEnergy e ← artifact.scores.get(i) coalesce ExpertEnergy {layer = 0, expert = 0, residual = 0.0, mass = 0.0}⁩
warning[LOCALE002]: /Users/ianzepp/work/faberlang/worktrees/pgc-a5/gradus/src/calibration.fab:423
  | ⁨    const ExpertEnergy e ← artifact.scores.get(i) coalesce ExpertEnergy {layer = 0, expert = 0, residual = 0.0, mass = 0.0}⁩
warning[LOCALE002]: /Users/ianzepp/work/faberlang/worktrees/pgc-a5/gradus/src/calibration.fab:431
  | ⁨    const SimilarityCell c ← artifact.similarities.get(i) coalesce SimilarityCell {layer = 0, expert_a = 0, expert_b = 0, cosine = 0.0}⁩
warning[LOCALE002]: /Users/ianzepp/work/faberlang/worktrees/pgc-a5/gradus/src/calibration.fab:471
  | ⁨    var list<f32> mass ← _zeros(slots)⁩
warning[LOCALE002]: /Users/ianzepp/work/faberlang/worktrees/pgc-a5/gradus/src/calibration.fab:472
  | ⁨    for from activations const row {⁩
warning[LOCALE002]: /Users/ianzepp/work/faberlang/worktrees/pgc-a5/gradus/src/calibration.fab:473
  | ⁨        require not (row.layer ≺ 0 or row.layer ≥ layers) throw variant ExpertRange {message = "layer id out of range"}⁩
warning[LOCALE002]: /Users/ianzepp/work/faberlang/worktrees/pgc-a5/gradus/src/calibration.fab:473
  | ⁨        require not (row.layer ≺ 0 or row.layer ≥ layers) throw variant ExpertRange {message = "layer id out of range"}⁩
warning[LOCALE002]: /Users/ianzepp/work/faberlang/worktrees/pgc-a5/gradus/src/calibration.fab:474
  | ⁨        require not (row.expert ≺ 0 or row.expert ≥ experts) throw variant ExpertRange {message = "expert id out of range"}⁩
warning[LOCALE002]: /Users/ianzepp/work/faberlang/worktrees/pgc-a5/gradus/src/calibration.fab:474
  | ⁨        require not (row.expert ≺ 0 or row.expert ≥ experts) throw variant ExpertRange {message = "expert id out of range"}⁩
warning[LOCALE002]: /Users/ianzepp/work/faberlang/worktrees/pgc-a5/gradus/src/calibration.fab:475
  | ⁨        require dtype.finite(row.mass) throw variant NonFinite {message = "non-finite calibration value"}⁩
warning[LOCALE002]: /Users/ianzepp/work/faberlang/worktrees/pgc-a5/gradus/src/calibration.fab:475
  | ⁨        require dtype.finite(row.mass) throw variant NonFinite {message = "non-finite calibration value"}⁩
warning[LOCALE002]: /Users/ianzepp/work/faberlang/worktrees/pgc-a5/gradus/src/calibration.fab:475
  | ⁨        require dtype.finite(row.mass) throw variant NonFinite {message = "non-finite calibration value"}⁩
warning[LOCALE002]: /Users/ianzepp/work/faberlang/worktrees/pgc-a5/gradus/src/calibration.fab:476
  | ⁨        require row.mass ≻ 0.0 throw variant Invalid {message = "routing mass must be positive"}⁩
warning[LOCALE002]: /Users/ianzepp/work/faberlang/worktrees/pgc-a5/gradus/src/calibration.fab:476
  | ⁨        require row.mass ≻ 0.0 throw variant Invalid {message = "routing mass must be positive"}⁩
warning[LOCALE002]: /Users/ianzepp/work/faberlang/worktrees/pgc-a5/gradus/src/calibration.fab:477
  | ⁨        require row.output.length() ≡ dimension throw variant DimensionMismatch {message = "output dimension does not match corpus"}⁩
warning[LOCALE002]: /Users/ianzepp/work/faberlang/worktrees/pgc-a5/gradus/src/calibration.fab:478
  | ⁨        require _finite_vec(row.output) throw variant NonFinite {message = "non-finite calibration value"}⁩
warning[LOCALE002]: /Users/ianzepp/work/faberlang/worktrees/pgc-a5/gradus/src/calibration.fab:479
  | ⁨        const int slot ← _slot(row.layer, row.expert, experts)⁩
warning[LOCALE002]: /Users/ianzepp/work/faberlang/worktrees/pgc-a5/gradus/src/calibration.fab:479
  | ⁨        const int slot ← _slot(row.layer, row.expert, experts)⁩
warning[LOCALE002]: /Users/ianzepp/work/faberlang/worktrees/pgc-a5/gradus/src/calibration.fab:479
  | ⁨        const int slot ← _slot(row.layer, row.expert, experts)⁩
warning[LOCALE002]: /Users/ianzepp/work/faberlang/worktrees/pgc-a5/gradus/src/calibration.fab:480
  | ⁨        mass ← _put_f32(mass, slot, (mass.get(slot) coalesce 0.0 ∷ f32) + row.mass)⁩
warning[LOCALE002]: /Users/ianzepp/work/faberlang/worktrees/pgc-a5/gradus/src/calibration.fab:480
  | ⁨        mass ← _put_f32(mass, slot, (mass.get(slot) coalesce 0.0 ∷ f32) + row.mass)⁩
warning[LOCALE002]: /Users/ianzepp/work/faberlang/worktrees/pgc-a5/gradus/src/calibration.fab:480
  | ⁨        mass ← _put_f32(mass, slot, (mass.get(slot) coalesce 0.0 ∷ f32) + row.mass)⁩
warning[LOCALE002]: /Users/ianzepp/work/faberlang/worktrees/pgc-a5/gradus/src/calibration.fab:480
  | ⁨        mass ← _put_f32(mass, slot, (mass.get(slot) coalesce 0.0 ∷ f32) + row.mass)⁩
warning[LOCALE002]: /Users/ianzepp/work/faberlang/worktrees/pgc-a5/gradus/src/calibration.fab:480
  | ⁨        mass ← _put_f32(mass, slot, (mass.get(slot) coalesce 0.0 ∷ f32) + row.mass)⁩
warning[LOCALE002]: /Users/ianzepp/work/faberlang/worktrees/pgc-a5/gradus/src/calibration.fab:480
  | ⁨        mass ← _put_f32(mass, slot, (mass.get(slot) coalesce 0.0 ∷ f32) + row.mass)⁩
warning[LOCALE002]: /Users/ianzepp/work/faberlang/worktrees/pgc-a5/gradus/src/calibration.fab:480
  | ⁨        mass ← _put_f32(mass, slot, (mass.get(slot) coalesce 0.0 ∷ f32) + row.mass)⁩
warning[LOCALE002]: /Users/ianzepp/work/faberlang/worktrees/pgc-a5/gradus/src/calibration.fab:480
  | ⁨        mass ← _put_f32(mass, slot, (mass.get(slot) coalesce 0.0 ∷ f32) + row.mass)⁩
warning[LOCALE002]: /Users/ianzepp/work/faberlang/worktrees/pgc-a5/gradus/src/calibration.fab:482
  | ⁨    for range 0‥slots const slot {⁩
warning[LOCALE002]: /Users/ianzepp/work/faberlang/worktrees/pgc-a5/gradus/src/calibration.fab:483
  | ⁨        require (mass.get(slot) coalesce 0.0 ∷ f32) ≻ 0.0 throw variant ZeroRouting {message = "zero-routing expert"}⁩
warning[LOCALE002]: /Users/ianzepp/work/faberlang/worktrees/pgc-a5/gradus/src/calibration.fab:483
  | ⁨        require (mass.get(slot) coalesce 0.0 ∷ f32) ≻ 0.0 throw variant ZeroRouting {message = "zero-routing expert"}⁩
warning[LOCALE002]: /Users/ianzepp/work/faberlang/worktrees/pgc-a5/gradus/src/calibration.fab:483
  | ⁨        require (mass.get(slot) coalesce 0.0 ∷ f32) ≻ 0.0 throw variant ZeroRouting {message = "zero-routing expert"}⁩
warning[LOCALE002]: /Users/ianzepp/work/faberlang/worktrees/pgc-a5/gradus/src/calibration.fab:489
  | ⁨fn _finite_vec(list<f32> xs) → bool {⁩
warning[LOCALE002]: /Users/ianzepp/work/faberlang/worktrees/pgc-a5/gradus/src/calibration.fab:490
  | ⁨    for from xs const v {⁩
warning[LOCALE002]: /Users/ianzepp/work/faberlang/worktrees/pgc-a5/gradus/src/calibration.fab:491
  | ⁨        if not dtype.finite(v) then return false⁩
warning[LOCALE002]: /Users/ianzepp/work/faberlang/worktrees/pgc-a5/gradus/src/calibration.fab:502
  | ⁨    var list<f32> out ← empty⁩
warning[LOCALE002]: /Users/ianzepp/work/faberlang/worktrees/pgc-a5/gradus/src/calibration.fab:504
  | ⁨        out.append(0.0)⁩
warning[LOCALE002]: /Users/ianzepp/work/faberlang/worktrees/pgc-a5/gradus/src/calibration.fab:506
  | ⁨    return out⁩
warning[LOCALE002]: /Users/ianzepp/work/faberlang/worktrees/pgc-a5/gradus/src/calibration.fab:510
  | ⁨fn _put_f32(list<f32> xs, int i, f32 v) → list<f32> {⁩
warning[LOCALE002]: /Users/ianzepp/work/faberlang/worktrees/pgc-a5/gradus/src/calibration.fab:511
  | ⁨    var list<f32> out ← empty⁩
warning[LOCALE002]: /Users/ianzepp/work/faberlang/worktrees/pgc-a5/gradus/src/calibration.fab:512
  | ⁨    for range 0‥xs.length() const j {⁩
warning[LOCALE002]: /Users/ianzepp/work/faberlang/worktrees/pgc-a5/gradus/src/calibration.fab:514
  | ⁨            out.append(v)⁩
warning[LOCALE002]: /Users/ianzepp/work/faberlang/worktrees/pgc-a5/gradus/src/calibration.fab:517
  | ⁨            out.append(xs.get(j) coalesce 0.0 ∷ f32)⁩
warning[LOCALE002]: /Users/ianzepp/work/faberlang/worktrees/pgc-a5/gradus/src/calibration.fab:517
  | ⁨            out.append(xs.get(j) coalesce 0.0 ∷ f32)⁩
warning[LOCALE002]: /Users/ianzepp/work/faberlang/worktrees/pgc-a5/gradus/src/calibration.fab:517
  | ⁨            out.append(xs.get(j) coalesce 0.0 ∷ f32)⁩
warning[LOCALE002]: /Users/ianzepp/work/faberlang/worktrees/pgc-a5/gradus/src/calibration.fab:520
  | ⁨    return out⁩
warning[LOCALE002]: /Users/ianzepp/work/faberlang/worktrees/pgc-a5/gradus/src/calibration.fab:527
  | ⁨        s ← s + (a.get(i) coalesce 0.0 ∷ f32) * (b.get(i) coalesce 0.0 ∷ f32)⁩
warning[LOCALE002]: /Users/ianzepp/work/faberlang/worktrees/pgc-a5/gradus/src/calibration.fab:527
  | ⁨        s ← s + (a.get(i) coalesce 0.0 ∷ f32) * (b.get(i) coalesce 0.0 ∷ f32)⁩
warning[LOCALE002]: /Users/ianzepp/work/faberlang/worktrees/pgc-a5/gradus/src/calibration.fab:532
  | ⁨fn _norm2(list<f32> xs) → f32 {⁩
warning[LOCALE002]: /Users/ianzepp/work/faberlang/worktrees/pgc-a5/gradus/src/calibration.fab:533
  | ⁨    return _dot(xs, xs)⁩
warning[LOCALE002]: /Users/ianzepp/work/faberlang/worktrees/pgc-a5/gradus/src/calibration.fab:533
  | ⁨    return _dot(xs, xs)⁩
warning[LOCALE002]: /Users/ianzepp/work/faberlang/worktrees/pgc-a5/gradus/src/calibration.fab:548
  | ⁨fn _scale(list<f32> xs, f32 s) → list<f32> {⁩
warning[LOCALE002]: /Users/ianzepp/work/faberlang/worktrees/pgc-a5/gradus/src/calibration.fab:549
  | ⁨    const list<f32> out ← xs.map(f32 v ∴ v * s)⁩
warning[LOCALE002]: /Users/ianzepp/work/faberlang/worktrees/pgc-a5/gradus/src/calibration.fab:549
  | ⁨    const list<f32> out ← xs.map(f32 v ∴ v * s)⁩
warning[LOCALE002]: /Users/ianzepp/work/faberlang/worktrees/pgc-a5/gradus/src/calibration.fab:550
  | ⁨    return out⁩
warning[LOCALE002]: /Users/ianzepp/work/faberlang/worktrees/pgc-a5/gradus/src/calibration.fab:555
  | ⁨fn _sub_scale(list<f32> xs, list<f32> ys, f32 s) → list<f32> {⁩
warning[LOCALE002]: /Users/ianzepp/work/faberlang/worktrees/pgc-a5/gradus/src/calibration.fab:555
  | ⁨fn _sub_scale(list<f32> xs, list<f32> ys, f32 s) → list<f32> {⁩
warning[LOCALE002]: /Users/ianzepp/work/faberlang/worktrees/pgc-a5/gradus/src/calibration.fab:556
  | ⁨    var list<f32> out ← empty⁩
warning[LOCALE002]: /Users/ianzepp/work/faberlang/worktrees/pgc-a5/gradus/src/calibration.fab:557
  | ⁨    for range 0‥xs.length() const i {⁩
warning[LOCALE002]: /Users/ianzepp/work/faberlang/worktrees/pgc-a5/gradus/src/calibration.fab:558
  | ⁨        out.append((xs.get(i) coalesce 0.0 ∷ f32) - s * (ys.get(i) coalesce 0.0 ∷ f32))⁩
warning[LOCALE002]: /Users/ianzepp/work/faberlang/worktrees/pgc-a5/gradus/src/calibration.fab:558
  | ⁨        out.append((xs.get(i) coalesce 0.0 ∷ f32) - s * (ys.get(i) coalesce 0.0 ∷ f32))⁩
warning[LOCALE002]: /Users/ianzepp/work/faberlang/worktrees/pgc-a5/gradus/src/calibration.fab:558
  | ⁨        out.append((xs.get(i) coalesce 0.0 ∷ f32) - s * (ys.get(i) coalesce 0.0 ∷ f32))⁩
warning[LOCALE002]: /Users/ianzepp/work/faberlang/worktrees/pgc-a5/gradus/src/calibration.fab:558
  | ⁨        out.append((xs.get(i) coalesce 0.0 ∷ f32) - s * (ys.get(i) coalesce 0.0 ∷ f32))⁩
warning[LOCALE002]: /Users/ianzepp/work/faberlang/worktrees/pgc-a5/gradus/src/calibration.fab:558
  | ⁨        out.append((xs.get(i) coalesce 0.0 ∷ f32) - s * (ys.get(i) coalesce 0.0 ∷ f32))⁩
warning[LOCALE002]: /Users/ianzepp/work/faberlang/worktrees/pgc-a5/gradus/src/calibration.fab:560
  | ⁨    return out⁩
warning[LOCALE002]: /Users/ianzepp/work/faberlang/worktrees/pgc-a5/gradus/src/calibration.fab:564
  | ⁨    var list<list<f32>> qs ← empty⁩
warning[LOCALE002]: /Users/ianzepp/work/faberlang/worktrees/pgc-a5/gradus/src/calibration.fab:569
  | ⁨        for from qs const q {⁩
warning[LOCALE002]: /Users/ianzepp/work/faberlang/worktrees/pgc-a5/gradus/src/calibration.fab:575
  | ⁨        qs.append(_scale(v, 1.0 / n))⁩
warning[LOCALE002]: /Users/ianzepp/work/faberlang/worktrees/pgc-a5/gradus/src/calibration.fab:577
  | ⁨    return qs⁩
warning[LOCALE002]: /Users/ianzepp/work/faberlang/worktrees/pgc-a5/gradus/src/calibration.fab:582
  | ⁨fn _residual2(list<f32> y, list<list<f32>> qs, int k) → f32 {⁩
warning[LOCALE002]: /Users/ianzepp/work/faberlang/worktrees/pgc-a5/gradus/src/calibration.fab:585
  | ⁨        const list<f32> vac ← empty⁩
warning[LOCALE002]: /Users/ianzepp/work/faberlang/worktrees/pgc-a5/gradus/src/calibration.fab:586
  | ⁨        const list<f32> q ← qs.get(i) coalesce vac⁩
warning[LOCALE002]: /Users/ianzepp/work/faberlang/worktrees/pgc-a5/gradus/src/calibration.fab:586
  | ⁨        const list<f32> q ← qs.get(i) coalesce vac⁩
warning[LOCALE002]: /Users/ianzepp/work/faberlang/worktrees/pgc-a5/gradus/src/calibration.fab:586
  | ⁨        const list<f32> q ← qs.get(i) coalesce vac⁩
warning[LOCALE002]: /Users/ianzepp/work/faberlang/worktrees/pgc-a5/gradus/src/calibration.fab:591
  | ⁨    const f32 left ← n2 - captured⁩
warning[LOCALE002]: /Users/ianzepp/work/faberlang/worktrees/pgc-a5/gradus/src/calibration.fab:592
  | ⁨    if left ≺ 0.0 then return 0.0⁩
warning[LOCALE002]: /Users/ianzepp/work/faberlang/worktrees/pgc-a5/gradus/src/calibration.fab:593
  | ⁨    return left⁩
warning[LOCALE002]: /Users/ianzepp/work/faberlang/worktrees/pgc-a5/gradus/src/calibration.fab:596
  | ⁨fn _census(list<f32> weighted, list<f32> mass, int layers, int experts, int dim) → list<SimilarityCell> {⁩
warning[LOCALE002]: /Users/ianzepp/work/faberlang/worktrees/pgc-a5/gradus/src/calibration.fab:597
  | ⁨    var list<SimilarityCell> out ← empty⁩
warning[LOCALE002]: /Users/ianzepp/work/faberlang/worktrees/pgc-a5/gradus/src/calibration.fab:601
  | ⁨                out.append(SimilarityCell {layer = layer, expert_a = a, expert_b = b, cosine = _cosine(weighted, mass, layer, a, b, experts, dim)})⁩
warning[LOCALE002]: /Users/ianzepp/work/faberlang/worktrees/pgc-a5/gradus/src/calibration.fab:601
  | ⁨                out.append(SimilarityCell {layer = layer, expert_a = a, expert_b = b, cosine = _cosine(weighted, mass, layer, a, b, experts, dim)})⁩
warning[LOCALE002]: /Users/ianzepp/work/faberlang/worktrees/pgc-a5/gradus/src/calibration.fab:605
  | ⁨    return out⁩
warning[LOCALE002]: /Users/ianzepp/work/faberlang/worktrees/pgc-a5/gradus/src/calibration.fab:610
  | ⁨fn _cosine(list<f32> weighted, list<f32> mass, int layer, int a, int b, int experts, int dim) → f32 {⁩
warning[LOCALE002]: /Users/ianzepp/work/faberlang/worktrees/pgc-a5/gradus/src/calibration.fab:613
  | ⁨    const f32 ma ← mass.get(sa) coalesce 0.0 ∷ f32⁩
warning[LOCALE002]: /Users/ianzepp/work/faberlang/worktrees/pgc-a5/gradus/src/calibration.fab:613
  | ⁨    const f32 ma ← mass.get(sa) coalesce 0.0 ∷ f32⁩
warning[LOCALE002]: /Users/ianzepp/work/faberlang/worktrees/pgc-a5/gradus/src/calibration.fab:613
  | ⁨    const f32 ma ← mass.get(sa) coalesce 0.0 ∷ f32⁩
warning[LOCALE002]: /Users/ianzepp/work/faberlang/worktrees/pgc-a5/gradus/src/calibration.fab:614
  | ⁨    const f32 mb ← mass.get(sb) coalesce 0.0 ∷ f32⁩
warning[LOCALE002]: /Users/ianzepp/work/faberlang/worktrees/pgc-a5/gradus/src/calibration.fab:614
  | ⁨    const f32 mb ← mass.get(sb) coalesce 0.0 ∷ f32⁩
warning[LOCALE002]: /Users/ianzepp/work/faberlang/worktrees/pgc-a5/gradus/src/calibration.fab:615
  | ⁨    if not (ma ≻ 0.0) then return 0.0⁩
warning[LOCALE002]: /Users/ianzepp/work/faberlang/worktrees/pgc-a5/gradus/src/calibration.fab:617
  | ⁨    var f32 dot ← 0.0⁩
warning[LOCALE002]: /Users/ianzepp/work/faberlang/worktrees/pgc-a5/gradus/src/calibration.fab:618
  | ⁨    var f32 na ← 0.0⁩
warning[LOCALE002]: /Users/ianzepp/work/faberlang/worktrees/pgc-a5/gradus/src/calibration.fab:621
  | ⁨        const f32 va ← (weighted.get(sa * dim + d) coalesce 0.0 ∷ f32) / ma⁩
warning[LOCALE002]: /Users/ianzepp/work/faberlang/worktrees/pgc-a5/gradus/src/calibration.fab:621
  | ⁨        const f32 va ← (weighted.get(sa * dim + d) coalesce 0.0 ∷ f32) / ma⁩
warning[LOCALE002]: /Users/ianzepp/work/faberlang/worktrees/pgc-a5/gradus/src/calibration.fab:621
  | ⁨        const f32 va ← (weighted.get(sa * dim + d) coalesce 0.0 ∷ f32) / ma⁩
warning[LOCALE002]: /Users/ianzepp/work/faberlang/worktrees/pgc-a5/gradus/src/calibration.fab:622
  | ⁨        const f32 vb ← (weighted.get(sb * dim + d) coalesce 0.0 ∷ f32) / mb⁩
warning[LOCALE002]: /Users/ianzepp/work/faberlang/worktrees/pgc-a5/gradus/src/calibration.fab:623
  | ⁨        dot ← dot + va * vb⁩
warning[LOCALE002]: /Users/ianzepp/work/faberlang/worktrees/pgc-a5/gradus/src/calibration.fab:623
  | ⁨        dot ← dot + va * vb⁩
warning[LOCALE002]: /Users/ianzepp/work/faberlang/worktrees/pgc-a5/gradus/src/calibration.fab:623
  | ⁨        dot ← dot + va * vb⁩
warning[LOCALE002]: /Users/ianzepp/work/faberlang/worktrees/pgc-a5/gradus/src/calibration.fab:624
  | ⁨        na ← na + va * va⁩
warning[LOCALE002]: /Users/ianzepp/work/faberlang/worktrees/pgc-a5/gradus/src/calibration.fab:624
  | ⁨        na ← na + va * va⁩
warning[LOCALE002]: /Users/ianzepp/work/faberlang/worktrees/pgc-a5/gradus/src/calibration.fab:624
  | ⁨        na ← na + va * va⁩
warning[LOCALE002]: /Users/ianzepp/work/faberlang/worktrees/pgc-a5/gradus/src/calibration.fab:624
  | ⁨        na ← na + va * va⁩
warning[LOCALE002]: /Users/ianzepp/work/faberlang/worktrees/pgc-a5/gradus/src/calibration.fab:627
  | ⁨    const f32 denom ← _sqrt(na) * _sqrt(nb)⁩
warning[LOCALE002]: /Users/ianzepp/work/faberlang/worktrees/pgc-a5/gradus/src/calibration.fab:629
  | ⁨    return dot / denom⁩
warning[WARN003:unused_function]: /Users/ianzepp/work/faberlang/worktrees/pgc-a5/gradus/src/calibration.fab:89
  | ⁨fn activation(int layer, int expert, f32 mass, list<f32> output) → RoutingActivation {⁩
warning[WARN003:unused_function]: /Users/ianzepp/work/faberlang/worktrees/pgc-a5/gradus/src/calibration.fab:127
  | ⁨fn corpus(list<RoutingActivation> activations, int layers, int experts, int dimension) → CalibrationCorpus ⇥ CalibrationError {⁩
warning[WARN003:unused_function]: /Users/ianzepp/work/faberlang/worktrees/pgc-a5/gradus/src/calibration.fab:309
  | ⁨fn default() → ResidualEnergyArtifact {⁩
warning[WARN003:unused_function]: /Users/ianzepp/work/faberlang/worktrees/pgc-a5/gradus/src/calibration.fab:321
  | ⁨fn bake(CalibrationCorpus corpus, list<list<f32>> bases, f32 threshold, string algorithm, string digest, int length, string corpus_digest, string base_digest) → ResidualEnergyArtifact ⇥ CalibrationError {⁩
warning[WARN003:unused_function]: /Users/ianzepp/work/faberlang/worktrees/pgc-a5/gradus/src/calibration.fab:396
  | ⁨fn score_count(ResidualEnergyArtifact artifact) → int {⁩
warning[WARN003:unused_function]: /Users/ianzepp/work/faberlang/worktrees/pgc-a5/gradus/src/calibration.fab:401
  | ⁨fn curve_count(ResidualEnergyArtifact artifact) → int {⁩
warning[WARN003:unused_function]: /Users/ianzepp/work/faberlang/worktrees/pgc-a5/gradus/src/calibration.fab:406
  | ⁨fn similarity_count(ResidualEnergyArtifact artifact) → int {⁩
warning[WARN003:unused_function]: /Users/ianzepp/work/faberlang/worktrees/pgc-a5/gradus/src/calibration.fab:413
  | ⁨fn curve_residual(ResidualEnergyArtifact artifact, int k) → f32 {⁩
warning[WARN003:unused_function]: /Users/ianzepp/work/faberlang/worktrees/pgc-a5/gradus/src/calibration.fab:421
  | ⁨fn score_residual(ResidualEnergyArtifact artifact, int i) → f32 {⁩
warning[WARN003:unused_function]: /Users/ianzepp/work/faberlang/worktrees/pgc-a5/gradus/src/calibration.fab:429
  | ⁨fn similarity_cosine(ResidualEnergyArtifact artifact, int i) → f32 {⁩
warning[WARN003:unused_function]: /Users/ianzepp/work/faberlang/worktrees/pgc-a5/gradus/src/calibration.fab:438
  | ⁨fn verify(ResidualEnergyArtifact artifact, string expected) → ResidualEnergyArtifact ⇥ CalibrationError {⁩
warning[WARN027:complexity_budget_exceeded]: /Users/ianzepp/work/faberlang/worktrees/pgc-a5/gradus/src/calibration.fab:321
  | ⁨fn bake(CalibrationCorpus corpus, list<list<f32>> bases, f32 threshold, string algorithm, string digest, int length, string corpus_digest, string base_digest) → ResidualEnergyArtifact ⇥ CalibrationError {⁩
warning[WARN027:complexity_budget_exceeded]: /Users/ianzepp/work/faberlang/worktrees/pgc-a5/gradus/src/calibration.fab:467
  | ⁨fn _validate_corpus(list<RoutingActivation> activations, int layers, int experts, int dimension) → bool ⇥ CalibrationError {⁩
ok: /Users/ianzepp/work/faberlang/worktrees/pgc-a5/gradus/src/calibration.fab
