warning[LOCALE002]: /Users/ianzepp/work/faberlang/worktrees/pgc-a3/gradus/src/math.fab:72
  | ⁨import from "gradus:dtype" dtype⁩
warning[LOCALE002]: /Users/ianzepp/work/faberlang/worktrees/pgc-a3/gradus/src/math.fab:123
  | ⁨fn from_dtype_error(dtype.DTypeError err) → MathError {⁩
warning[LOCALE002]: /Users/ianzepp/work/faberlang/worktrees/pgc-a3/gradus/src/math.fab:125
  | ⁨        case dtype.DTypeError.UnknownName const message { return variant UnknownName {message = message} }⁩
warning[LOCALE002]: /Users/ianzepp/work/faberlang/worktrees/pgc-a3/gradus/src/math.fab:126
  | ⁨        case dtype.DTypeError.NonFinite const message { return variant NonFinite {message = message} }⁩
warning[LOCALE002]: /Users/ianzepp/work/faberlang/worktrees/pgc-a3/gradus/src/math.fab:127
  | ⁨        case dtype.DTypeError.Overflow const message { return variant Overflow {message = message} }⁩
warning[LOCALE002]: /Users/ianzepp/work/faberlang/worktrees/pgc-a3/gradus/src/math.fab:152
  | ⁨fn _index_broadcast(int flat, list<int> result, list<int> shape) → int {⁩
warning[LOCALE002]: /Users/ianzepp/work/faberlang/worktrees/pgc-a3/gradus/src/math.fab:153
  | ⁨    const int lr ← result.length()⁩
warning[LOCALE002]: /Users/ianzepp/work/faberlang/worktrees/pgc-a3/gradus/src/math.fab:154
  | ⁨    const int lf ← shape.length()⁩
warning[LOCALE002]: /Users/ianzepp/work/faberlang/worktrees/pgc-a3/gradus/src/math.fab:155
  | ⁨    var int res ← flat⁩
warning[LOCALE002]: /Users/ianzepp/work/faberlang/worktrees/pgc-a3/gradus/src/math.fab:155
  | ⁨    var int res ← flat⁩
warning[LOCALE002]: /Users/ianzepp/work/faberlang/worktrees/pgc-a3/gradus/src/math.fab:156
  | ⁨    var int out ← 0⁩
warning[LOCALE002]: /Users/ianzepp/work/faberlang/worktrees/pgc-a3/gradus/src/math.fab:158
  | ⁨    for range 0‥lr const k {⁩
warning[LOCALE002]: /Users/ianzepp/work/faberlang/worktrees/pgc-a3/gradus/src/math.fab:159
  | ⁨        const int dr ← result.get((lr - 1) - k) coalesce 1⁩
warning[LOCALE002]: /Users/ianzepp/work/faberlang/worktrees/pgc-a3/gradus/src/math.fab:159
  | ⁨        const int dr ← result.get((lr - 1) - k) coalesce 1⁩
warning[LOCALE002]: /Users/ianzepp/work/faberlang/worktrees/pgc-a3/gradus/src/math.fab:159
  | ⁨        const int dr ← result.get((lr - 1) - k) coalesce 1⁩
warning[LOCALE002]: /Users/ianzepp/work/faberlang/worktrees/pgc-a3/gradus/src/math.fab:160
  | ⁨        const int c ← res % dr⁩
warning[LOCALE002]: /Users/ianzepp/work/faberlang/worktrees/pgc-a3/gradus/src/math.fab:160
  | ⁨        const int c ← res % dr⁩
warning[LOCALE002]: /Users/ianzepp/work/faberlang/worktrees/pgc-a3/gradus/src/math.fab:161
  | ⁨        var int ci ← 0⁩
warning[LOCALE002]: /Users/ianzepp/work/faberlang/worktrees/pgc-a3/gradus/src/math.fab:162
  | ⁨        var int df ← 1⁩
warning[LOCALE002]: /Users/ianzepp/work/faberlang/worktrees/pgc-a3/gradus/src/math.fab:163
  | ⁨        if k ≺ lf {⁩
warning[LOCALE002]: /Users/ianzepp/work/faberlang/worktrees/pgc-a3/gradus/src/math.fab:164
  | ⁨            df ← shape.get((lf - 1) - k) coalesce 1⁩
warning[LOCALE002]: /Users/ianzepp/work/faberlang/worktrees/pgc-a3/gradus/src/math.fab:164
  | ⁨            df ← shape.get((lf - 1) - k) coalesce 1⁩
warning[LOCALE002]: /Users/ianzepp/work/faberlang/worktrees/pgc-a3/gradus/src/math.fab:164
  | ⁨            df ← shape.get((lf - 1) - k) coalesce 1⁩
warning[LOCALE002]: /Users/ianzepp/work/faberlang/worktrees/pgc-a3/gradus/src/math.fab:165
  | ⁨            if df ≡ 1 {⁩
warning[LOCALE002]: /Users/ianzepp/work/faberlang/worktrees/pgc-a3/gradus/src/math.fab:166
  | ⁨                ci ← 0⁩
warning[LOCALE002]: /Users/ianzepp/work/faberlang/worktrees/pgc-a3/gradus/src/math.fab:169
  | ⁨                ci ← c⁩
warning[LOCALE002]: /Users/ianzepp/work/faberlang/worktrees/pgc-a3/gradus/src/math.fab:172
  | ⁨        out ← out + ci * stride⁩
warning[LOCALE002]: /Users/ianzepp/work/faberlang/worktrees/pgc-a3/gradus/src/math.fab:172
  | ⁨        out ← out + ci * stride⁩
warning[LOCALE002]: /Users/ianzepp/work/faberlang/worktrees/pgc-a3/gradus/src/math.fab:172
  | ⁨        out ← out + ci * stride⁩
warning[LOCALE002]: /Users/ianzepp/work/faberlang/worktrees/pgc-a3/gradus/src/math.fab:173
  | ⁨        stride ← stride * df⁩
warning[LOCALE002]: /Users/ianzepp/work/faberlang/worktrees/pgc-a3/gradus/src/math.fab:174
  | ⁨        res ← res / dr⁩
warning[LOCALE002]: /Users/ianzepp/work/faberlang/worktrees/pgc-a3/gradus/src/math.fab:174
  | ⁨        res ← res / dr⁩
warning[LOCALE002]: /Users/ianzepp/work/faberlang/worktrees/pgc-a3/gradus/src/math.fab:174
  | ⁨        res ← res / dr⁩
warning[LOCALE002]: /Users/ianzepp/work/faberlang/worktrees/pgc-a3/gradus/src/math.fab:176
  | ⁨    return out⁩
warning[LOCALE002]: /Users/ianzepp/work/faberlang/worktrees/pgc-a3/gradus/src/math.fab:181
  | ⁨fn _index_axis(int flat, int j, list<int> f, int axis) → int {⁩
warning[LOCALE002]: /Users/ianzepp/work/faberlang/worktrees/pgc-a3/gradus/src/math.fab:183
  | ⁨    var int p ← flat⁩
warning[LOCALE002]: /Users/ianzepp/work/faberlang/worktrees/pgc-a3/gradus/src/math.fab:184
  | ⁨    var int out ← 0⁩
warning[LOCALE002]: /Users/ianzepp/work/faberlang/worktrees/pgc-a3/gradus/src/math.fab:188
  | ⁨        const int dim ← f.get(idx) coalesce 1⁩
warning[LOCALE002]: /Users/ianzepp/work/faberlang/worktrees/pgc-a3/gradus/src/math.fab:197
  | ⁨        out ← out + c * stride⁩
warning[LOCALE002]: /Users/ianzepp/work/faberlang/worktrees/pgc-a3/gradus/src/math.fab:197
  | ⁨        out ← out + c * stride⁩
warning[LOCALE002]: /Users/ianzepp/work/faberlang/worktrees/pgc-a3/gradus/src/math.fab:200
  | ⁨    return out⁩
warning[LOCALE002]: /Users/ianzepp/work/faberlang/worktrees/pgc-a3/gradus/src/math.fab:204
  | ⁨fn _coordinate(int flat, list<int> shape) → list<int> {⁩
warning[LOCALE002]: /Users/ianzepp/work/faberlang/worktrees/pgc-a3/gradus/src/math.fab:207
  | ⁨    var int p ← flat⁩
warning[LOCALE002]: /Users/ianzepp/work/faberlang/worktrees/pgc-a3/gradus/src/math.fab:210
  | ⁨        const int dim ← shape.get(i) coalesce 1⁩
warning[LOCALE002]: /Users/ianzepp/work/faberlang/worktrees/pgc-a3/gradus/src/math.fab:224
  | ⁨    var int flat ← 0⁩
warning[LOCALE002]: /Users/ianzepp/work/faberlang/worktrees/pgc-a3/gradus/src/math.fab:228
  | ⁨        const int dim ← shape.get(idx) coalesce 1⁩
warning[LOCALE002]: /Users/ianzepp/work/faberlang/worktrees/pgc-a3/gradus/src/math.fab:229
  | ⁨        var int c ← coords.get(idx) coalesce 0⁩
warning[LOCALE002]: /Users/ianzepp/work/faberlang/worktrees/pgc-a3/gradus/src/math.fab:233
  | ⁨        flat ← flat + c * stride⁩
warning[LOCALE002]: /Users/ianzepp/work/faberlang/worktrees/pgc-a3/gradus/src/math.fab:233
  | ⁨        flat ← flat + c * stride⁩
warning[LOCALE002]: /Users/ianzepp/work/faberlang/worktrees/pgc-a3/gradus/src/math.fab:236
  | ⁨    return flat⁩
warning[LOCALE002]: /Users/ianzepp/work/faberlang/worktrees/pgc-a3/gradus/src/math.fab:242
  | ⁨    require dtype.eq(a.dtype(), b.dtype()) throw variant DtypeMismatch {message = "dtype mismatch"}⁩
warning[LOCALE002]: /Users/ianzepp/work/faberlang/worktrees/pgc-a3/gradus/src/math.fab:242
  | ⁨    require dtype.eq(a.dtype(), b.dtype()) throw variant DtypeMismatch {message = "dtype mismatch"}⁩
warning[LOCALE002]: /Users/ianzepp/work/faberlang/worktrees/pgc-a3/gradus/src/math.fab:242
  | ⁨    require dtype.eq(a.dtype(), b.dtype()) throw variant DtypeMismatch {message = "dtype mismatch"}⁩
warning[LOCALE002]: /Users/ianzepp/work/faberlang/worktrees/pgc-a3/gradus/src/math.fab:265
  | ⁨fn add<size M, size N>(tensor<f32, [M, N]> a, tensor<f32, [M, N]> b) → tensor<f32, [M, N]> {⁩
warning[LOCALE002]: /Users/ianzepp/work/faberlang/worktrees/pgc-a3/gradus/src/math.fab:276
  | ⁨    const list<int> fa ← a.shape()⁩
warning[LOCALE002]: /Users/ianzepp/work/faberlang/worktrees/pgc-a3/gradus/src/math.fab:277
  | ⁨    const list<int> fb ← b.shape()⁩
warning[LOCALE002]: /Users/ianzepp/work/faberlang/worktrees/pgc-a3/gradus/src/math.fab:278
  | ⁨    const list<int> fr ← _shape_broadcast(fa, fb)⁩
warning[LOCALE002]: /Users/ianzepp/work/faberlang/worktrees/pgc-a3/gradus/src/math.fab:278
  | ⁨    const list<int> fr ← _shape_broadcast(fa, fb)⁩
warning[LOCALE002]: /Users/ianzepp/work/faberlang/worktrees/pgc-a3/gradus/src/math.fab:278
  | ⁨    const list<int> fr ← _shape_broadcast(fa, fb)⁩
warning[LOCALE002]: /Users/ianzepp/work/faberlang/worktrees/pgc-a3/gradus/src/math.fab:279
  | ⁨    const int total ← _numel_valid(fr)⁩
warning[LOCALE002]: /Users/ianzepp/work/faberlang/worktrees/pgc-a3/gradus/src/math.fab:281
  | ⁨    var list<f32> out ← empty⁩
warning[LOCALE002]: /Users/ianzepp/work/faberlang/worktrees/pgc-a3/gradus/src/math.fab:283
  | ⁨        const int ia ← _index_broadcast(i, fr, fa)⁩
warning[LOCALE002]: /Users/ianzepp/work/faberlang/worktrees/pgc-a3/gradus/src/math.fab:283
  | ⁨        const int ia ← _index_broadcast(i, fr, fa)⁩
warning[LOCALE002]: /Users/ianzepp/work/faberlang/worktrees/pgc-a3/gradus/src/math.fab:283
  | ⁨        const int ia ← _index_broadcast(i, fr, fa)⁩
warning[LOCALE002]: /Users/ianzepp/work/faberlang/worktrees/pgc-a3/gradus/src/math.fab:284
  | ⁨        const int ib ← _index_broadcast(i, fr, fb)⁩
warning[LOCALE002]: /Users/ianzepp/work/faberlang/worktrees/pgc-a3/gradus/src/math.fab:284
  | ⁨        const int ib ← _index_broadcast(i, fr, fb)⁩
warning[LOCALE002]: /Users/ianzepp/work/faberlang/worktrees/pgc-a3/gradus/src/math.fab:284
  | ⁨        const int ib ← _index_broadcast(i, fr, fb)⁩
warning[LOCALE002]: /Users/ianzepp/work/faberlang/worktrees/pgc-a3/gradus/src/math.fab:285
  | ⁨        const f32 va ← a.data.get(ia) coalesce 0.0 ∷ f32⁩
warning[LOCALE002]: /Users/ianzepp/work/faberlang/worktrees/pgc-a3/gradus/src/math.fab:285
  | ⁨        const f32 va ← a.data.get(ia) coalesce 0.0 ∷ f32⁩
warning[LOCALE002]: /Users/ianzepp/work/faberlang/worktrees/pgc-a3/gradus/src/math.fab:285
  | ⁨        const f32 va ← a.data.get(ia) coalesce 0.0 ∷ f32⁩
warning[LOCALE002]: /Users/ianzepp/work/faberlang/worktrees/pgc-a3/gradus/src/math.fab:286
  | ⁨        const f32 vb ← b.data.get(ib) coalesce 0.0 ∷ f32⁩
warning[LOCALE002]: /Users/ianzepp/work/faberlang/worktrees/pgc-a3/gradus/src/math.fab:286
  | ⁨        const f32 vb ← b.data.get(ib) coalesce 0.0 ∷ f32⁩
warning[LOCALE002]: /Users/ianzepp/work/faberlang/worktrees/pgc-a3/gradus/src/math.fab:287
  | ⁨        out.append(va + vb)⁩
warning[LOCALE002]: /Users/ianzepp/work/faberlang/worktrees/pgc-a3/gradus/src/math.fab:287
  | ⁨        out.append(va + vb)⁩
warning[LOCALE002]: /Users/ianzepp/work/faberlang/worktrees/pgc-a3/gradus/src/math.fab:289
  | ⁨    return tensor.stage(a.dtype(), fr, out)⁩
warning[LOCALE002]: /Users/ianzepp/work/faberlang/worktrees/pgc-a3/gradus/src/math.fab:289
  | ⁨    return tensor.stage(a.dtype(), fr, out)⁩
warning[LOCALE002]: /Users/ianzepp/work/faberlang/worktrees/pgc-a3/gradus/src/math.fab:289
  | ⁨    return tensor.stage(a.dtype(), fr, out)⁩
warning[LOCALE002]: /Users/ianzepp/work/faberlang/worktrees/pgc-a3/gradus/src/math.fab:294
  | ⁨fn sub<size M, size N>(tensor<f32, [M, N]> a, tensor<f32, [M, N]> b) → tensor<f32, [M, N]> {⁩
warning[LOCALE002]: /Users/ianzepp/work/faberlang/worktrees/pgc-a3/gradus/src/math.fab:303
  | ⁨    const list<int> fa ← a.shape()⁩
warning[LOCALE002]: /Users/ianzepp/work/faberlang/worktrees/pgc-a3/gradus/src/math.fab:304
  | ⁨    const list<int> fb ← b.shape()⁩
warning[LOCALE002]: /Users/ianzepp/work/faberlang/worktrees/pgc-a3/gradus/src/math.fab:305
  | ⁨    const list<int> fr ← _shape_broadcast(fa, fb)⁩
warning[LOCALE002]: /Users/ianzepp/work/faberlang/worktrees/pgc-a3/gradus/src/math.fab:305
  | ⁨    const list<int> fr ← _shape_broadcast(fa, fb)⁩
warning[LOCALE002]: /Users/ianzepp/work/faberlang/worktrees/pgc-a3/gradus/src/math.fab:305
  | ⁨    const list<int> fr ← _shape_broadcast(fa, fb)⁩
warning[LOCALE002]: /Users/ianzepp/work/faberlang/worktrees/pgc-a3/gradus/src/math.fab:306
  | ⁨    const int total ← _numel_valid(fr)⁩
warning[LOCALE002]: /Users/ianzepp/work/faberlang/worktrees/pgc-a3/gradus/src/math.fab:308
  | ⁨    var list<f32> out ← empty⁩
warning[LOCALE002]: /Users/ianzepp/work/faberlang/worktrees/pgc-a3/gradus/src/math.fab:310
  | ⁨        const int ia ← _index_broadcast(i, fr, fa)⁩
warning[LOCALE002]: /Users/ianzepp/work/faberlang/worktrees/pgc-a3/gradus/src/math.fab:310
  | ⁨        const int ia ← _index_broadcast(i, fr, fa)⁩
warning[LOCALE002]: /Users/ianzepp/work/faberlang/worktrees/pgc-a3/gradus/src/math.fab:310
  | ⁨        const int ia ← _index_broadcast(i, fr, fa)⁩
warning[LOCALE002]: /Users/ianzepp/work/faberlang/worktrees/pgc-a3/gradus/src/math.fab:311
  | ⁨        const int ib ← _index_broadcast(i, fr, fb)⁩
warning[LOCALE002]: /Users/ianzepp/work/faberlang/worktrees/pgc-a3/gradus/src/math.fab:311
  | ⁨        const int ib ← _index_broadcast(i, fr, fb)⁩
warning[LOCALE002]: /Users/ianzepp/work/faberlang/worktrees/pgc-a3/gradus/src/math.fab:311
  | ⁨        const int ib ← _index_broadcast(i, fr, fb)⁩
warning[LOCALE002]: /Users/ianzepp/work/faberlang/worktrees/pgc-a3/gradus/src/math.fab:312
  | ⁨        const f32 va ← a.data.get(ia) coalesce 0.0 ∷ f32⁩
warning[LOCALE002]: /Users/ianzepp/work/faberlang/worktrees/pgc-a3/gradus/src/math.fab:312
  | ⁨        const f32 va ← a.data.get(ia) coalesce 0.0 ∷ f32⁩
warning[LOCALE002]: /Users/ianzepp/work/faberlang/worktrees/pgc-a3/gradus/src/math.fab:312
  | ⁨        const f32 va ← a.data.get(ia) coalesce 0.0 ∷ f32⁩
warning[LOCALE002]: /Users/ianzepp/work/faberlang/worktrees/pgc-a3/gradus/src/math.fab:313
  | ⁨        const f32 vb ← b.data.get(ib) coalesce 0.0 ∷ f32⁩
warning[LOCALE002]: /Users/ianzepp/work/faberlang/worktrees/pgc-a3/gradus/src/math.fab:313
  | ⁨        const f32 vb ← b.data.get(ib) coalesce 0.0 ∷ f32⁩
warning[LOCALE002]: /Users/ianzepp/work/faberlang/worktrees/pgc-a3/gradus/src/math.fab:314
  | ⁨        out.append(va - vb)⁩
warning[LOCALE002]: /Users/ianzepp/work/faberlang/worktrees/pgc-a3/gradus/src/math.fab:314
  | ⁨        out.append(va - vb)⁩
warning[LOCALE002]: /Users/ianzepp/work/faberlang/worktrees/pgc-a3/gradus/src/math.fab:316
  | ⁨    return tensor.stage(a.dtype(), fr, out)⁩
warning[LOCALE002]: /Users/ianzepp/work/faberlang/worktrees/pgc-a3/gradus/src/math.fab:316
  | ⁨    return tensor.stage(a.dtype(), fr, out)⁩
warning[LOCALE002]: /Users/ianzepp/work/faberlang/worktrees/pgc-a3/gradus/src/math.fab:316
  | ⁨    return tensor.stage(a.dtype(), fr, out)⁩
warning[LOCALE002]: /Users/ianzepp/work/faberlang/worktrees/pgc-a3/gradus/src/math.fab:321
  | ⁨fn mul<size M, size N>(tensor<f32, [M, N]> a, tensor<f32, [M, N]> b) → tensor<f32, [M, N]> {⁩
warning[LOCALE002]: /Users/ianzepp/work/faberlang/worktrees/pgc-a3/gradus/src/math.fab:330
  | ⁨    const list<int> fa ← a.shape()⁩
warning[LOCALE002]: /Users/ianzepp/work/faberlang/worktrees/pgc-a3/gradus/src/math.fab:331
  | ⁨    const list<int> fb ← b.shape()⁩
warning[LOCALE002]: /Users/ianzepp/work/faberlang/worktrees/pgc-a3/gradus/src/math.fab:332
  | ⁨    const list<int> fr ← _shape_broadcast(fa, fb)⁩
warning[LOCALE002]: /Users/ianzepp/work/faberlang/worktrees/pgc-a3/gradus/src/math.fab:332
  | ⁨    const list<int> fr ← _shape_broadcast(fa, fb)⁩
warning[LOCALE002]: /Users/ianzepp/work/faberlang/worktrees/pgc-a3/gradus/src/math.fab:332
  | ⁨    const list<int> fr ← _shape_broadcast(fa, fb)⁩
warning[LOCALE002]: /Users/ianzepp/work/faberlang/worktrees/pgc-a3/gradus/src/math.fab:333
  | ⁨    const int total ← _numel_valid(fr)⁩
warning[LOCALE002]: /Users/ianzepp/work/faberlang/worktrees/pgc-a3/gradus/src/math.fab:335
  | ⁨    var list<f32> out ← empty⁩
warning[LOCALE002]: /Users/ianzepp/work/faberlang/worktrees/pgc-a3/gradus/src/math.fab:337
  | ⁨        const int ia ← _index_broadcast(i, fr, fa)⁩
warning[LOCALE002]: /Users/ianzepp/work/faberlang/worktrees/pgc-a3/gradus/src/math.fab:337
  | ⁨        const int ia ← _index_broadcast(i, fr, fa)⁩
warning[LOCALE002]: /Users/ianzepp/work/faberlang/worktrees/pgc-a3/gradus/src/math.fab:337
  | ⁨        const int ia ← _index_broadcast(i, fr, fa)⁩
warning[LOCALE002]: /Users/ianzepp/work/faberlang/worktrees/pgc-a3/gradus/src/math.fab:338
  | ⁨        const int ib ← _index_broadcast(i, fr, fb)⁩
warning[LOCALE002]: /Users/ianzepp/work/faberlang/worktrees/pgc-a3/gradus/src/math.fab:338
  | ⁨        const int ib ← _index_broadcast(i, fr, fb)⁩
warning[LOCALE002]: /Users/ianzepp/work/faberlang/worktrees/pgc-a3/gradus/src/math.fab:338
  | ⁨        const int ib ← _index_broadcast(i, fr, fb)⁩
warning[LOCALE002]: /Users/ianzepp/work/faberlang/worktrees/pgc-a3/gradus/src/math.fab:339
  | ⁨        const f32 va ← a.data.get(ia) coalesce 0.0 ∷ f32⁩
warning[LOCALE002]: /Users/ianzepp/work/faberlang/worktrees/pgc-a3/gradus/src/math.fab:339
  | ⁨        const f32 va ← a.data.get(ia) coalesce 0.0 ∷ f32⁩
warning[LOCALE002]: /Users/ianzepp/work/faberlang/worktrees/pgc-a3/gradus/src/math.fab:339
  | ⁨        const f32 va ← a.data.get(ia) coalesce 0.0 ∷ f32⁩
warning[LOCALE002]: /Users/ianzepp/work/faberlang/worktrees/pgc-a3/gradus/src/math.fab:340
  | ⁨        const f32 vb ← b.data.get(ib) coalesce 0.0 ∷ f32⁩
warning[LOCALE002]: /Users/ianzepp/work/faberlang/worktrees/pgc-a3/gradus/src/math.fab:340
  | ⁨        const f32 vb ← b.data.get(ib) coalesce 0.0 ∷ f32⁩
warning[LOCALE002]: /Users/ianzepp/work/faberlang/worktrees/pgc-a3/gradus/src/math.fab:341
  | ⁨        out.append(va * vb)⁩
warning[LOCALE002]: /Users/ianzepp/work/faberlang/worktrees/pgc-a3/gradus/src/math.fab:341
  | ⁨        out.append(va * vb)⁩
warning[LOCALE002]: /Users/ianzepp/work/faberlang/worktrees/pgc-a3/gradus/src/math.fab:343
  | ⁨    return tensor.stage(a.dtype(), fr, out)⁩
warning[LOCALE002]: /Users/ianzepp/work/faberlang/worktrees/pgc-a3/gradus/src/math.fab:343
  | ⁨    return tensor.stage(a.dtype(), fr, out)⁩
warning[LOCALE002]: /Users/ianzepp/work/faberlang/worktrees/pgc-a3/gradus/src/math.fab:343
  | ⁨    return tensor.stage(a.dtype(), fr, out)⁩
warning[LOCALE002]: /Users/ianzepp/work/faberlang/worktrees/pgc-a3/gradus/src/math.fab:357
  | ⁨    const list<int> fa ← a.shape()⁩
warning[LOCALE002]: /Users/ianzepp/work/faberlang/worktrees/pgc-a3/gradus/src/math.fab:358
  | ⁨    const list<int> fb ← b.shape()⁩
warning[LOCALE002]: /Users/ianzepp/work/faberlang/worktrees/pgc-a3/gradus/src/math.fab:359
  | ⁨    const list<int> fr ← _shape_broadcast(fa, fb)⁩
warning[LOCALE002]: /Users/ianzepp/work/faberlang/worktrees/pgc-a3/gradus/src/math.fab:359
  | ⁨    const list<int> fr ← _shape_broadcast(fa, fb)⁩
warning[LOCALE002]: /Users/ianzepp/work/faberlang/worktrees/pgc-a3/gradus/src/math.fab:359
  | ⁨    const list<int> fr ← _shape_broadcast(fa, fb)⁩
warning[LOCALE002]: /Users/ianzepp/work/faberlang/worktrees/pgc-a3/gradus/src/math.fab:360
  | ⁨    const int total ← _numel_valid(fr)⁩
warning[LOCALE002]: /Users/ianzepp/work/faberlang/worktrees/pgc-a3/gradus/src/math.fab:362
  | ⁨    var list<f32> out ← empty⁩
warning[LOCALE002]: /Users/ianzepp/work/faberlang/worktrees/pgc-a3/gradus/src/math.fab:364
  | ⁨        const int ia ← _index_broadcast(i, fr, fa)⁩
warning[LOCALE002]: /Users/ianzepp/work/faberlang/worktrees/pgc-a3/gradus/src/math.fab:364
  | ⁨        const int ia ← _index_broadcast(i, fr, fa)⁩
warning[LOCALE002]: /Users/ianzepp/work/faberlang/worktrees/pgc-a3/gradus/src/math.fab:364
  | ⁨        const int ia ← _index_broadcast(i, fr, fa)⁩
warning[LOCALE002]: /Users/ianzepp/work/faberlang/worktrees/pgc-a3/gradus/src/math.fab:365
  | ⁨        const int ib ← _index_broadcast(i, fr, fb)⁩
warning[LOCALE002]: /Users/ianzepp/work/faberlang/worktrees/pgc-a3/gradus/src/math.fab:365
  | ⁨        const int ib ← _index_broadcast(i, fr, fb)⁩
warning[LOCALE002]: /Users/ianzepp/work/faberlang/worktrees/pgc-a3/gradus/src/math.fab:365
  | ⁨        const int ib ← _index_broadcast(i, fr, fb)⁩
warning[LOCALE002]: /Users/ianzepp/work/faberlang/worktrees/pgc-a3/gradus/src/math.fab:366
  | ⁨        const f32 va ← a.data.get(ia) coalesce 0.0 ∷ f32⁩
warning[LOCALE002]: /Users/ianzepp/work/faberlang/worktrees/pgc-a3/gradus/src/math.fab:366
  | ⁨        const f32 va ← a.data.get(ia) coalesce 0.0 ∷ f32⁩
warning[LOCALE002]: /Users/ianzepp/work/faberlang/worktrees/pgc-a3/gradus/src/math.fab:366
  | ⁨        const f32 va ← a.data.get(ia) coalesce 0.0 ∷ f32⁩
warning[LOCALE002]: /Users/ianzepp/work/faberlang/worktrees/pgc-a3/gradus/src/math.fab:367
  | ⁨        const f32 vb ← b.data.get(ib) coalesce 0.0 ∷ f32⁩
warning[LOCALE002]: /Users/ianzepp/work/faberlang/worktrees/pgc-a3/gradus/src/math.fab:367
  | ⁨        const f32 vb ← b.data.get(ib) coalesce 0.0 ∷ f32⁩
warning[LOCALE002]: /Users/ianzepp/work/faberlang/worktrees/pgc-a3/gradus/src/math.fab:368
  | ⁨        out.append(va / vb)⁩
warning[LOCALE002]: /Users/ianzepp/work/faberlang/worktrees/pgc-a3/gradus/src/math.fab:368
  | ⁨        out.append(va / vb)⁩
warning[LOCALE002]: /Users/ianzepp/work/faberlang/worktrees/pgc-a3/gradus/src/math.fab:370
  | ⁨    return tensor.stage(a.dtype(), fr, out)⁩
warning[LOCALE002]: /Users/ianzepp/work/faberlang/worktrees/pgc-a3/gradus/src/math.fab:370
  | ⁨    return tensor.stage(a.dtype(), fr, out)⁩
warning[LOCALE002]: /Users/ianzepp/work/faberlang/worktrees/pgc-a3/gradus/src/math.fab:370
  | ⁨    return tensor.stage(a.dtype(), fr, out)⁩
warning[LOCALE002]: /Users/ianzepp/work/faberlang/worktrees/pgc-a3/gradus/src/math.fab:376
  | ⁨    return t.negate()⁩
warning[LOCALE002]: /Users/ianzepp/work/faberlang/worktrees/pgc-a3/gradus/src/math.fab:386
  | ⁨    const list<f32> out ← t.data.map(f32 v ∴ 0.0 ∷ f32 - v)⁩
warning[LOCALE002]: /Users/ianzepp/work/faberlang/worktrees/pgc-a3/gradus/src/math.fab:387
  | ⁨    return tensor.stage(t.dtype(), f, out)⁩
warning[LOCALE002]: /Users/ianzepp/work/faberlang/worktrees/pgc-a3/gradus/src/math.fab:387
  | ⁨    return tensor.stage(t.dtype(), f, out)⁩
warning[LOCALE002]: /Users/ianzepp/work/faberlang/worktrees/pgc-a3/gradus/src/math.fab:400
  | ⁨    const list<f32> out ← t.data.map(f32 v ∴ v.abs())⁩
warning[LOCALE002]: /Users/ianzepp/work/faberlang/worktrees/pgc-a3/gradus/src/math.fab:400
  | ⁨    const list<f32> out ← t.data.map(f32 v ∴ v.abs())⁩
warning[LOCALE002]: /Users/ianzepp/work/faberlang/worktrees/pgc-a3/gradus/src/math.fab:401
  | ⁨    return tensor.stage(t.dtype(), f, out)⁩
warning[LOCALE002]: /Users/ianzepp/work/faberlang/worktrees/pgc-a3/gradus/src/math.fab:401
  | ⁨    return tensor.stage(t.dtype(), f, out)⁩
warning[LOCALE002]: /Users/ianzepp/work/faberlang/worktrees/pgc-a3/gradus/src/math.fab:419
  | ⁨    const list<f32> out ← t.data.map(f32 v ∴ v.sign())⁩
warning[LOCALE002]: /Users/ianzepp/work/faberlang/worktrees/pgc-a3/gradus/src/math.fab:420
  | ⁨    return tensor.stage(t.dtype(), f, out)⁩
warning[LOCALE002]: /Users/ianzepp/work/faberlang/worktrees/pgc-a3/gradus/src/math.fab:420
  | ⁨    return tensor.stage(t.dtype(), f, out)⁩
warning[LOCALE002]: /Users/ianzepp/work/faberlang/worktrees/pgc-a3/gradus/src/math.fab:433
  | ⁨    const int dim ← f.get(axis) coalesce 1⁩
warning[LOCALE002]: /Users/ianzepp/work/faberlang/worktrees/pgc-a3/gradus/src/math.fab:437
  | ⁨    var list<int> fr ← empty⁩
warning[LOCALE002]: /Users/ianzepp/work/faberlang/worktrees/pgc-a3/gradus/src/math.fab:440
  | ⁨            fr.append(f.get(i) coalesce 1)⁩
warning[LOCALE002]: /Users/ianzepp/work/faberlang/worktrees/pgc-a3/gradus/src/math.fab:440
  | ⁨            fr.append(f.get(i) coalesce 1)⁩
warning[LOCALE002]: /Users/ianzepp/work/faberlang/worktrees/pgc-a3/gradus/src/math.fab:443
  | ⁨    var list<f32> out ← empty⁩
warning[LOCALE002]: /Users/ianzepp/work/faberlang/worktrees/pgc-a3/gradus/src/math.fab:452
  | ⁨            s ← s + t.data.get(idx) coalesce 0.0 ∷ f32⁩
warning[LOCALE002]: /Users/ianzepp/work/faberlang/worktrees/pgc-a3/gradus/src/math.fab:454
  | ⁨        out.append(s)⁩
warning[LOCALE002]: /Users/ianzepp/work/faberlang/worktrees/pgc-a3/gradus/src/math.fab:456
  | ⁨    return tensor.stage(t.dtype(), fr, out)⁩
warning[LOCALE002]: /Users/ianzepp/work/faberlang/worktrees/pgc-a3/gradus/src/math.fab:456
  | ⁨    return tensor.stage(t.dtype(), fr, out)⁩
warning[LOCALE002]: /Users/ianzepp/work/faberlang/worktrees/pgc-a3/gradus/src/math.fab:456
  | ⁨    return tensor.stage(t.dtype(), fr, out)⁩
warning[LOCALE002]: /Users/ianzepp/work/faberlang/worktrees/pgc-a3/gradus/src/math.fab:465
  | ⁨    const int dim ← f.get(axis) coalesce 1⁩
warning[LOCALE002]: /Users/ianzepp/work/faberlang/worktrees/pgc-a3/gradus/src/math.fab:467
  | ⁨    var list<int> fr ← empty⁩
warning[LOCALE002]: /Users/ianzepp/work/faberlang/worktrees/pgc-a3/gradus/src/math.fab:470
  | ⁨            fr.append(f.get(i) coalesce 1)⁩
warning[LOCALE002]: /Users/ianzepp/work/faberlang/worktrees/pgc-a3/gradus/src/math.fab:470
  | ⁨            fr.append(f.get(i) coalesce 1)⁩
warning[LOCALE002]: /Users/ianzepp/work/faberlang/worktrees/pgc-a3/gradus/src/math.fab:473
  | ⁨    var list<f32> out ← empty⁩
warning[LOCALE002]: /Users/ianzepp/work/faberlang/worktrees/pgc-a3/gradus/src/math.fab:482
  | ⁨            s ← s + t.data.get(idx) coalesce 0.0 ∷ f32⁩
warning[LOCALE002]: /Users/ianzepp/work/faberlang/worktrees/pgc-a3/gradus/src/math.fab:484
  | ⁨        out.append(s / divisor)⁩
warning[LOCALE002]: /Users/ianzepp/work/faberlang/worktrees/pgc-a3/gradus/src/math.fab:486
  | ⁨    return tensor.stage(t.dtype(), fr, out)⁩
warning[LOCALE002]: /Users/ianzepp/work/faberlang/worktrees/pgc-a3/gradus/src/math.fab:486
  | ⁨    return tensor.stage(t.dtype(), fr, out)⁩
warning[LOCALE002]: /Users/ianzepp/work/faberlang/worktrees/pgc-a3/gradus/src/math.fab:486
  | ⁨    return tensor.stage(t.dtype(), fr, out)⁩
warning[LOCALE002]: /Users/ianzepp/work/faberlang/worktrees/pgc-a3/gradus/src/math.fab:499
  | ⁨    const list<int> fa ← a.shape()⁩
warning[LOCALE002]: /Users/ianzepp/work/faberlang/worktrees/pgc-a3/gradus/src/math.fab:500
  | ⁨    const list<int> fb ← b.shape()⁩
warning[LOCALE002]: /Users/ianzepp/work/faberlang/worktrees/pgc-a3/gradus/src/math.fab:501
  | ⁨    require fa.length() ≡ 2 throw variant GradusMismatch {message = "matmul requires rank-2 operands"}⁩
warning[LOCALE002]: /Users/ianzepp/work/faberlang/worktrees/pgc-a3/gradus/src/math.fab:502
  | ⁨    require fb.length() ≡ 2 throw variant GradusMismatch {message = "matmul requires rank-2 operands"}⁩
warning[LOCALE002]: /Users/ianzepp/work/faberlang/worktrees/pgc-a3/gradus/src/math.fab:504
  | ⁨    const int m ← fa.get(0) coalesce 1⁩
warning[LOCALE002]: /Users/ianzepp/work/faberlang/worktrees/pgc-a3/gradus/src/math.fab:504
  | ⁨    const int m ← fa.get(0) coalesce 1⁩
warning[LOCALE002]: /Users/ianzepp/work/faberlang/worktrees/pgc-a3/gradus/src/math.fab:505
  | ⁨    const int k ← fa.get(1) coalesce 1⁩
warning[LOCALE002]: /Users/ianzepp/work/faberlang/worktrees/pgc-a3/gradus/src/math.fab:505
  | ⁨    const int k ← fa.get(1) coalesce 1⁩
warning[LOCALE002]: /Users/ianzepp/work/faberlang/worktrees/pgc-a3/gradus/src/math.fab:506
  | ⁨    const int kb ← fb.get(0) coalesce 1⁩
warning[LOCALE002]: /Users/ianzepp/work/faberlang/worktrees/pgc-a3/gradus/src/math.fab:506
  | ⁨    const int kb ← fb.get(0) coalesce 1⁩
warning[LOCALE002]: /Users/ianzepp/work/faberlang/worktrees/pgc-a3/gradus/src/math.fab:507
  | ⁨    const int n ← fb.get(1) coalesce 1⁩
warning[LOCALE002]: /Users/ianzepp/work/faberlang/worktrees/pgc-a3/gradus/src/math.fab:507
  | ⁨    const int n ← fb.get(1) coalesce 1⁩
warning[LOCALE002]: /Users/ianzepp/work/faberlang/worktrees/pgc-a3/gradus/src/math.fab:509
  | ⁨    const list<int> fr ← [m, n]⁩
warning[LOCALE002]: /Users/ianzepp/work/faberlang/worktrees/pgc-a3/gradus/src/math.fab:510
  | ⁨    _numel_valid(fr)⁩
warning[LOCALE002]: /Users/ianzepp/work/faberlang/worktrees/pgc-a3/gradus/src/math.fab:511
  | ⁨    var list<f32> out ← empty⁩
warning[LOCALE002]: /Users/ianzepp/work/faberlang/worktrees/pgc-a3/gradus/src/math.fab:516
  | ⁨                const f32 va ← a.data.get(i * k + p) coalesce 0.0 ∷ f32⁩
warning[LOCALE002]: /Users/ianzepp/work/faberlang/worktrees/pgc-a3/gradus/src/math.fab:516
  | ⁨                const f32 va ← a.data.get(i * k + p) coalesce 0.0 ∷ f32⁩
warning[LOCALE002]: /Users/ianzepp/work/faberlang/worktrees/pgc-a3/gradus/src/math.fab:517
  | ⁨                const f32 vb ← b.data.get(p * n + j) coalesce 0.0 ∷ f32⁩
warning[LOCALE002]: /Users/ianzepp/work/faberlang/worktrees/pgc-a3/gradus/src/math.fab:518
  | ⁨                s ← s + va * vb⁩
warning[LOCALE002]: /Users/ianzepp/work/faberlang/worktrees/pgc-a3/gradus/src/math.fab:520
  | ⁨            out.append(s)⁩
warning[LOCALE002]: /Users/ianzepp/work/faberlang/worktrees/pgc-a3/gradus/src/math.fab:523
  | ⁨    return tensor.stage(a.dtype(), fr, out)⁩
warning[LOCALE002]: /Users/ianzepp/work/faberlang/worktrees/pgc-a3/gradus/src/math.fab:523
  | ⁨    return tensor.stage(a.dtype(), fr, out)⁩
warning[LOCALE002]: /Users/ianzepp/work/faberlang/worktrees/pgc-a3/gradus/src/math.fab:523
  | ⁨    return tensor.stage(a.dtype(), fr, out)⁩
warning[LOCALE002]: /Users/ianzepp/work/faberlang/worktrees/pgc-a3/gradus/src/math.fab:536
  | ⁨fn _dtype_from_name(string name) → dtype.DType ⇥ MathError {⁩
warning[LOCALE002]: /Users/ianzepp/work/faberlang/worktrees/pgc-a3/gradus/src/math.fab:537
  | ⁨    return dtype.from_name(name)⁩
warning[LOCALE002]: /Users/ianzepp/work/faberlang/worktrees/pgc-a3/gradus/src/math.fab:541
  | ⁨fn cast(tensor.NumericBlock t, string name) → tensor.NumericBlock ⇥ MathError {⁩
warning[LOCALE002]: /Users/ianzepp/work/faberlang/worktrees/pgc-a3/gradus/src/math.fab:542
  | ⁨    const dtype.DType target ← _dtype_from_name(name)⁩
warning[LOCALE002]: /Users/ianzepp/work/faberlang/worktrees/pgc-a3/gradus/src/math.fab:546
  | ⁨    var list<f32> out ← empty⁩
warning[LOCALE002]: /Users/ianzepp/work/faberlang/worktrees/pgc-a3/gradus/src/math.fab:548
  | ⁨        const f32 cv ← dtype.cast(v, t.dtype(), target)⁩
warning[LOCALE002]: /Users/ianzepp/work/faberlang/worktrees/pgc-a3/gradus/src/math.fab:548
  | ⁨        const f32 cv ← dtype.cast(v, t.dtype(), target)⁩
warning[LOCALE002]: /Users/ianzepp/work/faberlang/worktrees/pgc-a3/gradus/src/math.fab:548
  | ⁨        const f32 cv ← dtype.cast(v, t.dtype(), target)⁩
warning[LOCALE002]: /Users/ianzepp/work/faberlang/worktrees/pgc-a3/gradus/src/math.fab:549
  | ⁨        out.append(cv)⁩
warning[LOCALE002]: /Users/ianzepp/work/faberlang/worktrees/pgc-a3/gradus/src/math.fab:551
  | ⁨    return tensor.stage(target, t.shape(), out)⁩
warning[LOCALE002]: /Users/ianzepp/work/faberlang/worktrees/pgc-a3/gradus/src/math.fab:565
  | ⁨        return dims.get(i)⁩
warning[LOCALE002]: /Users/ianzepp/work/faberlang/worktrees/pgc-a3/gradus/src/math.fab:577
  | ⁨        return parts.get(i)⁩
warning[LOCALE002]: /Users/ianzepp/work/faberlang/worktrees/pgc-a3/gradus/src/math.fab:589
  | ⁨        return data.get(i)⁩
warning[LOCALE002]: /Users/ianzepp/work/faberlang/worktrees/pgc-a3/gradus/src/math.fab:601
  | ⁨    const list<int> f0 ← first.shape()⁩
warning[LOCALE002]: /Users/ianzepp/work/faberlang/worktrees/pgc-a3/gradus/src/math.fab:602
  | ⁨    const int r ← f0.length()⁩
warning[LOCALE002]: /Users/ianzepp/work/faberlang/worktrees/pgc-a3/gradus/src/math.fab:613
  | ⁨        require dtype.eq(part.dtype(), first.dtype()) throw variant DtypeMismatch {message = "dtype mismatch"}⁩
warning[LOCALE002]: /Users/ianzepp/work/faberlang/worktrees/pgc-a3/gradus/src/math.fab:613
  | ⁨        require dtype.eq(part.dtype(), first.dtype()) throw variant DtypeMismatch {message = "dtype mismatch"}⁩
warning[LOCALE002]: /Users/ianzepp/work/faberlang/worktrees/pgc-a3/gradus/src/math.fab:613
  | ⁨        require dtype.eq(part.dtype(), first.dtype()) throw variant DtypeMismatch {message = "dtype mismatch"}⁩
warning[LOCALE002]: /Users/ianzepp/work/faberlang/worktrees/pgc-a3/gradus/src/math.fab:615
  | ⁨            const int dk ← _shape_dim(f, k)⁩
warning[LOCALE002]: /Users/ianzepp/work/faberlang/worktrees/pgc-a3/gradus/src/math.fab:616
  | ⁨            const int d0 ← _shape_dim(f0, k)⁩
warning[LOCALE002]: /Users/ianzepp/work/faberlang/worktrees/pgc-a3/gradus/src/math.fab:616
  | ⁨            const int d0 ← _shape_dim(f0, k)⁩
warning[LOCALE002]: /Users/ianzepp/work/faberlang/worktrees/pgc-a3/gradus/src/math.fab:617
  | ⁨            require not (k ≠ axis and dk ≠ d0) throw variant Incompatible {message = "concat dimension mismatch"}⁩
warning[LOCALE002]: /Users/ianzepp/work/faberlang/worktrees/pgc-a3/gradus/src/math.fab:617
  | ⁨            require not (k ≠ axis and dk ≠ d0) throw variant Incompatible {message = "concat dimension mismatch"}⁩
warning[LOCALE002]: /Users/ianzepp/work/faberlang/worktrees/pgc-a3/gradus/src/math.fab:619
  | ⁨        const int adim ← _shape_dim(f, axis)⁩
warning[LOCALE002]: /Users/ianzepp/work/faberlang/worktrees/pgc-a3/gradus/src/math.fab:620
  | ⁨        axis_dims.append(adim)⁩
warning[LOCALE002]: /Users/ianzepp/work/faberlang/worktrees/pgc-a3/gradus/src/math.fab:622
  | ⁨        acc ← acc + adim⁩
warning[LOCALE002]: /Users/ianzepp/work/faberlang/worktrees/pgc-a3/gradus/src/math.fab:624
  | ⁨    var list<int> fr ← empty⁩
warning[LOCALE002]: /Users/ianzepp/work/faberlang/worktrees/pgc-a3/gradus/src/math.fab:626
  | ⁨        var int d0 ← _shape_dim(f0, k)⁩
warning[LOCALE002]: /Users/ianzepp/work/faberlang/worktrees/pgc-a3/gradus/src/math.fab:626
  | ⁨        var int d0 ← _shape_dim(f0, k)⁩
warning[LOCALE002]: /Users/ianzepp/work/faberlang/worktrees/pgc-a3/gradus/src/math.fab:628
  | ⁨            d0 ← acc⁩
warning[LOCALE002]: /Users/ianzepp/work/faberlang/worktrees/pgc-a3/gradus/src/math.fab:630
  | ⁨        fr.append(d0)⁩
warning[LOCALE002]: /Users/ianzepp/work/faberlang/worktrees/pgc-a3/gradus/src/math.fab:630
  | ⁨        fr.append(d0)⁩
warning[LOCALE002]: /Users/ianzepp/work/faberlang/worktrees/pgc-a3/gradus/src/math.fab:632
  | ⁨    const int total ← _numel_valid(fr)⁩
warning[LOCALE002]: /Users/ianzepp/work/faberlang/worktrees/pgc-a3/gradus/src/math.fab:634
  | ⁨    var list<f32> out ← empty⁩
warning[LOCALE002]: /Users/ianzepp/work/faberlang/worktrees/pgc-a3/gradus/src/math.fab:639
  | ⁨        const list<int> coords ← _coordinate(o, fr)⁩
warning[LOCALE002]: /Users/ianzepp/work/faberlang/worktrees/pgc-a3/gradus/src/math.fab:644
  | ⁨            const int adim ← _shape_dim(axis_dims, j)⁩
warning[LOCALE002]: /Users/ianzepp/work/faberlang/worktrees/pgc-a3/gradus/src/math.fab:645
  | ⁨            if ca ≥ off and ca ≺ off + adim {⁩
warning[LOCALE002]: /Users/ianzepp/work/faberlang/worktrees/pgc-a3/gradus/src/math.fab:652
  | ⁨        out.append(_elem_at(part.data, idx))⁩
warning[LOCALE002]: /Users/ianzepp/work/faberlang/worktrees/pgc-a3/gradus/src/math.fab:654
  | ⁨    return tensor.stage(first.dtype(), fr, out)⁩
warning[LOCALE002]: /Users/ianzepp/work/faberlang/worktrees/pgc-a3/gradus/src/math.fab:654
  | ⁨    return tensor.stage(first.dtype(), fr, out)⁩
warning[LOCALE002]: /Users/ianzepp/work/faberlang/worktrees/pgc-a3/gradus/src/math.fab:654
  | ⁨    return tensor.stage(first.dtype(), fr, out)⁩
warning[LOCALE002]: /Users/ianzepp/work/faberlang/worktrees/pgc-a3/gradus/src/math.fab:658
  | ⁨fn slice(tensor.NumericBlock t, int axis, int start, int end) → tensor.NumericBlock ⇥ MathError {⁩
warning[LOCALE002]: /Users/ianzepp/work/faberlang/worktrees/pgc-a3/gradus/src/math.fab:658
  | ⁨fn slice(tensor.NumericBlock t, int axis, int start, int end) → tensor.NumericBlock ⇥ MathError {⁩
warning[LOCALE002]: /Users/ianzepp/work/faberlang/worktrees/pgc-a3/gradus/src/math.fab:664
  | ⁨    require not ((start ≺ 0 or end ≺ start) or end ≻ dim) throw variant Incompatible {message = "slice bounds out of range"}⁩
warning[LOCALE002]: /Users/ianzepp/work/faberlang/worktrees/pgc-a3/gradus/src/math.fab:664
  | ⁨    require not ((start ≺ 0 or end ≺ start) or end ≻ dim) throw variant Incompatible {message = "slice bounds out of range"}⁩
warning[LOCALE002]: /Users/ianzepp/work/faberlang/worktrees/pgc-a3/gradus/src/math.fab:664
  | ⁨    require not ((start ≺ 0 or end ≺ start) or end ≻ dim) throw variant Incompatible {message = "slice bounds out of range"}⁩
warning[LOCALE002]: /Users/ianzepp/work/faberlang/worktrees/pgc-a3/gradus/src/math.fab:664
  | ⁨    require not ((start ≺ 0 or end ≺ start) or end ≻ dim) throw variant Incompatible {message = "slice bounds out of range"}⁩
warning[LOCALE002]: /Users/ianzepp/work/faberlang/worktrees/pgc-a3/gradus/src/math.fab:665
  | ⁨    const int len ← end - start⁩
warning[LOCALE002]: /Users/ianzepp/work/faberlang/worktrees/pgc-a3/gradus/src/math.fab:665
  | ⁨    const int len ← end - start⁩
warning[LOCALE002]: /Users/ianzepp/work/faberlang/worktrees/pgc-a3/gradus/src/math.fab:665
  | ⁨    const int len ← end - start⁩
warning[LOCALE002]: /Users/ianzepp/work/faberlang/worktrees/pgc-a3/gradus/src/math.fab:666
  | ⁨    var list<int> fr ← empty⁩
warning[LOCALE002]: /Users/ianzepp/work/faberlang/worktrees/pgc-a3/gradus/src/math.fab:670
  | ⁨            d ← len⁩
warning[LOCALE002]: /Users/ianzepp/work/faberlang/worktrees/pgc-a3/gradus/src/math.fab:672
  | ⁨        fr.append(d)⁩
warning[LOCALE002]: /Users/ianzepp/work/faberlang/worktrees/pgc-a3/gradus/src/math.fab:674
  | ⁨    const int total ← _numel_valid(fr)⁩
warning[LOCALE002]: /Users/ianzepp/work/faberlang/worktrees/pgc-a3/gradus/src/math.fab:675
  | ⁨    var list<f32> out ← empty⁩
warning[LOCALE002]: /Users/ianzepp/work/faberlang/worktrees/pgc-a3/gradus/src/math.fab:677
  | ⁨        const list<int> coords ← _coordinate(o, fr)⁩
warning[LOCALE002]: /Users/ianzepp/work/faberlang/worktrees/pgc-a3/gradus/src/math.fab:679
  | ⁨        const int idx ← _flat_axis(coords, axis, ca + start, f)⁩
warning[LOCALE002]: /Users/ianzepp/work/faberlang/worktrees/pgc-a3/gradus/src/math.fab:680
  | ⁨        out.append(_elem_at(t.data, idx))⁩
warning[LOCALE002]: /Users/ianzepp/work/faberlang/worktrees/pgc-a3/gradus/src/math.fab:682
  | ⁨    return tensor.stage(t.dtype(), fr, out)⁩
warning[LOCALE002]: /Users/ianzepp/work/faberlang/worktrees/pgc-a3/gradus/src/math.fab:682
  | ⁨    return tensor.stage(t.dtype(), fr, out)⁩
warning[LOCALE002]: /Users/ianzepp/work/faberlang/worktrees/pgc-a3/gradus/src/math.fab:682
  | ⁨    return tensor.stage(t.dtype(), fr, out)⁩
warning[WARN024:union_nominal_members]: /Users/ianzepp/work/faberlang/worktrees/pgc-a3/gradus/src/math.fab:103
  | ⁨fn from_shape_error(shape.ShapeError err) → MathError {⁩
warning[WARN025:union_no_common_members]: /Users/ianzepp/work/faberlang/worktrees/pgc-a3/gradus/src/math.fab:103
  | ⁨fn from_shape_error(shape.ShapeError err) → MathError {⁩
warning[WARN024:union_nominal_members]: /Users/ianzepp/work/faberlang/worktrees/pgc-a3/gradus/src/math.fab:115
  | ⁨fn from_tensor_error(tensor.TensorError err) → MathError {⁩
warning[WARN025:union_no_common_members]: /Users/ianzepp/work/faberlang/worktrees/pgc-a3/gradus/src/math.fab:115
  | ⁨fn from_tensor_error(tensor.TensorError err) → MathError {⁩
warning[WARN024:union_nominal_members]: /Users/ianzepp/work/faberlang/worktrees/pgc-a3/gradus/src/math.fab:123
  | ⁨fn from_dtype_error(dtype.DTypeError err) → MathError {⁩
warning[WARN025:union_no_common_members]: /Users/ianzepp/work/faberlang/worktrees/pgc-a3/gradus/src/math.fab:123
  | ⁨fn from_dtype_error(dtype.DTypeError err) → MathError {⁩
warning[WARN024:union_nominal_members]: /Users/ianzepp/work/faberlang/worktrees/pgc-a3/gradus/src/math.fab:542
  | ⁨    const dtype.DType target ← _dtype_from_name(name)⁩
warning[WARN025:union_no_common_members]: /Users/ianzepp/work/faberlang/worktrees/pgc-a3/gradus/src/math.fab:542
  | ⁨    const dtype.DType target ← _dtype_from_name(name)⁩
warning[WARN001:unused_variable]: /Users/ianzepp/work/faberlang/worktrees/pgc-a3/gradus/src/math.fab:385
  | ⁨    const int total ← _numel_valid(f)⁩
warning[WARN001:unused_variable]: /Users/ianzepp/work/faberlang/worktrees/pgc-a3/gradus/src/math.fab:399
  | ⁨    const int total ← _numel_valid(f)⁩
warning[WARN001:unused_variable]: /Users/ianzepp/work/faberlang/worktrees/pgc-a3/gradus/src/math.fab:418
  | ⁨    const int total ← _numel_valid(f)⁩
warning[WARN003:unused_function]: /Users/ianzepp/work/faberlang/worktrees/pgc-a3/gradus/src/math.fab:103
  | ⁨fn from_shape_error(shape.ShapeError err) → MathError {⁩
warning[WARN003:unused_function]: /Users/ianzepp/work/faberlang/worktrees/pgc-a3/gradus/src/math.fab:115
  | ⁨fn from_tensor_error(tensor.TensorError err) → MathError {⁩
warning[WARN003:unused_function]: /Users/ianzepp/work/faberlang/worktrees/pgc-a3/gradus/src/math.fab:123
  | ⁨fn from_dtype_error(dtype.DTypeError err) → MathError {⁩
warning[WARN003:unused_function]: /Users/ianzepp/work/faberlang/worktrees/pgc-a3/gradus/src/math.fab:255
  | ⁨fn construct(list<f32> data, list<int> shape) → tensor.NumericBlock ⇥ MathError {⁩
warning[WARN003:unused_function]: /Users/ianzepp/work/faberlang/worktrees/pgc-a3/gradus/src/math.fab:265
  | ⁨fn add<size M, size N>(tensor<f32, [M, N]> a, tensor<f32, [M, N]> b) → tensor<f32, [M, N]> {⁩
warning[WARN003:unused_function]: /Users/ianzepp/work/faberlang/worktrees/pgc-a3/gradus/src/math.fab:275
  | ⁨fn add_carrier(tensor.NumericBlock a, tensor.NumericBlock b) → tensor.NumericBlock ⇥ MathError {⁩
warning[WARN003:unused_function]: /Users/ianzepp/work/faberlang/worktrees/pgc-a3/gradus/src/math.fab:294
  | ⁨fn sub<size M, size N>(tensor<f32, [M, N]> a, tensor<f32, [M, N]> b) → tensor<f32, [M, N]> {⁩
warning[WARN003:unused_function]: /Users/ianzepp/work/faberlang/worktrees/pgc-a3/gradus/src/math.fab:302
  | ⁨fn sub_carrier(tensor.NumericBlock a, tensor.NumericBlock b) → tensor.NumericBlock ⇥ MathError {⁩
warning[WARN003:unused_function]: /Users/ianzepp/work/faberlang/worktrees/pgc-a3/gradus/src/math.fab:321
  | ⁨fn mul<size M, size N>(tensor<f32, [M, N]> a, tensor<f32, [M, N]> b) → tensor<f32, [M, N]> {⁩
warning[WARN003:unused_function]: /Users/ianzepp/work/faberlang/worktrees/pgc-a3/gradus/src/math.fab:329
  | ⁨fn mul_carrier(tensor.NumericBlock a, tensor.NumericBlock b) → tensor.NumericBlock ⇥ MathError {⁩
warning[WARN003:unused_function]: /Users/ianzepp/work/faberlang/worktrees/pgc-a3/gradus/src/math.fab:348
  | ⁨fn div<size M, size N>(tensor<f32, [M, N]> a, tensor<f32, [M, N]> b) → tensor<f32, [M, N]> {⁩
warning[WARN003:unused_function]: /Users/ianzepp/work/faberlang/worktrees/pgc-a3/gradus/src/math.fab:356
  | ⁨fn div_carrier(tensor.NumericBlock a, tensor.NumericBlock b) → tensor.NumericBlock ⇥ MathError {⁩
warning[WARN003:unused_function]: /Users/ianzepp/work/faberlang/worktrees/pgc-a3/gradus/src/math.fab:375
  | ⁨fn neg<size M, size N>(tensor<f32, [M, N]> t) → tensor<f32, [M, N]> {⁩
warning[WARN003:unused_function]: /Users/ianzepp/work/faberlang/worktrees/pgc-a3/gradus/src/math.fab:383
  | ⁨fn neg_carrier(tensor.NumericBlock t) → tensor.NumericBlock ⇥ MathError {⁩
warning[WARN003:unused_function]: /Users/ianzepp/work/faberlang/worktrees/pgc-a3/gradus/src/math.fab:397
  | ⁨fn abs_carrier(tensor.NumericBlock t) → tensor.NumericBlock ⇥ MathError {⁩
warning[WARN003:unused_function]: /Users/ianzepp/work/faberlang/worktrees/pgc-a3/gradus/src/math.fab:416
  | ⁨fn signum_carrier(tensor.NumericBlock t) → tensor.NumericBlock ⇥ MathError {⁩
warning[WARN003:unused_function]: /Users/ianzepp/work/faberlang/worktrees/pgc-a3/gradus/src/math.fab:428
  | ⁨fn sum(tensor.NumericBlock t, int axis) → tensor.NumericBlock ⇥ MathError {⁩
warning[WARN003:unused_function]: /Users/ianzepp/work/faberlang/worktrees/pgc-a3/gradus/src/math.fab:460
  | ⁨fn mean(tensor.NumericBlock t, int axis) → tensor.NumericBlock ⇥ MathError {⁩
warning[WARN003:unused_function]: /Users/ianzepp/work/faberlang/worktrees/pgc-a3/gradus/src/math.fab:495
  | ⁨fn matmul(tensor.NumericBlock a, tensor.NumericBlock b) → tensor.NumericBlock ⇥ MathError {⁩
warning[WARN003:unused_function]: /Users/ianzepp/work/faberlang/worktrees/pgc-a3/gradus/src/math.fab:541
  | ⁨fn cast(tensor.NumericBlock t, string name) → tensor.NumericBlock ⇥ MathError {⁩
warning[WARN003:unused_function]: /Users/ianzepp/work/faberlang/worktrees/pgc-a3/gradus/src/math.fab:598
  | ⁨fn concatenate(list<tensor.NumericBlock> parts, int axis) → tensor.NumericBlock ⇥ MathError {⁩
warning[WARN003:unused_function]: /Users/ianzepp/work/faberlang/worktrees/pgc-a3/gradus/src/math.fab:658
  | ⁨fn slice(tensor.NumericBlock t, int axis, int start, int end) → tensor.NumericBlock ⇥ MathError {⁩
warning[WARN027:complexity_budget_exceeded]: /Users/ianzepp/work/faberlang/worktrees/pgc-a3/gradus/src/math.fab:495
  | ⁨fn matmul(tensor.NumericBlock a, tensor.NumericBlock b) → tensor.NumericBlock ⇥ MathError {⁩
warning[WARN027:complexity_budget_exceeded]: /Users/ianzepp/work/faberlang/worktrees/pgc-a3/gradus/src/math.fab:598
  | ⁨fn concatenate(list<tensor.NumericBlock> parts, int axis) → tensor.NumericBlock ⇥ MathError {⁩
ok: /Users/ianzepp/work/faberlang/worktrees/pgc-a3/gradus/src/math.fab
