warning: unreachable pattern
    --> macos-arm64/tests/gea3_decode.rs:1621:30
     |
1608 |         | "prefill_embedding_gather" => matches!(plan, Gea3Plan::TiledMatMul(_)),
     |           -------------------------- matches all the relevant values
...
1621 |         "embedding_gather" | "prefill_embedding_gather" => matches!(plan, Gea3Plan::TiledMatMul(_)),
     |                              ^^^^^^^^^^^^^^^^^^^^^^^^^^ no value can reach this
     |
     = note: `#[warn(unreachable_patterns)]` (part of `#[warn(unused)]`) on by default

warning: unused variable: `kv_alloc_us`
    --> macos-arm64/tests/gea3_decode.rs:4392:9
     |
4392 |     let kv_alloc_us = kv_setup_us;
     |         ^^^^^^^^^^^ help: if this is intentional, prefix it with an underscore: `_kv_alloc_us`
     |
     = note: `#[warn(unused_variables)]` (part of `#[warn(unused)]`) on by default

warning: `faber-host-macos-arm64` (test "gea3_decode") generated 2 warnings (run `cargo fix --test "gea3_decode" -p faber-host-macos-arm64` to apply 1 suggestion)
    Finished `release` profile [optimized] target(s) in 0.26s
warning: the following packages contain code that will be rejected by a future version of Rust: block v0.1.6
note: to see what the problems were, use the option `--future-incompat-report`, or run `cargo report future-incompatibilities --id 1`
     Running tests/gea3_decode.rs (target/release/deps/gea3_decode-89aed75d95c44749)

thread 'gea3_fixed1000_metal_decode_receipt' (28624074) panicked at macos-arm64/tests/gea3_decode.rs:4495:33:
GEA3 plan → DeviceDescriptor mapping failed: resource `blk.00.kv_k` carries a strided read window declaring row_stride 320 · row_count 1088 = 348160 ≠ the producer's 352000-element allocation; the declared stride must equal the producer's actual pitch (GEA3-U6 num-3 pitch-truth law)
note: run with `RUST_BACKTRACE=1` environment variable to display a backtrace
error: test failed, to rerun pass `-p faber-host-macos-arm64 --test gea3_decode`
