

Loading model... |-\ 

▄▄ ▄▄
██ ██
██ ██  ▀▀█▄ ███▄███▄  ▀▀█▄    ▄████ ████▄ ████▄
██ ██ ▄█▀██ ██ ██ ██ ▄█▀██    ██    ██ ██ ██ ██
██ ██ ▀█▄██ ██ ██ ██ ▀█▄██ ██ ▀████ ████▀ ████▀
                                    ██    ██
                                    ▀▀    ▀▀

build      : b10290-c8e03ce81
model      : /Users/ianzepp/ai/models/derived/HuggingFaceTB/SmolLM2-360M-Instruct/a10cc1512eabd3dde888204e902eca88bddb4951/SmolLM2-360M-Instruct-f32.gguf
ftype      : all F32
modalities : text

available commands:
  /exit or Ctrl+C     stop or exit
  /regen              regenerate the last response
  /clear              clear the chat history
  /read <file>        add a text file
  /glob <pattern>     add text files using globbing pattern



> The tallest mountain on Earth is
The tallest mountain on Earth is Mount Everest, which stands at an impressive 8,848.86 meters (29,031.7 feet) above sea level.

[ Prompt: 3112.0 t/s | Generation: 222.2 t/s ]


Exiting...
