warning: unreachable pattern
    --> macos-arm64/tests/gea3_decode.rs:1626:30
     |
1613 |         | "prefill_embedding_gather" => matches!(plan, Gea3Plan::TiledMatMul(_)),
     |           -------------------------- matches all the relevant values
...
1626 |         "embedding_gather" | "prefill_embedding_gather" => matches!(plan, Gea3Plan::TiledMatMul(_)),
     |                              ^^^^^^^^^^^^^^^^^^^^^^^^^^ no value can reach this
     |
     = note: `#[warn(unreachable_patterns)]` (part of `#[warn(unused)]`) on by default

warning: unused variable: `kv_alloc_us`
    --> macos-arm64/tests/gea3_decode.rs:4397:9
     |
4397 |     let kv_alloc_us = kv_setup_us;
     |         ^^^^^^^^^^^ help: if this is intentional, prefix it with an underscore: `_kv_alloc_us`
     |
     = note: `#[warn(unused_variables)]` (part of `#[warn(unused)]`) on by default

warning: `faber-host-macos-arm64` (test "gea3_decode") generated 2 warnings (run `cargo fix --test "gea3_decode" -p faber-host-macos-arm64` to apply 1 suggestion)
    Finished `release` profile [optimized] target(s) in 0.09s
warning: the following packages contain code that will be rejected by a future version of Rust: block v0.1.6
note: to see what the problems were, use the option `--future-incompat-report`, or run `cargo report future-incompatibilities --id 1`
     Running tests/gea3_decode.rs (target/release/deps/gea3_decode-a13ba37193abf9d5)
GEA3 parity timing companion: /Users/ianzepp/work/faberlang/worktrees/pgc-b2/gradus/docs/factory/perf-gap-closure/evidence/PGC-B2/retune/w16/parity-metal-m5max-fixed1000/run-002/gea3-parity-timing-companion.json
GEA3 parity timing companion: /Users/ianzepp/work/faberlang/worktrees/pgc-b2/gradus/docs/factory/perf-gap-closure/evidence/PGC-B2/retune/w16/parity-metal-m5max-fixed1000/run-002/gea3-parity-timing-companion.json
GEA3 parity timing companion: /Users/ianzepp/work/faberlang/worktrees/pgc-b2/gradus/docs/factory/perf-gap-closure/evidence/PGC-B2/retune/w16/parity-metal-m5max-fixed1000/run-002/gea3-parity-timing-companion.json
GEA3 parity timing companion: /Users/ianzepp/work/faberlang/worktrees/pgc-b2/gradus/docs/factory/perf-gap-closure/evidence/PGC-B2/retune/w16/parity-metal-m5max-fixed1000/run-002/gea3-parity-timing-companion.json
GEA3 parity timing companion: /Users/ianzepp/work/faberlang/worktrees/pgc-b2/gradus/docs/factory/perf-gap-closure/evidence/PGC-B2/retune/w16/parity-metal-m5max-fixed1000/run-002/gea3-parity-timing-companion.json
GEA3 parity timing companion: /Users/ianzepp/work/faberlang/worktrees/pgc-b2/gradus/docs/factory/perf-gap-closure/evidence/PGC-B2/retune/w16/parity-metal-m5max-fixed1000/run-002/gea3-parity-timing-companion.json
GEA3 parity timing companion: /Users/ianzepp/work/faberlang/worktrees/pgc-b2/gradus/docs/factory/perf-gap-closure/evidence/PGC-B2/retune/w16/parity-metal-m5max-fixed1000/run-002/gea3-parity-timing-companion.json
GEA3 parity timing companion: /Users/ianzepp/work/faberlang/worktrees/pgc-b2/gradus/docs/factory/perf-gap-closure/evidence/PGC-B2/retune/w16/parity-metal-m5max-fixed1000/run-002/gea3-parity-timing-companion.json
GEA3 parity timing companion: /Users/ianzepp/work/faberlang/worktrees/pgc-b2/gradus/docs/factory/perf-gap-closure/evidence/PGC-B2/retune/w16/parity-metal-m5max-fixed1000/run-002/gea3-parity-timing-companion.json
GEA3 parity timing companion: /Users/ianzepp/work/faberlang/worktrees/pgc-b2/gradus/docs/factory/perf-gap-closure/evidence/PGC-B2/retune/w16/parity-metal-m5max-fixed1000/run-002/gea3-parity-timing-companion.json
GEA3 parity timing companion: /Users/ianzepp/work/faberlang/worktrees/pgc-b2/gradus/docs/factory/perf-gap-closure/evidence/PGC-B2/retune/w16/parity-metal-m5max-fixed1000/run-002/gea3-parity-timing-companion.json
GEA3 parity timing companion: /Users/ianzepp/work/faberlang/worktrees/pgc-b2/gradus/docs/factory/perf-gap-closure/evidence/PGC-B2/retune/w16/parity-metal-m5max-fixed1000/run-002/gea3-parity-timing-companion.json
GEA3 parity timing companion: /Users/ianzepp/work/faberlang/worktrees/pgc-b2/gradus/docs/factory/perf-gap-closure/evidence/PGC-B2/retune/w16/parity-metal-m5max-fixed1000/run-002/gea3-parity-timing-companion.json
GEA3 parity timing companion: /Users/ianzepp/work/faberlang/worktrees/pgc-b2/gradus/docs/factory/perf-gap-closure/evidence/PGC-B2/retune/w16/parity-metal-m5max-fixed1000/run-002/gea3-parity-timing-companion.json
GEA3 parity timing companion: /Users/ianzepp/work/faberlang/worktrees/pgc-b2/gradus/docs/factory/perf-gap-closure/evidence/PGC-B2/retune/w16/parity-metal-m5max-fixed1000/run-002/gea3-parity-timing-companion.json
GEA3 parity timing companion: /Users/ianzepp/work/faberlang/worktrees/pgc-b2/gradus/docs/factory/perf-gap-closure/evidence/PGC-B2/retune/w16/parity-metal-m5max-fixed1000/run-002/gea3-parity-timing-companion.json
GEA3 parity timing companion: /Users/ianzepp/work/faberlang/worktrees/pgc-b2/gradus/docs/factory/perf-gap-closure/evidence/PGC-B2/retune/w16/parity-metal-m5max-fixed1000/run-002/gea3-parity-timing-companion.json
GEA3 parity timing companion: /Users/ianzepp/work/faberlang/worktrees/pgc-b2/gradus/docs/factory/perf-gap-closure/evidence/PGC-B2/retune/w16/parity-metal-m5max-fixed1000/run-002/gea3-parity-timing-companion.json
GEA3 parity timing companion: /Users/ianzepp/work/faberlang/worktrees/pgc-b2/gradus/docs/factory/perf-gap-closure/evidence/PGC-B2/retune/w16/parity-metal-m5max-fixed1000/run-002/gea3-parity-timing-companion.json
GEA3 parity timing companion: /Users/ianzepp/work/faberlang/worktrees/pgc-b2/gradus/docs/factory/perf-gap-closure/evidence/PGC-B2/retune/w16/parity-metal-m5max-fixed1000/run-002/gea3-parity-timing-companion.json
GEA3 parity timing companion: /Users/ianzepp/work/faberlang/worktrees/pgc-b2/gradus/docs/factory/perf-gap-closure/evidence/PGC-B2/retune/w16/parity-metal-m5max-fixed1000/run-002/gea3-parity-timing-companion.json
GEA3 parity timing companion: /Users/ianzepp/work/faberlang/worktrees/pgc-b2/gradus/docs/factory/perf-gap-closure/evidence/PGC-B2/retune/w16/parity-metal-m5max-fixed1000/run-002/gea3-parity-timing-companion.json
GEA3 parity timing companion: /Users/ianzepp/work/faberlang/worktrees/pgc-b2/gradus/docs/factory/perf-gap-closure/evidence/PGC-B2/retune/w16/parity-metal-m5max-fixed1000/run-002/gea3-parity-timing-companion.json
GEA3 parity timing companion: /Users/ianzepp/work/faberlang/worktrees/pgc-b2/gradus/docs/factory/perf-gap-closure/evidence/PGC-B2/retune/w16/parity-metal-m5max-fixed1000/run-002/gea3-parity-timing-companion.json
GEA3 parity timing companion: /Users/ianzepp/work/faberlang/worktrees/pgc-b2/gradus/docs/factory/perf-gap-closure/evidence/PGC-B2/retune/w16/parity-metal-m5max-fixed1000/run-002/gea3-parity-timing-companion.json
GEA3 parity timing companion: /Users/ianzepp/work/faberlang/worktrees/pgc-b2/gradus/docs/factory/perf-gap-closure/evidence/PGC-B2/retune/w16/parity-metal-m5max-fixed1000/run-002/gea3-parity-timing-companion.json
GEA3 parity timing companion: /Users/ianzepp/work/faberlang/worktrees/pgc-b2/gradus/docs/factory/perf-gap-closure/evidence/PGC-B2/retune/w16/parity-metal-m5max-fixed1000/run-002/gea3-parity-timing-companion.json
GEA3 parity timing companion: /Users/ianzepp/work/faberlang/worktrees/pgc-b2/gradus/docs/factory/perf-gap-closure/evidence/PGC-B2/retune/w16/parity-metal-m5max-fixed1000/run-002/gea3-parity-timing-companion.json
GEA3 parity timing companion: /Users/ianzepp/work/faberlang/worktrees/pgc-b2/gradus/docs/factory/perf-gap-closure/evidence/PGC-B2/retune/w16/parity-metal-m5max-fixed1000/run-002/gea3-parity-timing-companion.json
GEA3 parity timing companion: /Users/ianzepp/work/faberlang/worktrees/pgc-b2/gradus/docs/factory/perf-gap-closure/evidence/PGC-B2/retune/w16/parity-metal-m5max-fixed1000/run-002/gea3-parity-timing-companion.json
GEA3 parity timing companion: /Users/ianzepp/work/faberlang/worktrees/pgc-b2/gradus/docs/factory/perf-gap-closure/evidence/PGC-B2/retune/w16/parity-metal-m5max-fixed1000/run-002/gea3-parity-timing-companion.json
GEA3 parity timing companion: /Users/ianzepp/work/faberlang/worktrees/pgc-b2/gradus/docs/factory/perf-gap-closure/evidence/PGC-B2/retune/w16/parity-metal-m5max-fixed1000/run-002/gea3-parity-timing-companion.json
GEA3 parity timing companion: /Users/ianzepp/work/faberlang/worktrees/pgc-b2/gradus/docs/factory/perf-gap-closure/evidence/PGC-B2/retune/w16/parity-metal-m5max-fixed1000/run-002/gea3-parity-timing-companion.json
GEA3 parity timing companion: /Users/ianzepp/work/faberlang/worktrees/pgc-b2/gradus/docs/factory/perf-gap-closure/evidence/PGC-B2/retune/w16/parity-metal-m5max-fixed1000/run-002/gea3-parity-timing-companion.json
GEA3 parity timing companion: /Users/ianzepp/work/faberlang/worktrees/pgc-b2/gradus/docs/factory/perf-gap-closure/evidence/PGC-B2/retune/w16/parity-metal-m5max-fixed1000/run-002/gea3-parity-timing-companion.json
GEA3 parity timing companion: /Users/ianzepp/work/faberlang/worktrees/pgc-b2/gradus/docs/factory/perf-gap-closure/evidence/PGC-B2/retune/w16/parity-metal-m5max-fixed1000/run-002/gea3-parity-timing-companion.json
GEA3 parity timing companion: /Users/ianzepp/work/faberlang/worktrees/pgc-b2/gradus/docs/factory/perf-gap-closure/evidence/PGC-B2/retune/w16/parity-metal-m5max-fixed1000/run-002/gea3-parity-timing-companion.json
GEA3 parity timing companion: /Users/ianzepp/work/faberlang/worktrees/pgc-b2/gradus/docs/factory/perf-gap-closure/evidence/PGC-B2/retune/w16/parity-metal-m5max-fixed1000/run-002/gea3-parity-timing-companion.json
GEA3 parity timing companion: /Users/ianzepp/work/faberlang/worktrees/pgc-b2/gradus/docs/factory/perf-gap-closure/evidence/PGC-B2/retune/w16/parity-metal-m5max-fixed1000/run-002/gea3-parity-timing-companion.json
GEA3 parity timing companion: /Users/ianzepp/work/faberlang/worktrees/pgc-b2/gradus/docs/factory/perf-gap-closure/evidence/PGC-B2/retune/w16/parity-metal-m5max-fixed1000/run-002/gea3-parity-timing-companion.json
GEA3 physical Metal receipt: /Users/ianzepp/work/faberlang/worktrees/pgc-b2/gradus/docs/factory/perf-gap-closure/evidence/PGC-B2/retune/w16/parity-metal-m5max-fixed1000/run-002/faber-gea3-metal-receipt.json
GEA3 parity timing companion: /Users/ianzepp/work/faberlang/worktrees/pgc-b2/gradus/docs/factory/perf-gap-closure/evidence/PGC-B2/retune/w16/parity-metal-m5max-fixed1000/run-002/gea3-parity-timing-companion.json
